data/pricing_data.csv
week,department,sub_department,sku,product,gt_price,gt_regular_price,cost,promo_flag,units,walmart_price,nofrills_price,dollarama_price
2024-01-01,Grocery,Dairy,SKU1005,2% Milk 2L,6.7,6.7,4.88,0,96,6.76,6.61,6.61
2024-01-08,Grocery,Dairy,SKU1005,2% Milk 2L,7.02,7.02,4.87,0,119,7.0,7.02,6.57
2024-01-15,Grocery,Dairy,SKU1005,2% Milk 2L,7.1,7.1,4.86,0,128,7.12,6.76,6.42
2024-01-22,Grocery,Dairy,SKU1005,2% Milk 2L,5.21,6.87,4.88,1,281,7.06,7.22,6.25
2024-01-29,Grocery,Dairy,SKU1005,2% Milk 2L,6.92,6.92,4.89,0,84,7.17,6.77,6.69
2024-02-05,Grocery,Dairy,SKU1005,2% Milk 2L,6.75,6.75,4.89,0,66,6.94,7.12,6.91
2024-02-12,Grocery,Dairy,SKU1005,2% Milk 2L,7.18,7.18,4.89,0,160,6.81,6.83,6.54
2024-02-19,Grocery,Dairy,SKU1005,2% Milk 2L,7.12,7.12,4.9,0,166,7.21,7.34,6.71
2024-02-26,Grocery,Dairy,SKU1005,2% Milk 2L,7.13,7.13,4.92,0,167,6.77,6.88,7.19
2024-03-04,Grocery,Dairy,SKU1005,2% Milk 2L,5.94,7.11,4.91,1,196,6.91,7.01,6.4
2024-03-11,Grocery,Dairy,SKU1005,2% Milk 2L,7.1,7.1,4.91,0,210,7.25,6.96,6.9
2024-03-18,Grocery,Dairy,SKU1005,2% Milk 2L,6.99,6.99,4.91,0,56,7.02,7.0,6.82
2024-03-25,Grocery,Dairy,SKU1005,2% Milk 2L,7.29,7.29,4.91,0,93,7.15,7.49,6.84
2024-04-01,Grocery,Dairy,SKU1005,2% Milk 2L,7.02,7.02,4.92,0,71,7.15,6.89,6.84
2024-04-08,Grocery,Dairy,SKU1005,2% Milk 2L,7.17,7.17,4.92,0,145,6.92,7.17,6.58
2024-04-15,Grocery,Dairy,SKU1005,2% Milk 2L,7.03,7.03,4.93,0,112,6.85,7.29,6.45
2024-04-22,Grocery,Dairy,SKU1005,2% Milk 2L,7.58,7.58,4.93,0,160,6.75,7.1,6.44
2024-04-29,Grocery,Dairy,SKU1005,2% Milk 2L,6.8,6.8,4.94,0,167,7.49,6.94,6.41
2024-05-06,Grocery,Dairy,SKU1005,2% Milk 2L,7.31,7.31,4.96,0,58,7.14,7.08,6.54
2024-05-13,Grocery,Dairy,SKU1005,2% Milk 2L,7.25,7.25,4.96,0,172,6.89,6.9,6.93
2024-05-20,Grocery,Dairy,SKU1005,2% Milk 2L,6.95,6.95,4.96,0,118,6.87,7.23,6.6
2024-05-27,Grocery,Dairy,SKU1005,2% Milk 2L,7.11,7.11,4.98,0,84,7.25,6.62,6.67
2024-06-03,Grocery,Dairy,SKU1005,2% Milk 2L,7.25,7.25,4.96,0,222,7.18,6.61,6.52
2024-06-10,Grocery,Dairy,SKU1005,2% Milk 2L,6.93,6.93,4.96,0,144,6.83,6.95,6.47
2024-06-17,Grocery,Dairy,SKU1005,2% Milk 2L,6.91,6.91,4.97,0,115,6.78,7.15,6.32
2024-06-24,Grocery,Dairy,SKU1005,2% Milk 2L,6.96,6.96,4.97,0,101,6.88,6.93,6.36
2024-07-01,Grocery,Dairy,SKU1005,2% Milk 2L,6.1,6.85,4.99,1,352,6.87,6.66,6.47
2024-07-08,Grocery,Dairy,SKU1005,2% Milk 2L,7.26,7.26,4.98,0,100,6.86,7.07,6.59
2024-07-15,Grocery,Dairy,SKU1005,2% Milk 2L,6.87,6.87,4.99,0,140,6.88,6.79,6.43
2024-07-22,Grocery,Dairy,SKU1005,2% Milk 2L,6.71,6.71,4.98,0,103,6.47,6.6,6.3
2024-07-29,Grocery,Dairy,SKU1005,2% Milk 2L,6.45,6.45,5.01,0,158,6.6,6.51,6.25
2024-08-05,Grocery,Dairy,SKU1005,2% Milk 2L,6.57,6.57,5.0,0,163,6.9,6.52,6.06
2024-08-12,Grocery,Dairy,SKU1005,2% Milk 2L,6.58,6.58,5.02,0,78,6.45,6.51,6.1
2024-08-19,Grocery,Dairy,SKU1005,2% Milk 2L,6.68,6.68,5.01,0,201,6.57,6.6,6.36
2024-08-26,Grocery,Dairy,SKU1005,2% Milk 2L,6.5,6.5,5.02,0,79,6.35,6.58,6.3
2024-09-02,Grocery,Dairy,SKU1005,2% Milk 2L,6.49,6.49,5.02,0,212,6.43,6.81,5.96
2024-09-09,Grocery,Dairy,SKU1005,2% Milk 2L,6.69,6.69,5.02,0,154,6.59,6.5,6.09
2024-09-16,Grocery,Dairy,SKU1005,2% Milk 2L,6.39,6.39,5.01,0,180,6.86,6.49,6.0
2024-09-23,Grocery,Dairy,SKU1005,2% Milk 2L,6.46,6.46,5.03,0,189,6.39,6.61,6.2
2024-09-30,Grocery,Dairy,SKU1005,2% Milk 2L,6.62,6.62,5.04,0,180,6.7,6.48,6.26
2024-10-07,Grocery,Dairy,SKU1005,2% Milk 2L,4.87,6.46,5.05,1,134,6.6,6.34,6.01
2024-10-14,Grocery,Dairy,SKU1005,2% Milk 2L,6.68,6.68,5.05,0,100,6.35,6.44,5.96
2024-10-21,Grocery,Dairy,SKU1005,2% Milk 2L,6.58,6.58,5.09,0,191,6.68,6.52,5.95
2024-10-28,Grocery,Dairy,SKU1005,2% Milk 2L,6.63,6.63,5.05,0,87,6.15,6.6,6.65
2024-11-04,Grocery,Dairy,SKU1005,2% Milk 2L,6.18,6.75,5.05,1,326,6.31,6.4,6.25
2024-11-11,Grocery,Dairy,SKU1005,2% Milk 2L,6.62,6.62,5.07,0,231,6.58,6.75,6.12
2024-11-18,Grocery,Dairy,SKU1005,2% Milk 2L,6.79,6.79,5.05,0,100,6.45,6.45,6.22
2024-11-25,Grocery,Dairy,SKU1005,2% Milk 2L,6.63,6.63,5.07,0,96,6.17,6.98,6.18
2024-12-02,Grocery,Dairy,SKU1005,2% Milk 2L,6.93,6.93,5.08,0,131,6.79,6.81,6.15
2024-12-09,Grocery,Dairy,SKU1005,2% Milk 2L,7.06,7.06,5.08,0,59,6.48,6.3,6.48
2024-12-16,Grocery,Dairy,SKU1005,2% Milk 2L,6.83,6.83,5.09,0,187,6.55,6.69,6.41
2024-12-23,Grocery,Dairy,SKU1005,2% Milk 2L,7.02,7.02,5.08,0,84,7.16,6.79,6.87
2024-12-30,Grocery,Dairy,SKU1005,2% Milk 2L,6.9,6.9,5.09,0,152,7.0,6.54,6.52
2025-01-06,Grocery,Dairy,SKU1005,2% Milk 2L,6.86,6.86,5.09,0,215,6.68,6.75,6.35
2025-01-13,Grocery,Dairy,SKU1005,2% Milk 2L,5.63,6.96,5.1,1,451,6.9,7.02,6.73
2025-01-20,Grocery,Dairy,SKU1005,2% Milk 2L,7.35,7.35,5.11,0,252,7.2,6.69,6.94
2025-01-27,Grocery,Dairy,SKU1005,2% Milk 2L,6.8,6.8,5.13,0,133,6.96,6.71,6.4
2025-02-03,Grocery,Dairy,SKU1005,2% Milk 2L,5.86,7.05,5.11,1,157,7.04,7.42,6.76
2025-02-10,Grocery,Dairy,SKU1005,2% Milk 2L,7.43,7.43,5.12,0,189,7.21,7.01,6.66
2025-02-17,Grocery,Dairy,SKU1005,2% Milk 2L,7.18,7.18,5.12,0,217,6.69,6.91,7.02
2025-02-24,Grocery,Dairy,SKU1005,2% Milk 2L,6.96,6.96,5.13,0,71,6.81,7.2,6.47
2025-03-03,Grocery,Dairy,SKU1005,2% Milk 2L,6.52,7.09,5.14,1,136,6.44,7.08,6.67
2025-03-10,Grocery,Dairy,SKU1005,2% Milk 2L,7.0,7.0,5.13,0,45,7.73,6.99,6.81
2025-03-17,Grocery,Dairy,SKU1005,2% Milk 2L,7.05,7.05,5.15,0,98,7.21,6.77,7.19
2025-03-24,Grocery,Dairy,SKU1005,2% Milk 2L,6.88,6.88,5.15,0,150,6.93,7.1,6.69
2025-03-31,Grocery,Dairy,SKU1005,2% Milk 2L,7.26,7.26,5.14,0,67,6.85,6.63,6.84
2025-04-07,Grocery,Dairy,SKU1005,2% Milk 2L,7.14,7.14,5.16,0,63,6.9,7.32,6.7
2025-04-14,Grocery,Dairy,SKU1005,2% Milk 2L,7.18,7.18,5.17,0,148,6.59,7.34,6.87
2025-04-21,Grocery,Dairy,SKU1005,2% Milk 2L,6.99,6.99,5.16,0,104,7.45,7.32,6.3
2025-04-28,Grocery,Dairy,SKU1005,2% Milk 2L,7.17,7.17,5.18,0,222,7.18,7.0,6.94
2025-05-05,Grocery,Dairy,SKU1005,2% Milk 2L,7.04,7.04,5.18,0,142,7.34,6.9,6.58
2025-05-12,Grocery,Dairy,SKU1005,2% Milk 2L,7.38,7.38,5.19,0,153,7.0,6.99,6.58
2025-05-19,Grocery,Dairy,SKU1005,2% Milk 2L,7.12,7.12,5.18,0,76,6.51,7.24,6.56
2025-05-26,Grocery,Dairy,SKU1005,2% Milk 2L,7.22,7.22,5.18,0,90,7.05,7.33,6.93
2025-06-02,Grocery,Dairy,SKU1005,2% Milk 2L,6.96,6.96,5.2,0,188,6.54,6.86,6.24
2025-06-09,Grocery,Dairy,SKU1005,2% Milk 2L,6.86,6.86,5.2,0,240,7.1,6.9,6.81
2025-06-16,Grocery,Dairy,SKU1005,2% Milk 2L,6.9,6.9,5.2,0,209,6.78,6.61,6.57
2025-06-23,Grocery,Dairy,SKU1005,2% Milk 2L,6.77,6.77,5.2,0,80,6.81,6.91,6.96
2025-06-30,Grocery,Dairy,SKU1005,2% Milk 2L,6.88,6.88,5.21,0,127,6.89,6.61,6.6
2025-07-07,Grocery,Dairy,SKU1005,2% Milk 2L,6.87,6.87,5.22,0,260,6.66,7.26,6.73
2025-07-14,Grocery,Dairy,SKU1005,2% Milk 2L,6.79,6.79,5.21,0,153,6.66,6.68,6.44
2025-07-21,Grocery,Dairy,SKU1005,2% Milk 2L,6.77,6.77,5.23,0,196,6.67,7.17,6.27
2025-07-28,Grocery,Dairy,SKU1005,2% Milk 2L,6.75,6.75,5.24,0,254,6.52,6.44,5.92
2025-08-04,Grocery,Dairy,SKU1005,2% Milk 2L,6.72,6.72,5.24,0,131,6.42,6.5,6.48
2025-08-11,Grocery,Dairy,SKU1005,2% Milk 2L,6.51,6.51,5.24,0,103,6.78,6.65,6.28
2025-08-18,Grocery,Dairy,SKU1005,2% Milk 2L,6.67,6.67,5.23,0,116,6.58,6.84,6.06
2025-08-25,Grocery,Dairy,SKU1005,2% Milk 2L,5.89,6.74,5.23,1,345,6.91,6.32,6.28
2025-09-01,Grocery,Dairy,SKU1005,2% Milk 2L,6.63,6.63,5.25,0,238,6.12,6.36,6.34
2025-09-08,Grocery,Dairy,SKU1005,2% Milk 2L,6.69,6.69,5.27,0,153,6.71,6.44,6.11
2025-09-15,Grocery,Dairy,SKU1005,2% Milk 2L,6.58,6.58,5.26,0,58,6.16,6.6,6.01
2025-09-22,Grocery,Dairy,SKU1005,2% Milk 2L,6.8,6.8,5.25,0,93,6.58,6.61,6.17
2025-09-29,Grocery,Dairy,SKU1005,2% Milk 2L,6.5,6.5,5.26,0,168,6.5,6.32,5.69
2025-10-06,Grocery,Dairy,SKU1005,2% Milk 2L,6.74,6.74,5.27,0,85,6.35,6.57,6.25
2025-10-13,Grocery,Dairy,SKU1005,2% Milk 2L,6.5,6.5,5.29,0,117,6.36,6.63,6.32
2025-10-20,Grocery,Dairy,SKU1005,2% Milk 2L,6.59,6.59,5.29,0,119,6.42,6.61,6.14
2025-10-27,Grocery,Dairy,SKU1005,2% Milk 2L,6.48,6.48,5.26,0,254,6.81,6.4,6.03
2025-11-03,Grocery,Dairy,SKU1005,2% Milk 2L,6.75,6.75,5.29,0,82,6.28,6.56,6.25
2025-11-10,Grocery,Dairy,SKU1005,2% Milk 2L,6.43,6.43,5.3,0,109,6.22,6.14,5.85
2025-11-17,Grocery,Dairy,SKU1005,2% Milk 2L,6.69,6.69,5.3,0,166,6.54,6.58,6.68
2025-11-24,Grocery,Dairy,SKU1005,2% Milk 2L,6.56,6.56,5.31,0,171,6.4,6.65,6.24
2025-12-01,Grocery,Dairy,SKU1005,2% Milk 2L,5.65,6.47,5.31,1,196,6.29,6.54,6.08
2025-12-08,Grocery,Dairy,SKU1005,2% Milk 2L,6.78,6.78,5.31,0,197,7.03,6.99,6.86
2025-12-15,Grocery,Dairy,SKU1005,2% Milk 2L,6.76,6.76,5.3,0,233,6.57,6.85,6.33
2025-12-22,Grocery,Dairy,SKU1005,2% Milk 2L,6.64,6.64,5.32,0,161,6.55,6.61,6.26
2024-01-01,Grocery,Dairy,SKU1006,Greek Yogurt,11.74,11.74,7.69,0,161,11.38,11.62,10.77
2024-01-08,Grocery,Dairy,SKU1006,Greek Yogurt,11.34,11.34,7.69,0,237,11.44,11.51,10.88
2024-01-15,Grocery,Dairy,SKU1006,Greek Yogurt,11.88,11.88,7.7,0,35,11.13,11.35,11.55
2024-01-22,Grocery,Dairy,SKU1006,Greek Yogurt,11.75,11.75,7.68,0,67,11.25,11.26,10.89
2024-01-29,Grocery,Dairy,SKU1006,Greek Yogurt,11.46,11.46,7.69,0,236,11.22,12.21,10.08
2024-02-05,Grocery,Dairy,SKU1006,Greek Yogurt,11.85,11.85,7.72,0,156,11.53,11.71,11.12
2024-02-12,Grocery,Dairy,SKU1006,Greek Yogurt,11.89,11.89,7.75,0,158,10.91,11.95,11.15
2024-02-19,Grocery,Dairy,SKU1006,Greek Yogurt,12.61,12.61,7.75,0,141,11.34,11.61,11.28
2024-02-26,Grocery,Dairy,SKU1006,Greek Yogurt,12.08,12.08,7.76,0,96,12.18,11.37,11.89
2024-03-04,Grocery,Dairy,SKU1006,Greek Yogurt,11.9,11.9,7.73,0,131,11.93,11.49,10.73
2024-03-11,Grocery,Dairy,SKU1006,Greek Yogurt,11.93,11.93,7.75,0,71,11.71,11.25,10.74
2024-03-18,Grocery,Dairy,SKU1006,Greek Yogurt,12.11,12.11,7.76,0,223,11.75,12.32,10.99
2024-03-25,Grocery,Dairy,SKU1006,Greek Yogurt,12.27,12.27,7.74,0,147,11.94,12.11,11.31
2024-04-01,Grocery,Dairy,SKU1006,Greek Yogurt,12.03,12.03,7.77,0,121,11.77,11.94,11.18
2024-04-08,Grocery,Dairy,SKU1006,Greek Yogurt,11.87,11.87,7.76,0,212,12.0,11.41,11.14
2024-04-15,Grocery,Dairy,SKU1006,Greek Yogurt,11.65,11.65,7.76,0,81,11.64,12.31,10.57
2024-04-22,Grocery,Dairy,SKU1006,Greek Yogurt,12.0,12.0,7.77,0,79,10.94,11.42,11.62
2024-04-29,Grocery,Dairy,SKU1006,Greek Yogurt,11.87,11.87,7.79,0,123,12.12,12.25,11.55
2024-05-06,Grocery,Dairy,SKU1006,Greek Yogurt,11.76,11.76,7.8,0,81,11.59,12.23,10.68
2024-05-13,Grocery,Dairy,SKU1006,Greek Yogurt,11.79,11.79,7.84,0,44,11.95,11.57,11.31
2024-05-20,Grocery,Dairy,SKU1006,Greek Yogurt,11.65,11.65,7.82,0,147,11.04,11.21,10.68
2024-05-27,Grocery,Dairy,SKU1006,Greek Yogurt,11.82,11.82,7.83,0,176,11.58,11.38,10.91
2024-06-03,Grocery,Dairy,SKU1006,Greek Yogurt,11.66,11.66,7.83,0,143,11.82,11.22,10.76
2024-06-10,Grocery,Dairy,SKU1006,Greek Yogurt,11.71,11.71,7.87,0,118,11.32,10.86,11.03
2024-06-17,Grocery,Dairy,SKU1006,Greek Yogurt,11.67,11.67,7.83,0,86,11.15,11.41,10.59
2024-06-24,Grocery,Dairy,SKU1006,Greek Yogurt,11.63,11.63,7.85,0,106,11.46,11.69,11.35
2024-07-01,Grocery,Dairy,SKU1006,Greek Yogurt,11.87,11.87,7.84,0,70,11.81,11.62,11.45
2024-07-08,Grocery,Dairy,SKU1006,Greek Yogurt,11.69,11.69,7.87,0,86,11.07,11.5,10.26
2024-07-15,Grocery,Dairy,SKU1006,Greek Yogurt,11.2,11.2,7.88,0,112,10.84,11.64,10.91
2024-07-22,Grocery,Dairy,SKU1006,Greek Yogurt,11.28,11.28,7.89,0,78,10.42,11.53,11.29
2024-07-29,Grocery,Dairy,SKU1006,Greek Yogurt,11.28,11.28,7.87,0,95,11.11,10.97,10.35
2024-08-05,Grocery,Dairy,SKU1006,Greek Yogurt,10.94,10.94,7.89,0,227,10.35,11.25,9.47
2024-08-12,Grocery,Dairy,SKU1006,Greek Yogurt,11.49,11.49,7.9,0,92,11.04,11.02,9.83
2024-08-19,Grocery,Dairy,SKU1006,Greek Yogurt,8.25,10.82,7.92,1,350,11.0,10.32,10.26
2024-08-26,Grocery,Dairy,SKU1006,Greek Yogurt,10.85,10.85,7.92,0,119,10.48,10.8,10.24
2024-09-02,Grocery,Dairy,SKU1006,Greek Yogurt,10.62,10.62,7.94,0,44,10.42,10.89,10.5
2024-09-09,Grocery,Dairy,SKU1006,Greek Yogurt,10.84,10.84,7.92,0,241,10.62,10.51,10.64
2024-09-16,Grocery,Dairy,SKU1006,Greek Yogurt,10.51,10.51,7.95,0,46,10.66,10.75,10.53
2024-09-23,Grocery,Dairy,SKU1006,Greek Yogurt,10.56,10.56,7.94,0,134,10.22,11.05,10.02
2024-09-30,Grocery,Dairy,SKU1006,Greek Yogurt,10.69,10.69,7.96,0,44,10.0,11.26,10.56
2024-10-07,Grocery,Dairy,SKU1006,Greek Yogurt,10.87,10.87,7.95,0,40,10.47,10.83,10.27
2024-10-14,Grocery,Dairy,SKU1006,Greek Yogurt,10.99,10.99,7.97,0,155,10.37,10.73,10.16
2024-10-21,Grocery,Dairy,SKU1006,Greek Yogurt,11.25,11.25,7.97,0,82,10.75,11.5,10.23
2024-10-28,Grocery,Dairy,SKU1006,Greek Yogurt,10.86,10.86,7.99,0,51,10.37,10.59,10.29
2024-11-04,Grocery,Dairy,SKU1006,Greek Yogurt,10.64,10.64,7.99,0,96,11.38,10.93,10.44
2024-11-11,Grocery,Dairy,SKU1006,Greek Yogurt,11.28,11.28,7.99,0,32,10.4,10.49,9.99
2024-11-18,Grocery,Dairy,SKU1006,Greek Yogurt,10.95,10.95,7.99,0,68,10.65,10.8,10.54
2024-11-25,Grocery,Dairy,SKU1006,Greek Yogurt,11.27,11.27,7.98,0,172,11.17,10.94,10.22
2024-12-02,Grocery,Dairy,SKU1006,Greek Yogurt,11.13,11.13,7.99,0,227,11.34,11.12,10.86
2024-12-09,Grocery,Dairy,SKU1006,Greek Yogurt,11.43,11.43,8.02,0,211,10.92,11.1,10.79
2024-12-16,Grocery,Dairy,SKU1006,Greek Yogurt,11.46,11.46,8.02,0,222,11.25,10.44,10.48
2024-12-23,Grocery,Dairy,SKU1006,Greek Yogurt,11.14,11.14,8.04,0,123,11.13,11.69,10.88
2024-12-30,Grocery,Dairy,SKU1006,Greek Yogurt,11.2,11.2,8.01,0,109,10.67,11.84,10.78
2025-01-06,Grocery,Dairy,SKU1006,Greek Yogurt,11.51,11.51,8.04,0,60,11.75,11.58,10.88
2025-01-13,Grocery,Dairy,SKU1006,Greek Yogurt,11.65,11.65,8.06,0,70,11.2,11.31,10.94
2025-01-20,Grocery,Dairy,SKU1006,Greek Yogurt,8.9,11.65,8.07,1,185,11.39,11.55,10.57
2025-01-27,Grocery,Dairy,SKU1006,Greek Yogurt,11.86,11.86,8.05,0,119,11.15,11.47,11.01
2025-02-03,Grocery,Dairy,SKU1006,Greek Yogurt,11.59,11.59,8.08,0,195,11.14,11.43,11.05
2025-02-10,Grocery,Dairy,SKU1006,Greek Yogurt,11.95,11.95,8.09,0,198,11.25,11.35,11.46
2025-02-17,Grocery,Dairy,SKU1006,Greek Yogurt,11.89,11.89,8.08,0,247,12.08,11.97,11.26
2025-02-24,Grocery,Dairy,SKU1006,Greek Yogurt,11.7,11.7,8.08,0,266,12.4,11.57,11.11
2025-03-03,Grocery,Dairy,SKU1006,Greek Yogurt,11.99,11.99,8.09,0,177,12.0,12.13,11.62
2025-03-10,Grocery,Dairy,SKU1006,Greek Yogurt,12.39,12.39,8.09,0,184,11.76,12.43,11.93
2025-03-17,Grocery,Dairy,SKU1006,Greek Yogurt,12.09,12.09,8.1,0,138,11.82,12.04,11.58
2025-03-24,Grocery,Dairy,SKU1006,Greek Yogurt,12.31,12.31,8.13,0,162,12.07,11.65,11.63
2025-03-31,Grocery,Dairy,SKU1006,Greek Yogurt,11.68,11.68,8.11,0,208,11.63,11.76,12.03
2025-04-07,Grocery,Dairy,SKU1006,Greek Yogurt,9.41,12.43,8.14,1,207,11.43,11.61,11.62
2025-04-14,Grocery,Dairy,SKU1006,Greek Yogurt,12.13,12.13,8.13,0,237,11.53,11.9,11.54
2025-04-21,Grocery,Dairy,SKU1006,Greek Yogurt,12.36,12.36,8.13,0,90,12.45,11.97,11.2
2025-04-28,Grocery,Dairy,SKU1006,Greek Yogurt,12.36,12.36,8.16,0,200,11.79,12.31,11.6
2025-05-05,Grocery,Dairy,SKU1006,Greek Yogurt,12.43,12.43,8.17,0,129,11.4,11.83,11.81
2025-05-12,Grocery,Dairy,SKU1006,Greek Yogurt,11.6,11.6,8.18,0,58,11.73,12.34,11.54
2025-05-19,Grocery,Dairy,SKU1006,Greek Yogurt,8.89,11.71,8.2,1,320,11.56,11.65,10.31
2025-05-26,Grocery,Dairy,SKU1006,Greek Yogurt,11.93,11.93,8.15,0,253,11.8,12.17,10.92
2025-06-02,Grocery,Dairy,SKU1006,Greek Yogurt,11.47,11.47,8.22,0,121,11.14,11.48,11.52
2025-06-09,Grocery,Dairy,SKU1006,Greek Yogurt,11.8,11.8,8.2,0,67,12.21,11.96,11.22
2025-06-16,Grocery,Dairy,SKU1006,Greek Yogurt,11.64,11.64,8.19,0,147,11.66,11.19,10.64
2025-06-23,Grocery,Dairy,SKU1006,Greek Yogurt,11.44,11.44,8.23,0,124,11.82,11.1,10.86
2025-06-30,Grocery,Dairy,SKU1006,Greek Yogurt,11.63,11.63,8.22,0,196,11.01,11.51,11.05
2025-07-07,Grocery,Dairy,SKU1006,Greek Yogurt,11.23,11.23,8.24,0,97,10.9,11.37,10.11
2025-07-14,Grocery,Dairy,SKU1006,Greek Yogurt,11.0,11.0,8.25,0,187,11.06,11.26,10.88
2025-07-21,Grocery,Dairy,SKU1006,Greek Yogurt,11.04,11.04,8.24,0,99,11.0,10.79,10.95
2025-07-28,Grocery,Dairy,SKU1006,Greek Yogurt,10.8,10.8,8.23,0,104,10.95,11.36,11.23
2025-08-04,Grocery,Dairy,SKU1006,Greek Yogurt,11.45,11.45,8.23,0,93,10.92,11.2,10.77
2025-08-11,Grocery,Dairy,SKU1006,Greek Yogurt,11.23,11.23,8.25,0,186,10.49,10.31,10.28
2025-08-18,Grocery,Dairy,SKU1006,Greek Yogurt,11.21,11.21,8.28,0,128,10.47,11.0,9.66
2025-08-25,Grocery,Dairy,SKU1006,Greek Yogurt,11.17,11.17,8.28,0,56,10.72,10.56,10.49
2025-09-01,Grocery,Dairy,SKU1006,Greek Yogurt,10.67,10.67,8.29,0,53,10.84,10.67,10.34
2025-09-08,Grocery,Dairy,SKU1006,Greek Yogurt,11.18,11.18,8.31,0,51,10.61,10.9,10.81
2025-09-15,Grocery,Dairy,SKU1006,Greek Yogurt,10.84,10.84,8.3,0,46,10.66,10.08,10.23
2025-09-22,Grocery,Dairy,SKU1006,Greek Yogurt,10.68,10.68,8.3,0,158,10.45,10.65,9.53
2025-09-29,Grocery,Dairy,SKU1006,Greek Yogurt,10.9,10.9,8.33,0,142,10.74,10.93,10.38
2025-10-06,Grocery,Dairy,SKU1006,Greek Yogurt,11.08,11.08,8.32,0,90,10.55,10.82,10.71
2025-10-13,Grocery,Dairy,SKU1006,Greek Yogurt,11.02,11.02,8.32,0,85,10.7,10.4,10.47
2025-10-20,Grocery,Dairy,SKU1006,Greek Yogurt,10.71,10.71,8.34,0,157,10.74,10.91,9.87
2025-10-27,Grocery,Dairy,SKU1006,Greek Yogurt,11.47,11.47,8.35,0,72,11.08,10.59,10.41
2025-11-03,Grocery,Dairy,SKU1006,Greek Yogurt,10.93,10.93,8.34,0,61,10.7,11.04,10.1
2025-11-10,Grocery,Dairy,SKU1006,Greek Yogurt,8.5,10.89,8.37,1,120,11.51,11.91,10.67
2025-11-17,Grocery,Dairy,SKU1006,Greek Yogurt,11.23,11.23,8.35,0,170,11.16,10.87,9.91
2025-11-24,Grocery,Dairy,SKU1006,Greek Yogurt,10.44,11.56,8.36,1,69,11.35,11.24,10.72
2025-12-01,Grocery,Dairy,SKU1006,Greek Yogurt,11.61,11.61,8.37,0,103,10.83,11.31,10.78
2025-12-08,Grocery,Dairy,SKU1006,Greek Yogurt,11.66,11.66,8.38,0,124,11.22,11.13,11.25
2025-12-15,Grocery,Dairy,SKU1006,Greek Yogurt,11.61,11.61,8.37,0,271,11.2,11.36,10.87
2025-12-22,Grocery,Dairy,SKU1006,Greek Yogurt,11.25,11.25,8.39,0,128,10.88,11.0,10.48
