data/pricing_data.csv
week,department,sub_department,sku,product,gt_price,gt_regular_price,cost,promo_flag,units,walmart_price,nofrills_price,dollarama_price
2024-01-01,Grocery,Dairy,SKU1007,Cheddar 400g,3.5,3.5,1.9,0,197,3.4,3.15,3.23
2024-01-08,Grocery,Dairy,SKU1007,Cheddar 400g,3.43,3.43,1.89,0,161,3.1,3.42,3.32
2024-01-15,Grocery,Dairy,SKU1007,Cheddar 400g,3.38,3.38,1.89,0,224,3.49,3.2,3.08
2024-01-22,Grocery,Dairy,SKU1007,Cheddar 400g,3.25,3.25,1.89,0,175,3.37,3.29,3.16
2024-01-29,Grocery,Dairy,SKU1007,Cheddar 400g,3.42,3.42,1.9,0,205,3.33,3.42,3.32
2024-02-05,Grocery,Dairy,SKU1007,Cheddar 400g,3.44,3.44,1.89,0,162,3.43,3.43,3.22
2024-02-12,Grocery,Dairy,SKU1007,Cheddar 400g,3.35,3.35,1.89,0,74,3.29,3.57,3.17
2024-02-19,Grocery,Dairy,SKU1007,Cheddar 400g,3.39,3.39,1.9,0,114,3.25,3.56,3.17
2024-02-26,Grocery,Dairy,SKU1007,Cheddar 400g,3.55,3.55,1.9,0,91,3.33,3.24,3.23
2024-03-04,Grocery,Dairy,SKU1007,Cheddar 400g,3.54,3.54,1.91,0,263,3.45,3.46,3.19
2024-03-11,Grocery,Dairy,SKU1007,Cheddar 400g,3.47,3.47,1.91,0,92,3.37,3.35,3.34
2024-03-18,Grocery,Dairy,SKU1007,Cheddar 400g,3.53,3.53,1.9,0,54,3.4,3.24,3.19
2024-03-25,Grocery,Dairy,SKU1007,Cheddar 400g,3.54,3.54,1.91,0,75,3.39,3.26,3.33
2024-04-01,Grocery,Dairy,SKU1007,Cheddar 400g,3.36,3.36,1.91,0,91,3.49,3.51,3.37
2024-04-08,Grocery,Dairy,SKU1007,Cheddar 400g,3.49,3.49,1.91,0,180,3.52,3.56,3.17
2024-04-15,Grocery,Dairy,SKU1007,Cheddar 400g,3.44,3.44,1.91,0,157,3.45,3.37,3.45
2024-04-22,Grocery,Dairy,SKU1007,Cheddar 400g,3.55,3.55,1.92,0,87,3.52,3.5,3.26
2024-04-29,Grocery,Dairy,SKU1007,Cheddar 400g,3.38,3.38,1.92,0,182,3.33,3.4,3.09
2024-05-06,Grocery,Dairy,SKU1007,Cheddar 400g,2.6,3.46,1.92,1,215,3.31,3.56,3.36
2024-05-13,Grocery,Dairy,SKU1007,Cheddar 400g,3.44,3.44,1.92,0,146,3.42,3.35,3.3
2024-05-20,Grocery,Dairy,SKU1007,Cheddar 400g,3.32,3.32,1.93,0,109,3.22,3.34,3.13
2024-05-27,Grocery,Dairy,SKU1007,Cheddar 400g,2.78,3.45,1.92,1,70,3.31,3.42,3.19
2024-06-03,Grocery,Dairy,SKU1007,Cheddar 400g,3.37,3.37,1.92,0,214,3.38,3.46,3.45
2024-06-10,Grocery,Dairy,SKU1007,Cheddar 400g,3.39,3.39,1.92,0,75,3.36,3.21,3.33
2024-06-17,Grocery,Dairy,SKU1007,Cheddar 400g,3.43,3.43,1.93,0,134,3.34,3.47,3.23
2024-06-24,Grocery,Dairy,SKU1007,Cheddar 400g,3.33,3.33,1.93,0,170,3.34,3.17,3.06
2024-07-01,Grocery,Dairy,SKU1007,Cheddar 400g,3.22,3.22,1.93,0,242,3.32,3.13,3.12
2024-07-08,Grocery,Dairy,SKU1007,Cheddar 400g,3.25,3.25,1.94,0,81,3.2,3.45,3.07
2024-07-15,Grocery,Dairy,SKU1007,Cheddar 400g,3.24,3.24,1.94,0,203,3.29,3.32,3.02
2024-07-22,Grocery,Dairy,SKU1007,Cheddar 400g,3.44,3.44,1.94,0,264,3.35,3.27,3.21
2024-07-29,Grocery,Dairy,SKU1007,Cheddar 400g,2.54,3.22,1.94,1,221,3.18,3.32,3.04
2024-08-05,Grocery,Dairy,SKU1007,Cheddar 400g,3.35,3.35,1.94,0,38,3.2,3.15,3.14
2024-08-12,Grocery,Dairy,SKU1007,Cheddar 400g,3.23,3.23,1.94,0,118,3.17,3.18,3.03
2024-08-19,Grocery,Dairy,SKU1007,Cheddar 400g,2.99,3.26,1.95,1,303,3.02,3.08,3.0
2024-08-26,Grocery,Dairy,SKU1007,Cheddar 400g,2.65,3.22,1.94,1,108,2.96,3.03,2.88
2024-09-02,Grocery,Dairy,SKU1007,Cheddar 400g,3.12,3.12,1.96,0,194,3.23,2.97,3.07
2024-09-09,Grocery,Dairy,SKU1007,Cheddar 400g,3.19,3.19,1.95,0,233,3.05,3.19,2.97
2024-09-16,Grocery,Dairy,SKU1007,Cheddar 400g,3.29,3.29,1.95,0,102,2.97,3.29,2.97
2024-09-23,Grocery,Dairy,SKU1007,Cheddar 400g,3.16,3.16,1.95,0,48,3.15,3.15,2.96
2024-09-30,Grocery,Dairy,SKU1007,Cheddar 400g,3.15,3.15,1.95,0,101,2.96,3.06,3.11
2024-10-07,Grocery,Dairy,SKU1007,Cheddar 400g,3.23,3.23,1.96,0,110,3.12,3.09,2.78
2024-10-14,Grocery,Dairy,SKU1007,Cheddar 400g,3.17,3.17,1.96,0,245,3.25,3.15,2.84
2024-10-21,Grocery,Dairy,SKU1007,Cheddar 400g,3.22,3.22,1.96,0,37,3.03,3.03,2.98
2024-10-28,Grocery,Dairy,SKU1007,Cheddar 400g,3.29,3.29,1.96,0,152,3.06,3.29,2.88
2024-11-04,Grocery,Dairy,SKU1007,Cheddar 400g,3.18,3.18,1.97,0,258,3.17,3.02,3.03
2024-11-11,Grocery,Dairy,SKU1007,Cheddar 400g,3.15,3.15,1.97,0,89,3.26,3.19,2.97
2024-11-18,Grocery,Dairy,SKU1007,Cheddar 400g,3.29,3.29,1.97,0,111,3.17,3.08,2.92
2024-11-25,Grocery,Dairy,SKU1007,Cheddar 400g,3.35,3.35,1.97,0,64,3.08,3.15,2.91
2024-12-02,Grocery,Dairy,SKU1007,Cheddar 400g,3.24,3.24,1.97,0,149,3.27,3.15,2.95
2024-12-09,Grocery,Dairy,SKU1007,Cheddar 400g,3.15,3.15,1.97,0,144,3.21,3.25,2.91
2024-12-16,Grocery,Dairy,SKU1007,Cheddar 400g,3.42,3.42,1.97,0,139,2.96,3.46,3.0
2024-12-23,Grocery,Dairy,SKU1007,Cheddar 400g,3.31,3.31,1.97,0,146,3.09,3.09,3.14
2024-12-30,Grocery,Dairy,SKU1007,Cheddar 400g,3.31,3.31,1.98,0,126,3.13,3.26,3.15
2025-01-06,Grocery,Dairy,SKU1007,Cheddar 400g,3.3,3.3,1.99,0,130,3.17,3.43,3.13
2025-01-13,Grocery,Dairy,SKU1007,Cheddar 400g,3.45,3.45,1.98,0,171,3.33,3.4,3.14
2025-01-20,Grocery,Dairy,SKU1007,Cheddar 400g,2.62,3.29,1.99,1,405,3.43,3.37,3.2
2025-01-27,Grocery,Dairy,SKU1007,Cheddar 400g,3.39,3.39,1.99,0,158,3.24,3.28,3.15
2025-02-03,Grocery,Dairy,SKU1007,Cheddar 400g,3.42,3.42,1.99,0,231,3.31,3.51,3.36
2025-02-10,Grocery,Dairy,SKU1007,Cheddar 400g,3.4,3.4,1.98,0,201,3.31,3.2,3.38
2025-02-17,Grocery,Dairy,SKU1007,Cheddar 400g,3.5,3.5,1.99,0,132,3.19,3.36,3.12
2025-02-24,Grocery,Dairy,SKU1007,Cheddar 400g,3.47,3.47,2.0,0,143,3.46,3.51,2.99
2025-03-03,Grocery,Dairy,SKU1007,Cheddar 400g,3.49,3.49,1.99,0,116,3.6,3.48,3.2
2025-03-10,Grocery,Dairy,SKU1007,Cheddar 400g,3.48,3.48,2.0,0,99,3.36,3.54,3.11
2025-03-17,Grocery,Dairy,SKU1007,Cheddar 400g,3.48,3.48,2.0,0,130,3.28,3.43,3.23
2025-03-24,Grocery,Dairy,SKU1007,Cheddar 400g,3.49,3.49,2.0,0,212,3.43,3.6,3.19
2025-03-31,Grocery,Dairy,SKU1007,Cheddar 400g,3.57,3.57,2.0,0,72,3.53,3.39,3.21
2025-04-07,Grocery,Dairy,SKU1007,Cheddar 400g,3.57,3.57,2.0,0,77,3.33,3.53,3.19
2025-04-14,Grocery,Dairy,SKU1007,Cheddar 400g,3.48,3.48,2.01,0,68,3.42,3.55,3.21
2025-04-21,Grocery,Dairy,SKU1007,Cheddar 400g,3.39,3.39,2.01,0,38,3.37,3.41,3.12
2025-04-28,Grocery,Dairy,SKU1007,Cheddar 400g,3.45,3.45,2.01,0,202,3.58,3.58,3.19
2025-05-05,Grocery,Dairy,SKU1007,Cheddar 400g,3.33,3.33,2.0,0,115,3.28,3.4,3.3
2025-05-12,Grocery,Dairy,SKU1007,Cheddar 400g,3.35,3.35,2.01,0,66,3.33,3.33,3.23
2025-05-19,Grocery,Dairy,SKU1007,Cheddar 400g,3.44,3.44,2.01,0,228,3.17,3.47,3.56
2025-05-26,Grocery,Dairy,SKU1007,Cheddar 400g,3.34,3.34,2.01,0,159,3.41,3.65,3.28
2025-06-02,Grocery,Dairy,SKU1007,Cheddar 400g,3.37,3.37,2.01,0,145,3.21,3.28,3.31
2025-06-09,Grocery,Dairy,SKU1007,Cheddar 400g,3.34,3.34,2.01,0,212,3.42,3.29,3.34
2025-06-16,Grocery,Dairy,SKU1007,Cheddar 400g,3.41,3.41,2.02,0,51,3.47,3.12,3.09
2025-06-23,Grocery,Dairy,SKU1007,Cheddar 400g,3.3,3.3,2.02,0,235,3.29,3.44,3.3
2025-06-30,Grocery,Dairy,SKU1007,Cheddar 400g,3.43,3.43,2.02,0,177,3.21,3.18,3.1
2025-07-07,Grocery,Dairy,SKU1007,Cheddar 400g,3.15,3.15,2.03,0,111,3.2,3.2,2.88
2025-07-14,Grocery,Dairy,SKU1007,Cheddar 400g,3.18,3.18,2.03,0,184,3.14,3.12,3.1
2025-07-21,Grocery,Dairy,SKU1007,Cheddar 400g,3.46,3.46,2.03,0,107,3.26,3.33,3.04
2025-07-28,Grocery,Dairy,SKU1007,Cheddar 400g,2.81,3.38,2.03,1,194,3.31,3.14,3.17
2025-08-04,Grocery,Dairy,SKU1007,Cheddar 400g,3.34,3.34,2.03,0,205,3.05,3.33,3.07
2025-08-11,Grocery,Dairy,SKU1007,Cheddar 400g,2.66,3.23,2.03,1,206,3.25,3.25,3.05
2025-08-18,Grocery,Dairy,SKU1007,Cheddar 400g,3.23,3.23,2.04,0,197,3.03,3.15,3.08
2025-08-25,Grocery,Dairy,SKU1007,Cheddar 400g,3.24,3.24,2.03,0,141,3.24,3.04,2.9
2025-09-01,Grocery,Dairy,SKU1007,Cheddar 400g,3.09,3.09,2.04,0,233,3.18,3.09,2.95
2025-09-08,Grocery,Dairy,SKU1007,Cheddar 400g,3.15,3.15,2.04,0,43,2.94,3.03,3.1
2025-09-15,Grocery,Dairy,SKU1007,Cheddar 400g,3.22,3.22,2.05,0,82,3.11,3.12,3.11
2025-09-22,Grocery,Dairy,SKU1007,Cheddar 400g,3.18,3.18,2.05,0,205,3.08,3.28,3.01
2025-09-29,Grocery,Dairy,SKU1007,Cheddar 400g,3.17,3.17,2.05,0,63,3.12,3.26,2.97
2025-10-06,Grocery,Dairy,SKU1007,Cheddar 400g,2.71,3.19,2.05,1,427,3.19,3.17,2.95
2025-10-13,Grocery,Dairy,SKU1007,Cheddar 400g,3.21,3.21,2.04,0,190,3.22,3.23,2.95
2025-10-20,Grocery,Dairy,SKU1007,Cheddar 400g,3.17,3.17,2.04,0,117,3.23,3.19,2.99
2025-10-27,Grocery,Dairy,SKU1007,Cheddar 400g,3.12,3.12,2.06,0,179,3.04,3.1,2.95
2025-11-03,Grocery,Dairy,SKU1007,Cheddar 400g,3.25,3.25,2.05,0,186,3.12,3.08,2.92
2025-11-10,Grocery,Dairy,SKU1007,Cheddar 400g,3.38,3.38,2.06,0,103,3.17,3.29,3.09
2025-11-17,Grocery,Dairy,SKU1007,Cheddar 400g,3.17,3.17,2.05,0,144,3.24,3.13,3.03
2025-11-24,Grocery,Dairy,SKU1007,Cheddar 400g,3.23,3.23,2.06,0,145,3.03,3.11,2.97
2025-12-01,Grocery,Dairy,SKU1007,Cheddar 400g,3.29,3.29,2.06,0,68,3.23,3.22,3.15
2025-12-08,Grocery,Dairy,SKU1007,Cheddar 400g,3.36,3.36,2.06,0,71,3.32,3.39,2.93
2025-12-15,Grocery,Dairy,SKU1007,Cheddar 400g,3.27,3.27,2.06,0,241,3.29,3.33,3.2
2025-12-22,Grocery,Dairy,SKU1007,Cheddar 400g,3.35,3.35,2.06,0,119,3.29,3.21,3.13
2024-01-01,Grocery,Dairy,SKU1008,Butter 454g,3.09,3.09,1.86,0,42,3.03,2.98,2.98
2024-01-08,Grocery,Dairy,SKU1008,Butter 454g,2.78,3.07,1.86,1,275,3.15,3.21,2.81
2024-01-15,Grocery,Dairy,SKU1008,Butter 454g,3.06,3.06,1.87,0,60,2.97,3.05,2.92
2024-01-22,Grocery,Dairy,SKU1008,Butter 454g,3.22,3.22,1.86,0,110,3.11,3.27,3.03
2024-01-29,Grocery,Dairy,SKU1008,Butter 454g,3.19,3.19,1.87,0,246,3.2,3.2,2.93
2024-02-05,Grocery,Dairy,SKU1008,Butter 454g,3.04,3.04,1.87,0,144,3.11,3.02,2.69
2024-02-12,Grocery,Dairy,SKU1008,Butter 454g,3.15,3.15,1.88,0,195,3.09,3.23,2.91
2024-02-19,Grocery,Dairy,SKU1008,Butter 454g,3.12,3.12,1.87,0,179,3.15,3.11,2.92
2024-02-26,Grocery,Dairy,SKU1008,Butter 454g,3.2,3.2,1.88,0,66,3.07,3.09,2.98
2024-03-04,Grocery,Dairy,SKU1008,Butter 454g,3.16,3.16,1.87,0,246,3.04,3.13,2.89
2024-03-11,Grocery,Dairy,SKU1008,Butter 454g,2.45,3.16,1.87,1,399,3.02,3.2,3.13
2024-03-18,Grocery,Dairy,SKU1008,Butter 454g,2.57,3.16,1.88,1,445,3.11,3.09,2.97
2024-03-25,Grocery,Dairy,SKU1008,Butter 454g,3.17,3.17,1.88,0,273,2.96,3.33,2.92
2024-04-01,Grocery,Dairy,SKU1008,Butter 454g,3.08,3.08,1.88,0,75,2.99,3.12,2.97
2024-04-08,Grocery,Dairy,SKU1008,Butter 454g,3.15,3.15,1.88,0,50,3.16,3.04,3.05
2024-04-15,Grocery,Dairy,SKU1008,Butter 454g,3.28,3.28,1.89,0,39,3.04,3.31,2.86
2024-04-22,Grocery,Dairy,SKU1008,Butter 454g,3.18,3.18,1.88,0,240,3.24,3.25,2.94
2024-04-29,Grocery,Dairy,SKU1008,Butter 454g,2.88,3.25,1.89,1,113,2.94,3.15,3.14
2024-05-06,Grocery,Dairy,SKU1008,Butter 454g,3.18,3.18,1.89,0,154,3.3,2.99,3.08
2024-05-13,Grocery,Dairy,SKU1008,Butter 454g,3.03,3.03,1.89,0,215,3.15,3.03,2.84
2024-05-20,Grocery,Dairy,SKU1008,Butter 454g,3.13,3.13,1.89,0,125,3.07,3.08,2.87
2024-05-27,Grocery,Dairy,SKU1008,Butter 454g,3.11,3.11,1.9,0,200,3.13,3.1,3.0
2024-06-03,Grocery,Dairy,SKU1008,Butter 454g,2.66,3.04,1.91,1,247,2.99,3.17,2.86
2024-06-10,Grocery,Dairy,SKU1008,Butter 454g,3.14,3.14,1.9,0,175,3.02,3.02,2.78
2024-06-17,Grocery,Dairy,SKU1008,Butter 454g,3.1,3.1,1.9,0,222,3.06,2.98,3.08
2024-06-24,Grocery,Dairy,SKU1008,Butter 454g,3.06,3.06,1.9,0,172,3.11,3.03,2.95
2024-07-01,Grocery,Dairy,SKU1008,Butter 454g,2.39,3.06,1.91,1,410,2.79,3.1,2.77
2024-07-08,Grocery,Dairy,SKU1008,Butter 454g,2.92,2.92,1.9,0,43,2.96,2.89,2.8
2024-07-15,Grocery,Dairy,SKU1008,Butter 454g,3.06,3.06,1.92,0,185,3.0,3.05,2.82
2024-07-22,Grocery,Dairy,SKU1008,Butter 454g,2.85,2.85,1.91,0,140,2.7,2.68,2.72
2024-07-29,Grocery,Dairy,SKU1008,Butter 454g,2.48,3.11,1.91,1,426,2.97,3.03,2.8
2024-08-05,Grocery,Dairy,SKU1008,Butter 454g,2.83,2.83,1.92,0,63,3.01,2.96,2.59
2024-08-12,Grocery,Dairy,SKU1008,Butter 454g,2.92,2.92,1.92,0,56,2.86,2.78,2.71
2024-08-19,Grocery,Dairy,SKU1008,Butter 454g,2.89,2.89,1.91,0,52,2.74,3.02,2.74
2024-08-26,Grocery,Dairy,SKU1008,Butter 454g,2.87,2.87,1.91,0,84,2.92,2.85,2.81
2024-09-02,Grocery,Dairy,SKU1008,Butter 454g,2.89,2.89,1.92,0,61,2.85,2.89,2.58
2024-09-09,Grocery,Dairy,SKU1008,Butter 454g,2.85,2.85,1.92,0,202,2.76,2.88,2.82
2024-09-16,Grocery,Dairy,SKU1008,Butter 454g,2.82,2.82,1.93,0,263,2.85,2.77,2.64
2024-09-23,Grocery,Dairy,SKU1008,Butter 454g,2.89,2.89,1.93,0,71,2.9,2.77,2.72
2024-09-30,Grocery,Dairy,SKU1008,Butter 454g,2.86,2.86,1.92,0,96,2.69,2.78,2.69
2024-10-07,Grocery,Dairy,SKU1008,Butter 454g,2.82,2.82,1.93,0,184,2.93,2.86,2.64
2024-10-14,Grocery,Dairy,SKU1008,Butter 454g,2.86,2.86,1.93,0,227,2.84,2.87,2.84
2024-10-21,Grocery,Dairy,SKU1008,Butter 454g,2.91,2.91,1.94,0,109,2.67,2.83,2.76
2024-10-28,Grocery,Dairy,SKU1008,Butter 454g,2.93,2.93,1.93,0,125,2.98,3.02,2.8
2024-11-04,Grocery,Dairy,SKU1008,Butter 454g,2.92,2.92,1.94,0,173,2.85,2.69,2.9
2024-11-11,Grocery,Dairy,SKU1008,Butter 454g,3.05,3.05,1.94,0,224,3.12,3.03,2.8
2024-11-18,Grocery,Dairy,SKU1008,Butter 454g,3.04,3.04,1.94,0,153,2.93,3.09,2.63
2024-11-25,Grocery,Dairy,SKU1008,Butter 454g,2.89,2.89,1.94,0,43,2.8,3.0,2.72
2024-12-02,Grocery,Dairy,SKU1008,Butter 454g,2.25,2.98,1.94,1,204,3.01,2.91,2.7
2024-12-09,Grocery,Dairy,SKU1008,Butter 454g,2.95,2.95,1.94,0,73,2.98,2.8,2.65
2024-12-16,Grocery,Dairy,SKU1008,Butter 454g,3.03,3.03,1.95,0,237,2.96,2.91,2.96
2024-12-23,Grocery,Dairy,SKU1008,Butter 454g,3.13,3.13,1.95,0,41,3.06,3.02,3.0
2024-12-30,Grocery,Dairy,SKU1008,Butter 454g,2.98,2.98,1.95,0,200,3.0,2.99,2.83
2025-01-06,Grocery,Dairy,SKU1008,Butter 454g,2.99,2.99,1.95,0,53,3.06,2.79,3.02
2025-01-13,Grocery,Dairy,SKU1008,Butter 454g,3.16,3.16,1.95,0,176,3.03,3.17,2.91
2025-01-20,Grocery,Dairy,SKU1008,Butter 454g,3.11,3.11,1.96,0,205,3.01,3.13,2.82
2025-01-27,Grocery,Dairy,SKU1008,Butter 454g,3.22,3.22,1.96,0,219,3.09,3.17,2.99
2025-02-03,Grocery,Dairy,SKU1008,Butter 454g,2.46,3.2,1.96,1,251,3.03,3.01,2.97
2025-02-10,Grocery,Dairy,SKU1008,Butter 454g,3.08,3.08,1.96,0,204,3.02,3.19,2.95
2025-02-17,Grocery,Dairy,SKU1008,Butter 454g,3.14,3.14,1.96,0,159,2.93,3.08,2.91
2025-02-24,Grocery,Dairy,SKU1008,Butter 454g,3.16,3.16,1.96,0,73,3.05,3.13,2.97
2025-03-03,Grocery,Dairy,SKU1008,Butter 454g,3.08,3.08,1.96,0,241,2.94,3.11,2.98
2025-03-10,Grocery,Dairy,SKU1008,Butter 454g,3.15,3.15,1.96,0,185,3.14,3.14,3.03
2025-03-17,Grocery,Dairy,SKU1008,Butter 454g,3.34,3.34,1.97,0,229,3.1,3.11,2.95
2025-03-24,Grocery,Dairy,SKU1008,Butter 454g,3.17,3.17,1.98,0,129,3.2,3.07,3.08
2025-03-31,Grocery,Dairy,SKU1008,Butter 454g,3.2,3.2,1.97,0,136,3.08,3.21,3.11
2025-04-07,Grocery,Dairy,SKU1008,Butter 454g,3.16,3.16,1.97,0,46,3.0,3.14,3.01
2025-04-14,Grocery,Dairy,SKU1008,Butter 454g,2.84,3.18,1.98,1,256,2.99,3.32,2.98
2025-04-21,Grocery,Dairy,SKU1008,Butter 454g,3.21,3.21,1.98,0,247,3.18,3.16,2.97
2025-04-28,Grocery,Dairy,SKU1008,Butter 454g,3.15,3.15,1.98,0,217,3.19,3.07,2.94
2025-05-05,Grocery,Dairy,SKU1008,Butter 454g,3.18,3.18,1.98,0,103,3.01,3.08,2.85
2025-05-12,Grocery,Dairy,SKU1008,Butter 454g,3.06,3.06,1.98,0,82,2.96,3.19,2.98
2025-05-19,Grocery,Dairy,SKU1008,Butter 454g,3.16,3.16,1.98,0,253,3.02,3.01,2.84
2025-05-26,Grocery,Dairy,SKU1008,Butter 454g,2.32,3.07,1.99,1,316,3.05,3.14,2.92
2025-06-02,Grocery,Dairy,SKU1008,Butter 454g,3.1,3.1,1.99,0,214,3.11,2.94,2.83
2025-06-09,Grocery,Dairy,SKU1008,Butter 454g,3.0,3.0,1.99,0,240,3.18,3.02,2.99
2025-06-16,Grocery,Dairy,SKU1008,Butter 454g,3.0,3.0,1.99,0,113,2.95,2.94,2.83
2025-06-23,Grocery,Dairy,SKU1008,Butter 454g,3.15,3.15,1.99,0,49,3.15,2.95,2.9
2025-06-30,Grocery,Dairy,SKU1008,Butter 454g,3.05,3.05,1.99,0,166,3.01,3.16,2.88
2025-07-07,Grocery,Dairy,SKU1008,Butter 454g,2.33,3.05,2.0,1,71,3.11,2.92,2.73
2025-07-14,Grocery,Dairy,SKU1008,Butter 454g,3.12,3.12,1.99,0,117,2.95,3.16,2.81
2025-07-21,Grocery,Dairy,SKU1008,Butter 454g,2.99,2.99,2.0,0,186,2.95,2.94,2.79
2025-07-28,Grocery,Dairy,SKU1008,Butter 454g,2.95,2.95,2.0,0,238,2.86,2.9,2.72
2025-08-04,Grocery,Dairy,SKU1008,Butter 454g,2.97,2.97,2.0,0,132,2.92,2.96,2.75
2025-08-11,Grocery,Dairy,SKU1008,Butter 454g,2.99,2.99,2.01,0,52,2.76,3.01,2.81
2025-08-18,Grocery,Dairy,SKU1008,Butter 454g,2.75,3.02,2.01,1,185,2.85,3.09,2.7
2025-08-25,Grocery,Dairy,SKU1008,Butter 454g,2.95,2.95,2.0,0,53,2.78,2.98,2.75
2025-09-01,Grocery,Dairy,SKU1008,Butter 454g,2.82,2.82,2.01,0,251,2.95,3.04,2.76
2025-09-08,Grocery,Dairy,SKU1008,Butter 454g,2.58,2.87,2.01,1,370,2.71,2.92,2.67
2025-09-15,Grocery,Dairy,SKU1008,Butter 454g,2.94,2.94,2.01,0,259,2.96,2.93,2.79
2025-09-22,Grocery,Dairy,SKU1008,Butter 454g,2.35,2.89,2.01,1,448,2.67,2.75,2.7
2025-09-29,Grocery,Dairy,SKU1008,Butter 454g,2.83,2.83,2.01,0,41,2.86,2.75,2.72
2025-10-06,Grocery,Dairy,SKU1008,Butter 454g,2.84,2.84,2.02,0,258,2.62,2.91,2.79
2025-10-13,Grocery,Dairy,SKU1008,Butter 454g,2.85,2.85,2.02,0,110,3.07,2.83,2.55
2025-10-20,Grocery,Dairy,SKU1008,Butter 454g,2.88,2.88,2.02,0,258,2.91,2.71,2.6
2025-10-27,Grocery,Dairy,SKU1008,Butter 454g,2.8,2.8,2.02,0,142,2.87,2.87,2.73
2025-11-03,Grocery,Dairy,SKU1008,Butter 454g,2.84,2.84,2.03,0,71,2.95,2.99,2.79
2025-11-10,Grocery,Dairy,SKU1008,Butter 454g,2.82,2.82,2.03,0,234,2.76,2.82,2.76
2025-11-17,Grocery,Dairy,SKU1008,Butter 454g,2.94,2.94,2.02,0,201,2.84,2.67,2.63
2025-11-24,Grocery,Dairy,SKU1008,Butter 454g,2.96,2.96,2.02,0,192,2.86,2.94,2.83
2025-12-01,Grocery,Dairy,SKU1008,Butter 454g,3.01,3.01,2.03,0,147,2.87,3.01,2.8
2025-12-08,Grocery,Dairy,SKU1008,Butter 454g,2.91,2.91,2.03,0,184,3.05,2.93,2.88
2025-12-15,Grocery,Dairy,SKU1008,Butter 454g,3.13,3.13,2.03,0,263,2.97,3.07,2.93
2025-12-22,Grocery,Dairy,SKU1008,Butter 454g,2.39,3.07,2.03,1,339,2.85,2.95,3.04
