data/pricing_data.csv
week,department,sub_department,sku,product,gt_price,gt_regular_price,cost,promo_flag,units,walmart_price,nofrills_price,dollarama_price
2024-01-01,Grocery,Snacks,SKU1009,Potato Chips,8.06,8.06,4.59,0,141,7.84,7.65,7.5
2024-01-08,Grocery,Snacks,SKU1009,Potato Chips,8.25,8.25,4.57,0,126,8.35,8.17,7.98
2024-01-15,Grocery,Snacks,SKU1009,Potato Chips,6.8,8.22,4.6,1,346,8.24,8.08,8.17
2024-01-22,Grocery,Snacks,SKU1009,Potato Chips,8.76,8.76,4.58,0,93,8.46,8.27,7.86
2024-01-29,Grocery,Snacks,SKU1009,Potato Chips,8.54,8.54,4.59,0,178,8.01,8.05,7.43
2024-02-05,Grocery,Snacks,SKU1009,Potato Chips,8.42,8.42,4.6,0,164,8.3,8.25,7.97
2024-02-12,Grocery,Snacks,SKU1009,Potato Chips,8.47,8.47,4.59,0,143,8.47,8.29,7.81
2024-02-19,Grocery,Snacks,SKU1009,Potato Chips,8.31,8.31,4.61,0,101,8.38,7.66,8.06
2024-02-26,Grocery,Snacks,SKU1009,Potato Chips,7.74,8.56,4.62,1,390,8.58,8.32,8.17
2024-03-04,Grocery,Snacks,SKU1009,Potato Chips,8.76,8.76,4.61,0,129,8.09,8.99,7.81
2024-03-11,Grocery,Snacks,SKU1009,Potato Chips,8.62,8.62,4.63,0,128,8.13,8.39,8.3
2024-03-18,Grocery,Snacks,SKU1009,Potato Chips,8.6,8.6,4.62,0,87,8.39,8.22,8.56
2024-03-25,Grocery,Snacks,SKU1009,Potato Chips,8.57,8.57,4.63,0,41,8.26,8.87,8.31
2024-04-01,Grocery,Snacks,SKU1009,Potato Chips,8.33,8.33,4.63,0,250,8.23,8.54,8.18
2024-04-08,Grocery,Snacks,SKU1009,Potato Chips,8.92,8.92,4.63,0,73,8.31,8.77,8.08
2024-04-15,Grocery,Snacks,SKU1009,Potato Chips,8.84,8.84,4.65,0,94,8.11,8.32,8.22
2024-04-22,Grocery,Snacks,SKU1009,Potato Chips,8.66,8.66,4.63,0,93,7.99,8.46,8.02
2024-04-29,Grocery,Snacks,SKU1009,Potato Chips,8.46,8.46,4.66,0,103,8.23,8.75,7.93
2024-05-06,Grocery,Snacks,SKU1009,Potato Chips,7.89,8.78,4.64,1,59,8.99,8.57,8.41
2024-05-13,Grocery,Snacks,SKU1009,Potato Chips,8.47,8.47,4.65,0,67,8.13,8.33,8.12
2024-05-20,Grocery,Snacks,SKU1009,Potato Chips,8.31,8.31,4.67,0,49,8.28,8.11,7.95
2024-05-27,Grocery,Snacks,SKU1009,Potato Chips,8.42,8.42,4.64,0,69,8.64,8.3,8.16
2024-06-03,Grocery,Snacks,SKU1009,Potato Chips,8.19,8.19,4.68,0,256,8.61,7.97,7.7
2024-06-10,Grocery,Snacks,SKU1009,Potato Chips,8.15,8.15,4.66,0,67,7.72,8.41,7.96
2024-06-17,Grocery,Snacks,SKU1009,Potato Chips,8.4,8.4,4.67,0,167,7.91,8.47,7.61
2024-06-24,Grocery,Snacks,SKU1009,Potato Chips,8.31,8.31,4.68,0,168,7.73,8.42,7.41
2024-07-01,Grocery,Snacks,SKU1009,Potato Chips,8.15,8.15,4.69,0,83,7.52,8.21,7.09
2024-07-08,Grocery,Snacks,SKU1009,Potato Chips,8.35,8.35,4.69,0,233,8.18,7.71,7.8
2024-07-15,Grocery,Snacks,SKU1009,Potato Chips,8.14,8.14,4.69,0,66,7.94,7.76,7.44
2024-07-22,Grocery,Snacks,SKU1009,Potato Chips,8.17,8.17,4.7,0,193,8.03,8.43,7.58
2024-07-29,Grocery,Snacks,SKU1009,Potato Chips,8.17,8.17,4.7,0,248,8.02,8.2,7.77
2024-08-05,Grocery,Snacks,SKU1009,Potato Chips,7.79,7.79,4.7,0,93,7.85,7.71,7.31
2024-08-12,Grocery,Snacks,SKU1009,Potato Chips,6.64,7.7,4.71,1,212,7.54,7.54,7.7
2024-08-19,Grocery,Snacks,SKU1009,Potato Chips,7.88,7.88,4.7,0,165,7.37,7.83,7.38
2024-08-26,Grocery,Snacks,SKU1009,Potato Chips,7.89,7.89,4.72,0,91,7.02,7.89,7.1
2024-09-02,Grocery,Snacks,SKU1009,Potato Chips,7.79,7.79,4.72,0,90,7.41,7.74,7.51
2024-09-09,Grocery,Snacks,SKU1009,Potato Chips,7.64,7.64,4.73,0,93,7.82,8.05,7.1
2024-09-16,Grocery,Snacks,SKU1009,Potato Chips,7.96,7.96,4.73,0,208,7.61,7.55,7.55
2024-09-23,Grocery,Snacks,SKU1009,Potato Chips,7.76,7.76,4.74,0,228,7.96,8.24,6.96
2024-09-30,Grocery,Snacks,SKU1009,Potato Chips,7.76,7.76,4.74,0,156,7.4,7.49,7.1
2024-10-07,Grocery,Snacks,SKU1009,Potato Chips,7.81,7.81,4.74,0,243,7.64,7.98,7.29
2024-10-14,Grocery,Snacks,SKU1009,Potato Chips,6.99,7.95,4.74,1,348,7.47,7.92,7.21
2024-10-21,Grocery,Snacks,SKU1009,Potato Chips,7.77,7.77,4.74,0,120,7.37,7.92,7.38
2024-10-28,Grocery,Snacks,SKU1009,Potato Chips,7.74,7.74,4.76,0,155,7.85,7.7,7.83
2024-11-04,Grocery,Snacks,SKU1009,Potato Chips,7.6,7.6,4.76,0,107,7.98,7.59,7.25
2024-11-11,Grocery,Snacks,SKU1009,Potato Chips,8.03,8.03,4.76,0,236,7.66,7.7,7.49
2024-11-18,Grocery,Snacks,SKU1009,Potato Chips,7.77,7.77,4.78,0,227,7.65,7.44,7.42
2024-11-25,Grocery,Snacks,SKU1009,Potato Chips,7.87,7.87,4.78,0,199,7.62,8.14,7.3
2024-12-02,Grocery,Snacks,SKU1009,Potato Chips,7.76,7.76,4.78,0,98,8.01,7.96,7.48
2024-12-09,Grocery,Snacks,SKU1009,Potato Chips,6.7,8.05,4.78,1,312,8.35,8.02,7.7
2024-12-16,Grocery,Snacks,SKU1009,Potato Chips,8.4,8.4,4.78,0,137,7.62,8.59,7.41
2024-12-23,Grocery,Snacks,SKU1009,Potato Chips,8.16,8.16,4.79,0,253,7.91,8.09,7.51
2024-12-30,Grocery,Snacks,SKU1009,Potato Chips,8.25,8.25,4.79,0,112,8.21,7.9,7.81
2025-01-06,Grocery,Snacks,SKU1009,Potato Chips,8.25,8.25,4.8,0,188,8.17,8.18,7.89
2025-01-13,Grocery,Snacks,SKU1009,Potato Chips,8.41,8.41,4.81,0,122,8.72,7.96,7.98
2025-01-20,Grocery,Snacks,SKU1009,Potato Chips,8.13,8.13,4.81,0,110,7.54,8.1,7.48
2025-01-27,Grocery,Snacks,SKU1009,Potato Chips,8.74,8.74,4.8,0,220,8.15,8.75,8.18
2025-02-03,Grocery,Snacks,SKU1009,Potato Chips,8.57,8.57,4.81,0,69,8.12,8.09,8.06
2025-02-10,Grocery,Snacks,SKU1009,Potato Chips,8.09,8.09,4.8,0,213,8.33,8.33,8.07
2025-02-17,Grocery,Snacks,SKU1009,Potato Chips,8.51,8.51,4.79,0,130,8.46,8.71,7.55
2025-02-24,Grocery,Snacks,SKU1009,Potato Chips,8.54,8.54,4.83,0,213,8.38,8.59,8.0
2025-03-03,Grocery,Snacks,SKU1009,Potato Chips,8.82,8.82,4.83,0,241,8.79,8.41,7.84
2025-03-10,Grocery,Snacks,SKU1009,Potato Chips,8.75,8.75,4.83,0,269,8.61,8.89,8.53
2025-03-17,Grocery,Snacks,SKU1009,Potato Chips,8.45,8.45,4.85,0,171,8.77,8.65,8.7
2025-03-24,Grocery,Snacks,SKU1009,Potato Chips,8.55,8.55,4.88,0,120,8.72,8.69,8.22
2025-03-31,Grocery,Snacks,SKU1009,Potato Chips,8.62,8.62,4.86,0,109,8.28,8.48,7.96
2025-04-07,Grocery,Snacks,SKU1009,Potato Chips,8.8,8.8,4.84,0,207,8.44,8.09,8.29
2025-04-14,Grocery,Snacks,SKU1009,Potato Chips,8.7,8.7,4.84,0,109,8.22,8.71,7.97
2025-04-21,Grocery,Snacks,SKU1009,Potato Chips,8.33,8.33,4.87,0,214,8.29,8.3,8.43
2025-04-28,Grocery,Snacks,SKU1009,Potato Chips,8.73,8.73,4.85,0,57,8.39,8.2,7.85
2025-05-05,Grocery,Snacks,SKU1009,Potato Chips,8.66,8.66,4.86,0,153,8.47,8.68,8.11
2025-05-12,Grocery,Snacks,SKU1009,Potato Chips,8.49,8.49,4.87,0,224,8.61,8.63,8.05
2025-05-19,Grocery,Snacks,SKU1009,Potato Chips,8.86,8.86,4.88,0,208,8.42,8.45,7.92
2025-05-26,Grocery,Snacks,SKU1009,Potato Chips,8.25,8.25,4.88,0,173,7.91,7.94,7.76
2025-06-02,Grocery,Snacks,SKU1009,Potato Chips,8.63,8.63,4.87,0,89,7.99,8.21,7.78
2025-06-09,Grocery,Snacks,SKU1009,Potato Chips,8.52,8.52,4.89,0,138,7.94,8.77,7.64
2025-06-16,Grocery,Snacks,SKU1009,Potato Chips,8.26,8.26,4.89,0,79,8.59,8.23,8.01
2025-06-23,Grocery,Snacks,SKU1009,Potato Chips,7.95,7.95,4.89,0,189,7.77,8.37,7.56
2025-06-30,Grocery,Snacks,SKU1009,Potato Chips,8.23,8.23,4.89,0,52,8.15,7.84,7.36
2025-07-07,Grocery,Snacks,SKU1009,Potato Chips,8.19,8.19,4.91,0,244,7.73,7.74,7.99
2025-07-14,Grocery,Snacks,SKU1009,Potato Chips,8.34,8.34,4.9,0,236,8.27,8.22,7.89
2025-07-21,Grocery,Snacks,SKU1009,Potato Chips,8.28,8.28,4.91,0,132,8.1,7.84,7.47
2025-07-28,Grocery,Snacks,SKU1009,Potato Chips,8.22,8.22,4.91,0,61,7.79,7.83,8.02
2025-08-04,Grocery,Snacks,SKU1009,Potato Chips,7.91,7.91,4.91,0,176,7.75,7.93,7.23
2025-08-11,Grocery,Snacks,SKU1009,Potato Chips,7.8,7.8,4.93,0,43,7.84,7.97,7.83
2025-08-18,Grocery,Snacks,SKU1009,Potato Chips,6.98,7.84,4.93,1,272,7.99,8.19,7.45
2025-08-25,Grocery,Snacks,SKU1009,Potato Chips,7.66,7.66,4.93,0,144,7.62,7.91,7.55
2025-09-01,Grocery,Snacks,SKU1009,Potato Chips,7.06,7.7,4.93,1,115,7.58,7.8,7.51
2025-09-08,Grocery,Snacks,SKU1009,Potato Chips,7.89,7.89,4.95,0,147,7.79,7.81,7.02
2025-09-15,Grocery,Snacks,SKU1009,Potato Chips,7.72,7.72,4.95,0,165,7.68,7.95,7.15
2025-09-22,Grocery,Snacks,SKU1009,Potato Chips,7.93,7.93,4.95,0,145,7.83,7.71,6.92
2025-09-29,Grocery,Snacks,SKU1009,Potato Chips,8.18,8.18,4.96,0,81,7.87,7.47,7.88
2025-10-06,Grocery,Snacks,SKU1009,Potato Chips,7.83,7.83,4.95,0,208,7.31,8.11,7.63
2025-10-13,Grocery,Snacks,SKU1009,Potato Chips,7.86,7.86,4.97,0,177,7.73,7.55,7.02
2025-10-20,Grocery,Snacks,SKU1009,Potato Chips,8.23,8.23,4.96,0,218,8.15,7.3,7.85
2025-10-27,Grocery,Snacks,SKU1009,Potato Chips,7.8,7.8,4.96,0,129,7.78,7.8,7.28
2025-11-03,Grocery,Snacks,SKU1009,Potato Chips,7.54,7.54,4.97,0,224,7.99,7.71,7.57
2025-11-10,Grocery,Snacks,SKU1009,Potato Chips,6.08,7.88,4.98,1,109,8.01,7.56,7.31
2025-11-17,Grocery,Snacks,SKU1009,Potato Chips,6.88,7.92,4.97,1,279,7.77,7.63,7.62
2025-11-24,Grocery,Snacks,SKU1009,Potato Chips,8.01,8.01,4.97,0,64,7.64,7.96,7.46
2025-12-01,Grocery,Snacks,SKU1009,Potato Chips,8.14,8.14,5.0,0,169,8.04,7.77,7.33
2025-12-08,Grocery,Snacks,SKU1009,Potato Chips,8.09,8.09,5.0,0,40,7.82,7.74,7.49
2025-12-15,Grocery,Snacks,SKU1009,Potato Chips,6.84,7.85,5.01,1,79,8.09,7.9,7.53
2025-12-22,Grocery,Snacks,SKU1009,Potato Chips,8.32,8.32,5.01,0,265,7.9,7.76,7.92
2024-01-01,Grocery,Snacks,SKU1010,Granola Bars,4.27,4.27,2.74,0,204,4.14,4.12,4.1
2024-01-08,Grocery,Snacks,SKU1010,Granola Bars,3.78,4.4,2.74,1,106,4.26,4.39,3.97
2024-01-15,Grocery,Snacks,SKU1010,Granola Bars,4.59,4.59,2.74,0,220,4.42,4.34,4.23
2024-01-22,Grocery,Snacks,SKU1010,Granola Bars,4.4,4.4,2.75,0,92,4.3,4.31,4.13
2024-01-29,Grocery,Snacks,SKU1010,Granola Bars,4.54,4.54,2.75,0,93,4.19,4.08,4.14
2024-02-05,Grocery,Snacks,SKU1010,Granola Bars,4.05,4.43,2.74,1,263,4.6,4.58,4.27
2024-02-12,Grocery,Snacks,SKU1010,Granola Bars,3.68,4.43,2.75,1,343,4.25,4.49,4.23
2024-02-19,Grocery,Snacks,SKU1010,Granola Bars,4.5,4.5,2.76,0,108,4.46,4.52,4.33
2024-02-26,Grocery,Snacks,SKU1010,Granola Bars,4.59,4.59,2.76,0,217,4.44,4.83,4.24
2024-03-04,Grocery,Snacks,SKU1010,Granola Bars,4.59,4.59,2.77,0,238,4.31,4.48,4.48
2024-03-11,Grocery,Snacks,SKU1010,Granola Bars,4.76,4.76,2.77,0,83,4.68,4.41,4.22
2024-03-18,Grocery,Snacks,SKU1010,Granola Bars,4.53,4.53,2.77,0,143,4.6,4.7,4.15
2024-03-25,Grocery,Snacks,SKU1010,Granola Bars,4.48,4.48,2.77,0,165,4.4,4.54,4.12
2024-04-01,Grocery,Snacks,SKU1010,Granola Bars,4.4,4.4,2.76,0,100,4.54,4.26,4.16
2024-04-08,Grocery,Snacks,SKU1010,Granola Bars,4.46,4.46,2.78,0,117,4.23,4.57,4.16
2024-04-15,Grocery,Snacks,SKU1010,Granola Bars,4.57,4.57,2.78,0,83,4.16,4.41,4.18
2024-04-22,Grocery,Snacks,SKU1010,Granola Bars,4.65,4.65,2.78,0,242,4.5,4.49,4.35
2024-04-29,Grocery,Snacks,SKU1010,Granola Bars,4.74,4.74,2.78,0,206,4.26,4.44,4.14
2024-05-06,Grocery,Snacks,SKU1010,Granola Bars,4.55,4.55,2.79,0,83,4.44,4.02,4.28
2024-05-13,Grocery,Snacks,SKU1010,Granola Bars,4.55,4.55,2.79,0,174,4.58,4.44,4.13
2024-05-20,Grocery,Snacks,SKU1010,Granola Bars,4.52,4.52,2.78,0,213,4.29,4.45,4.22
2024-05-27,Grocery,Snacks,SKU1010,Granola Bars,4.41,4.41,2.79,0,85,4.09,4.44,4.11
2024-06-03,Grocery,Snacks,SKU1010,Granola Bars,4.37,4.37,2.79,0,51,4.28,4.15,3.94
2024-06-10,Grocery,Snacks,SKU1010,Granola Bars,4.56,4.56,2.8,0,174,4.45,4.49,4.32
2024-06-17,Grocery,Snacks,SKU1010,Granola Bars,4.58,4.58,2.8,0,43,4.36,4.5,4.19
2024-06-24,Grocery,Snacks,SKU1010,Granola Bars,4.47,4.47,2.81,0,180,4.32,4.23,4.21
2024-07-01,Grocery,Snacks,SKU1010,Granola Bars,4.43,4.43,2.8,0,242,4.12,4.26,4.06
2024-07-08,Grocery,Snacks,SKU1010,Granola Bars,4.47,4.47,2.8,0,116,4.36,4.47,4.06
2024-07-15,Grocery,Snacks,SKU1010,Granola Bars,4.33,4.33,2.81,0,188,4.11,4.17,3.99
2024-07-22,Grocery,Snacks,SKU1010,Granola Bars,4.18,4.18,2.82,0,116,4.16,4.09,4.13
2024-07-29,Grocery,Snacks,SKU1010,Granola Bars,4.29,4.29,2.81,0,41,4.2,4.15,4.1
2024-08-05,Grocery,Snacks,SKU1010,Granola Bars,4.15,4.15,2.82,0,191,4.08,4.16,3.9
2024-08-12,Grocery,Snacks,SKU1010,Granola Bars,4.16,4.16,2.81,0,193,4.24,4.23,3.82
2024-08-19,Grocery,Snacks,SKU1010,Granola Bars,4.45,4.45,2.83,0,68,3.91,4.0,4.02
2024-08-26,Grocery,Snacks,SKU1010,Granola Bars,4.2,4.2,2.82,0,89,4.07,4.07,4.13
2024-09-02,Grocery,Snacks,SKU1010,Granola Bars,4.19,4.19,2.82,0,222,4.16,4.12,3.97
2024-09-09,Grocery,Snacks,SKU1010,Granola Bars,4.15,4.15,2.83,0,65,4.13,3.95,3.93
2024-09-16,Grocery,Snacks,SKU1010,Granola Bars,4.03,4.03,2.82,0,97,4.12,4.31,4.11
2024-09-23,Grocery,Snacks,SKU1010,Granola Bars,4.27,4.27,2.83,0,142,4.11,4.3,4.07
2024-09-30,Grocery,Snacks,SKU1010,Granola Bars,4.09,4.09,2.84,0,208,4.03,4.25,4.11
2024-10-07,Grocery,Snacks,SKU1010,Granola Bars,4.14,4.14,2.83,0,39,4.15,4.2,4.15
2024-10-14,Grocery,Snacks,SKU1010,Granola Bars,4.2,4.2,2.84,0,149,4.11,4.06,3.88
2024-10-21,Grocery,Snacks,SKU1010,Granola Bars,4.26,4.26,2.83,0,87,3.85,4.08,3.75
2024-10-28,Grocery,Snacks,SKU1010,Granola Bars,4.18,4.18,2.85,0,242,4.22,3.94,3.85
2024-11-04,Grocery,Snacks,SKU1010,Granola Bars,4.3,4.3,2.85,0,84,4.22,4.4,4.16
2024-11-11,Grocery,Snacks,SKU1010,Granola Bars,4.3,4.3,2.85,0,189,4.21,4.08,3.78
2024-11-18,Grocery,Snacks,SKU1010,Granola Bars,4.12,4.12,2.86,0,59,4.25,4.23,3.85
2024-11-25,Grocery,Snacks,SKU1010,Granola Bars,4.12,4.12,2.85,0,135,3.95,4.15,3.74
2024-12-02,Grocery,Snacks,SKU1010,Granola Bars,4.19,4.19,2.87,0,111,4.32,4.23,4.18
2024-12-09,Grocery,Snacks,SKU1010,Granola Bars,4.38,4.38,2.87,0,134,4.03,4.32,4.09
2024-12-16,Grocery,Snacks,SKU1010,Granola Bars,4.41,4.41,2.87,0,178,3.99,4.05,4.09
2024-12-23,Grocery,Snacks,SKU1010,Granola Bars,4.4,4.4,2.86,0,152,4.37,4.11,3.92
2024-12-30,Grocery,Snacks,SKU1010,Granola Bars,3.58,4.47,2.87,1,269,4.16,4.42,4.2
2025-01-06,Grocery,Snacks,SKU1010,Granola Bars,3.36,4.22,2.88,1,221,4.13,4.37,3.86
2025-01-13,Grocery,Snacks,SKU1010,Granola Bars,4.42,4.42,2.87,0,113,4.08,3.95,4.05
2025-01-20,Grocery,Snacks,SKU1010,Granola Bars,4.45,4.45,2.88,0,127,4.23,4.48,4.28
2025-01-27,Grocery,Snacks,SKU1010,Granola Bars,3.8,4.26,2.88,1,390,4.21,4.47,4.09
2025-02-03,Grocery,Snacks,SKU1010,Granola Bars,4.37,4.37,2.87,0,233,4.34,4.39,4.25
2025-02-10,Grocery,Snacks,SKU1010,Granola Bars,4.35,4.35,2.89,0,99,4.67,4.5,4.29
2025-02-17,Grocery,Snacks,SKU1010,Granola Bars,4.25,4.25,2.88,0,135,4.41,4.58,4.1
2025-02-24,Grocery,Snacks,SKU1010,Granola Bars,4.31,4.31,2.9,0,113,4.56,4.41,4.31
2025-03-03,Grocery,Snacks,SKU1010,Granola Bars,4.74,4.74,2.89,0,222,4.42,4.29,4.38
2025-03-10,Grocery,Snacks,SKU1010,Granola Bars,4.68,4.68,2.89,0,102,4.31,4.44,4.36
2025-03-17,Grocery,Snacks,SKU1010,Granola Bars,4.61,4.61,2.89,0,240,4.54,4.55,4.59
2025-03-24,Grocery,Snacks,SKU1010,Granola Bars,4.69,4.69,2.9,0,189,4.56,4.52,4.62
2025-03-31,Grocery,Snacks,SKU1010,Granola Bars,4.68,4.68,2.9,0,215,4.34,4.44,4.37
2025-04-07,Grocery,Snacks,SKU1010,Granola Bars,4.45,4.45,2.9,0,162,4.95,4.58,4.2
2025-04-14,Grocery,Snacks,SKU1010,Granola Bars,4.59,4.59,2.91,0,53,4.71,4.39,4.24
2025-04-21,Grocery,Snacks,SKU1010,Granola Bars,4.42,4.42,2.91,0,134,4.61,4.65,4.5
2025-04-28,Grocery,Snacks,SKU1010,Granola Bars,4.45,4.45,2.91,0,50,4.33,4.4,4.09
2025-05-05,Grocery,Snacks,SKU1010,Granola Bars,4.5,4.5,2.9,0,95,4.71,4.45,4.32
2025-05-12,Grocery,Snacks,SKU1010,Granola Bars,4.44,4.44,2.92,0,148,4.62,4.28,4.22
2025-05-19,Grocery,Snacks,SKU1010,Granola Bars,4.42,4.42,2.92,0,186,4.46,4.34,4.24
2025-05-26,Grocery,Snacks,SKU1010,Granola Bars,4.11,4.51,2.91,1,225,4.52,4.61,4.33
2025-06-02,Grocery,Snacks,SKU1010,Granola Bars,4.43,4.43,2.92,0,90,4.28,4.49,3.95
2025-06-09,Grocery,Snacks,SKU1010,Granola Bars,4.45,4.45,2.93,0,166,4.51,4.61,4.26
2025-06-16,Grocery,Snacks,SKU1010,Granola Bars,4.4,4.4,2.92,0,175,4.25,4.18,3.85
2025-06-23,Grocery,Snacks,SKU1010,Granola Bars,4.5,4.5,2.93,0,202,4.33,4.3,4.22
2025-06-30,Grocery,Snacks,SKU1010,Granola Bars,4.25,4.25,2.93,0,101,4.24,4.27,4.26
2025-07-07,Grocery,Snacks,SKU1010,Granola Bars,4.37,4.37,2.94,0,144,4.54,4.42,4.02
2025-07-14,Grocery,Snacks,SKU1010,Granola Bars,4.23,4.23,2.93,0,91,4.08,4.49,4.01
2025-07-21,Grocery,Snacks,SKU1010,Granola Bars,4.17,4.17,2.94,0,154,4.3,4.41,3.9
2025-07-28,Grocery,Snacks,SKU1010,Granola Bars,4.06,4.06,2.93,0,106,3.89,4.01,3.97
2025-08-04,Grocery,Snacks,SKU1010,Granola Bars,4.09,4.09,2.95,0,43,3.95,3.99,3.95
2025-08-11,Grocery,Snacks,SKU1010,Granola Bars,4.2,4.2,2.95,0,210,4.26,3.75,3.9
2025-08-18,Grocery,Snacks,SKU1010,Granola Bars,4.2,4.2,2.95,0,136,3.98,4.37,4.01
2025-08-25,Grocery,Snacks,SKU1010,Granola Bars,4.08,4.08,2.95,0,138,3.99,3.98,3.82
2025-09-01,Grocery,Snacks,SKU1010,Granola Bars,4.24,4.24,2.96,0,74,4.16,4.14,4.03
2025-09-08,Grocery,Snacks,SKU1010,Granola Bars,4.13,4.13,2.96,0,81,4.16,4.1,3.84
2025-09-15,Grocery,Snacks,SKU1010,Granola Bars,3.66,4.04,2.95,1,384,4.14,4.18,3.78
2025-09-22,Grocery,Snacks,SKU1010,Granola Bars,4.01,4.01,2.96,0,194,4.23,3.92,4.18
2025-09-29,Grocery,Snacks,SKU1010,Granola Bars,4.11,4.11,2.96,0,144,4.03,3.99,3.94
2025-10-06,Grocery,Snacks,SKU1010,Granola Bars,4.0,4.0,2.97,0,160,3.9,3.93,3.96
2025-10-13,Grocery,Snacks,SKU1010,Granola Bars,3.28,4.01,2.97,1,171,4.06,4.02,3.92
2025-10-20,Grocery,Snacks,SKU1010,Granola Bars,4.17,4.17,2.97,0,146,4.13,4.08,3.77
2025-10-27,Grocery,Snacks,SKU1010,Granola Bars,4.09,4.09,2.97,0,160,4.03,3.96,3.92
2025-11-03,Grocery,Snacks,SKU1010,Granola Bars,4.31,4.31,2.97,0,63,4.09,4.28,3.68
2025-11-10,Grocery,Snacks,SKU1010,Granola Bars,4.28,4.28,2.97,0,133,4.27,4.27,3.77
2025-11-17,Grocery,Snacks,SKU1010,Granola Bars,3.65,4.25,2.98,1,243,3.95,4.25,3.91
2025-11-24,Grocery,Snacks,SKU1010,Granola Bars,4.23,4.23,2.99,0,184,4.15,4.12,4.0
2025-12-01,Grocery,Snacks,SKU1010,Granola Bars,3.44,4.17,2.98,1,269,4.06,4.17,3.98
2025-12-08,Grocery,Snacks,SKU1010,Granola Bars,4.31,4.31,3.0,0,103,3.85,3.95,4.04
2025-12-15,Grocery,Snacks,SKU1010,Granola Bars,4.3,4.3,3.0,0,132,4.29,4.43,4.15
2025-12-22,Grocery,Snacks,SKU1010,Granola Bars,4.37,4.37,3.0,0,87,4.27,4.28,4.05
