data/pricing_data.csv
week,department,sub_department,sku,product,gt_price,gt_regular_price,cost,promo_flag,units,walmart_price,nofrills_price,dollarama_price
2024-01-01,Grocery,Snacks,SKU1011,Cookies,9.15,10.82,6.95,1,288,10.39,9.93,9.72
2024-01-08,Grocery,Snacks,SKU1011,Cookies,10.21,10.21,6.98,0,123,10.25,9.74,9.08
2024-01-15,Grocery,Snacks,SKU1011,Cookies,10.35,10.35,6.96,0,177,10.17,9.98,10.58
2024-01-22,Grocery,Snacks,SKU1011,Cookies,10.55,10.55,6.96,0,137,10.53,10.23,9.86
2024-01-29,Grocery,Snacks,SKU1011,Cookies,10.4,10.4,6.96,0,106,10.02,10.08,9.69
2024-02-05,Grocery,Snacks,SKU1011,Cookies,10.78,10.78,6.97,0,223,10.46,11.02,10.23
2024-02-12,Grocery,Snacks,SKU1011,Cookies,10.67,10.67,7.0,0,108,10.71,10.46,10.01
2024-02-19,Grocery,Snacks,SKU1011,Cookies,8.26,10.91,7.0,1,127,10.98,10.89,9.99
2024-02-26,Grocery,Snacks,SKU1011,Cookies,10.55,10.55,6.98,0,53,10.17,11.35,10.15
2024-03-04,Grocery,Snacks,SKU1011,Cookies,9.46,10.51,7.02,1,155,10.94,10.46,10.05
2024-03-11,Grocery,Snacks,SKU1011,Cookies,10.54,10.54,7.02,0,245,10.57,10.5,10.27
2024-03-18,Grocery,Snacks,SKU1011,Cookies,8.67,10.89,7.04,1,246,9.94,10.67,9.55
2024-03-25,Grocery,Snacks,SKU1011,Cookies,11.08,11.08,7.03,0,130,10.26,11.36,10.22
2024-04-01,Grocery,Snacks,SKU1011,Cookies,10.75,10.75,7.04,0,142,10.29,11.27,10.1
2024-04-08,Grocery,Snacks,SKU1011,Cookies,11.0,11.0,7.05,0,72,10.46,10.63,10.36
2024-04-15,Grocery,Snacks,SKU1011,Cookies,10.55,10.55,7.04,0,49,10.11,10.74,9.62
2024-04-22,Grocery,Snacks,SKU1011,Cookies,10.57,10.57,7.05,0,200,10.72,11.38,10.22
2024-04-29,Grocery,Snacks,SKU1011,Cookies,10.77,10.77,7.08,0,64,10.99,10.23,9.95
2024-05-06,Grocery,Snacks,SKU1011,Cookies,10.62,10.62,7.07,0,157,10.69,10.39,10.02
2024-05-13,Grocery,Snacks,SKU1011,Cookies,9.6,10.52,7.08,1,218,10.16,10.59,9.46
2024-05-20,Grocery,Snacks,SKU1011,Cookies,11.1,11.1,7.1,0,92,10.86,10.88,10.33
2024-05-27,Grocery,Snacks,SKU1011,Cookies,10.79,10.79,7.09,0,53,9.87,10.63,9.96
2024-06-03,Grocery,Snacks,SKU1011,Cookies,10.71,10.71,7.08,0,147,10.66,10.61,9.95
2024-06-10,Grocery,Snacks,SKU1011,Cookies,10.79,10.79,7.11,0,204,10.59,10.75,9.99
2024-06-17,Grocery,Snacks,SKU1011,Cookies,11.03,11.03,7.13,0,75,10.06,10.8,10.31
2024-06-24,Grocery,Snacks,SKU1011,Cookies,9.27,10.57,7.12,1,172,10.44,10.28,9.99
2024-07-01,Grocery,Snacks,SKU1011,Cookies,10.59,10.59,7.12,0,132,10.93,10.68,10.45
2024-07-08,Grocery,Snacks,SKU1011,Cookies,10.01,10.01,7.11,0,51,9.54,10.14,9.48
2024-07-15,Grocery,Snacks,SKU1011,Cookies,9.87,9.87,7.15,0,79,9.6,9.66,9.83
2024-07-22,Grocery,Snacks,SKU1011,Cookies,9.63,9.63,7.15,0,272,10.12,10.21,10.18
2024-07-29,Grocery,Snacks,SKU1011,Cookies,10.0,10.0,7.13,0,206,9.95,9.93,9.34
2024-08-05,Grocery,Snacks,SKU1011,Cookies,10.77,10.77,7.14,0,163,9.64,9.56,9.57
2024-08-12,Grocery,Snacks,SKU1011,Cookies,9.9,9.9,7.14,0,154,10.1,9.75,9.28
2024-08-19,Grocery,Snacks,SKU1011,Cookies,9.34,10.34,7.15,1,242,9.83,10.38,9.69
2024-08-26,Grocery,Snacks,SKU1011,Cookies,10.14,10.14,7.17,0,89,9.65,10.27,9.11
2024-09-02,Grocery,Snacks,SKU1011,Cookies,9.63,9.63,7.15,0,91,9.7,9.65,9.26
2024-09-09,Grocery,Snacks,SKU1011,Cookies,9.85,9.85,7.17,0,142,9.12,9.71,9.38
2024-09-16,Grocery,Snacks,SKU1011,Cookies,9.61,9.61,7.17,0,79,9.14,9.71,9.63
2024-09-23,Grocery,Snacks,SKU1011,Cookies,9.83,9.83,7.2,0,68,9.69,9.39,10.17
2024-09-30,Grocery,Snacks,SKU1011,Cookies,9.52,9.52,7.2,0,86,9.71,9.19,9.52
2024-10-07,Grocery,Snacks,SKU1011,Cookies,10.27,10.27,7.23,0,95,9.95,10.02,8.97
2024-10-14,Grocery,Snacks,SKU1011,Cookies,10.02,10.02,7.21,0,106,8.73,9.68,9.57
2024-10-21,Grocery,Snacks,SKU1011,Cookies,10.03,10.03,7.22,0,222,10.06,10.18,9.19
2024-10-28,Grocery,Snacks,SKU1011,Cookies,9.92,9.92,7.25,0,176,9.12,9.73,9.21
2024-11-04,Grocery,Snacks,SKU1011,Cookies,10.02,10.02,7.2,0,73,9.97,9.94,9.41
2024-11-11,Grocery,Snacks,SKU1011,Cookies,9.87,9.87,7.24,0,275,9.68,9.95,8.91
2024-11-18,Grocery,Snacks,SKU1011,Cookies,10.24,10.24,7.22,0,138,9.54,9.97,9.85
2024-11-25,Grocery,Snacks,SKU1011,Cookies,9.98,9.98,7.24,0,197,9.96,10.11,9.43
2024-12-02,Grocery,Snacks,SKU1011,Cookies,9.9,9.9,7.25,0,55,9.7,10.74,8.93
2024-12-09,Grocery,Snacks,SKU1011,Cookies,10.25,10.25,7.26,0,110,10.12,10.15,9.33
2024-12-16,Grocery,Snacks,SKU1011,Cookies,10.23,10.23,7.26,0,71,9.35,10.14,9.26
2024-12-23,Grocery,Snacks,SKU1011,Cookies,10.63,10.63,7.25,0,152,10.22,10.24,10.07
2024-12-30,Grocery,Snacks,SKU1011,Cookies,10.28,10.28,7.28,0,93,10.02,9.5,9.59
2025-01-06,Grocery,Snacks,SKU1011,Cookies,10.69,10.69,7.3,0,196,9.95,10.19,9.99
2025-01-13,Grocery,Snacks,SKU1011,Cookies,10.45,10.45,7.29,0,154,9.92,10.77,10.42
2025-01-20,Grocery,Snacks,SKU1011,Cookies,10.44,10.44,7.29,0,45,10.68,10.0,9.58
2025-01-27,Grocery,Snacks,SKU1011,Cookies,10.29,10.29,7.31,0,91,10.15,10.28,10.25
2025-02-03,Grocery,Snacks,SKU1011,Cookies,10.98,10.98,7.31,0,161,11.39,10.14,10.05
2025-02-10,Grocery,Snacks,SKU1011,Cookies,10.12,10.12,7.31,0,110,10.4,10.5,9.53
2025-02-17,Grocery,Snacks,SKU1011,Cookies,10.84,10.84,7.34,0,115,10.16,10.75,10.31
2025-02-24,Grocery,Snacks,SKU1011,Cookies,10.68,10.68,7.33,0,117,10.62,10.44,10.14
2025-03-03,Grocery,Snacks,SKU1011,Cookies,10.49,10.49,7.33,0,228,10.68,10.34,9.64
2025-03-10,Grocery,Snacks,SKU1011,Cookies,10.93,10.93,7.3,0,92,10.4,10.6,10.45
2025-03-17,Grocery,Snacks,SKU1011,Cookies,10.71,10.71,7.36,0,177,10.3,10.09,10.13
2025-03-24,Grocery,Snacks,SKU1011,Cookies,11.15,11.15,7.35,0,72,10.57,10.65,10.56
2025-03-31,Grocery,Snacks,SKU1011,Cookies,10.64,10.64,7.38,0,158,10.61,10.54,10.21
2025-04-07,Grocery,Snacks,SKU1011,Cookies,11.0,11.0,7.37,0,204,10.92,10.99,10.29
2025-04-14,Grocery,Snacks,SKU1011,Cookies,10.88,10.88,7.37,0,188,10.44,11.28,10.19
2025-04-21,Grocery,Snacks,SKU1011,Cookies,9.63,10.94,7.36,1,181,10.84,10.18,10.03
2025-04-28,Grocery,Snacks,SKU1011,Cookies,10.7,10.7,7.39,0,114,10.59,10.9,10.46
2025-05-05,Grocery,Snacks,SKU1011,Cookies,10.72,10.72,7.38,0,48,10.54,10.86,10.18
2025-05-12,Grocery,Snacks,SKU1011,Cookies,10.93,10.93,7.39,0,223,10.76,10.81,10.36
2025-05-19,Grocery,Snacks,SKU1011,Cookies,8.35,11.09,7.4,1,448,10.23,10.68,10.52
2025-05-26,Grocery,Snacks,SKU1011,Cookies,10.4,10.4,7.41,0,109,10.0,10.5,9.79
2025-06-02,Grocery,Snacks,SKU1011,Cookies,10.51,10.51,7.39,0,87,9.84,10.08,9.94
2025-06-09,Grocery,Snacks,SKU1011,Cookies,10.53,10.53,7.43,0,54,10.5,10.15,9.56
2025-06-16,Grocery,Snacks,SKU1011,Cookies,10.82,10.82,7.43,0,214,9.93,9.6,10.41
2025-06-23,Grocery,Snacks,SKU1011,Cookies,9.29,10.56,7.42,1,199,10.11,10.0,9.11
2025-06-30,Grocery,Snacks,SKU1011,Cookies,10.65,10.65,7.48,0,211,10.06,10.57,9.83
2025-07-07,Grocery,Snacks,SKU1011,Cookies,9.81,9.81,7.43,0,160,9.93,9.57,9.68
2025-07-14,Grocery,Snacks,SKU1011,Cookies,10.14,10.14,7.47,0,177,9.78,10.17,9.47
2025-07-21,Grocery,Snacks,SKU1011,Cookies,9.07,10.27,7.45,1,202,9.6,9.9,9.26
2025-07-28,Grocery,Snacks,SKU1011,Cookies,9.71,9.71,7.47,0,153,9.9,9.81,9.58
2025-08-04,Grocery,Snacks,SKU1011,Cookies,10.1,10.1,7.47,0,109,9.94,10.25,9.71
2025-08-11,Grocery,Snacks,SKU1011,Cookies,10.19,10.19,7.49,0,163,9.84,10.02,9.17
2025-08-18,Grocery,Snacks,SKU1011,Cookies,9.98,9.98,7.48,0,153,10.05,10.03,9.83
2025-08-25,Grocery,Snacks,SKU1011,Cookies,10.0,10.0,7.49,0,63,9.7,9.66,9.3
2025-09-01,Grocery,Snacks,SKU1011,Cookies,9.92,9.92,7.5,0,73,9.53,10.18,8.73
2025-09-08,Grocery,Snacks,SKU1011,Cookies,9.84,9.84,7.49,0,41,10.06,9.94,8.99
2025-09-15,Grocery,Snacks,SKU1011,Cookies,9.75,9.75,7.52,0,105,10.5,9.68,9.44
2025-09-22,Grocery,Snacks,SKU1011,Cookies,9.39,9.39,7.51,0,101,9.33,10.08,9.11
2025-09-29,Grocery,Snacks,SKU1011,Cookies,9.84,9.84,7.53,0,118,9.63,9.41,8.8
2025-10-06,Grocery,Snacks,SKU1011,Cookies,9.92,9.92,7.53,0,82,9.86,9.87,9.91
2025-10-13,Grocery,Snacks,SKU1011,Cookies,10.11,10.11,7.55,0,123,9.27,9.26,9.33
2025-10-20,Grocery,Snacks,SKU1011,Cookies,9.99,9.99,7.54,0,152,9.7,10.1,9.4
2025-10-27,Grocery,Snacks,SKU1011,Cookies,9.57,9.57,7.54,0,251,8.95,9.75,9.22
2025-11-03,Grocery,Snacks,SKU1011,Cookies,9.16,10.28,7.53,1,336,9.85,9.9,9.24
2025-11-10,Grocery,Snacks,SKU1011,Cookies,10.07,10.07,7.57,0,137,9.91,9.81,9.55
2025-11-17,Grocery,Snacks,SKU1011,Cookies,10.25,10.25,7.53,0,151,10.04,9.72,9.71
2025-11-24,Grocery,Snacks,SKU1011,Cookies,10.05,10.05,7.58,0,116,9.64,9.8,9.81
2025-12-01,Grocery,Snacks,SKU1011,Cookies,10.0,10.0,7.57,0,125,10.01,10.16,9.29
2025-12-08,Grocery,Snacks,SKU1011,Cookies,10.17,10.17,7.6,0,217,10.29,10.58,9.26
2025-12-15,Grocery,Snacks,SKU1011,Cookies,8.13,10.38,7.58,1,227,10.38,10.28,9.6
2025-12-22,Grocery,Snacks,SKU1011,Cookies,10.61,10.61,7.61,0,230,10.35,10.32,9.7
2024-01-01,Grocery,Snacks,SKU1012,Popcorn,10.68,10.68,6.77,0,128,10.61,10.46,10.28
2024-01-08,Grocery,Snacks,SKU1012,Popcorn,10.24,10.24,6.78,0,60,10.59,10.27,10.4
2024-01-15,Grocery,Snacks,SKU1012,Popcorn,10.3,10.3,6.78,0,247,10.5,10.31,9.44
2024-01-22,Grocery,Snacks,SKU1012,Popcorn,10.61,10.61,6.8,0,76,10.9,11.2,9.53
2024-01-29,Grocery,Snacks,SKU1012,Popcorn,10.97,10.97,6.79,0,204,10.62,11.29,10.22
2024-02-05,Grocery,Snacks,SKU1012,Popcorn,10.46,10.46,6.8,0,235,10.63,10.33,10.4
2024-02-12,Grocery,Snacks,SKU1012,Popcorn,8.09,10.72,6.81,1,267,10.25,10.05,10.07
2024-02-19,Grocery,Snacks,SKU1012,Popcorn,10.95,10.95,6.8,0,197,10.55,10.97,10.4
2024-02-26,Grocery,Snacks,SKU1012,Popcorn,10.85,10.85,6.83,0,201,10.47,10.59,10.59
2024-03-04,Grocery,Snacks,SKU1012,Popcorn,10.56,10.56,6.8,0,165,11.1,10.78,9.74
2024-03-11,Grocery,Snacks,SKU1012,Popcorn,10.61,10.61,6.84,0,247,10.26,11.06,9.82
2024-03-18,Grocery,Snacks,SKU1012,Popcorn,10.58,10.58,6.84,0,243,10.76,11.21,10.1
2024-03-25,Grocery,Snacks,SKU1012,Popcorn,10.71,10.71,6.86,0,50,10.98,11.45,9.77
2024-04-01,Grocery,Snacks,SKU1012,Popcorn,10.97,10.97,6.86,0,112,10.52,11.1,10.63
2024-04-08,Grocery,Snacks,SKU1012,Popcorn,11.27,11.27,6.86,0,209,11.06,10.95,10.66
2024-04-15,Grocery,Snacks,SKU1012,Popcorn,10.96,10.96,6.88,0,145,10.86,11.1,10.42
2024-04-22,Grocery,Snacks,SKU1012,Popcorn,11.36,11.36,6.89,0,213,10.62,10.77,9.9
2024-04-29,Grocery,Snacks,SKU1012,Popcorn,10.96,10.96,6.9,0,129,10.45,10.5,10.84
2024-05-06,Grocery,Snacks,SKU1012,Popcorn,10.83,10.83,6.89,0,158,10.34,10.77,10.47
2024-05-13,Grocery,Snacks,SKU1012,Popcorn,11.03,11.03,6.9,0,146,10.59,10.57,10.14
2024-05-20,Grocery,Snacks,SKU1012,Popcorn,10.65,10.65,6.88,0,166,10.43,10.88,10.34
2024-05-27,Grocery,Snacks,SKU1012,Popcorn,10.95,10.95,6.92,0,148,10.99,10.81,10.65
2024-06-03,Grocery,Snacks,SKU1012,Popcorn,10.7,10.7,6.89,0,87,10.6,10.36,10.5
2024-06-10,Grocery,Snacks,SKU1012,Popcorn,10.32,10.32,6.92,0,216,10.64,10.02,9.73
2024-06-17,Grocery,Snacks,SKU1012,Popcorn,10.5,10.5,6.91,0,54,10.08,9.94,10.05
2024-06-24,Grocery,Snacks,SKU1012,Popcorn,10.42,10.42,6.95,0,235,10.45,10.47,10.1
2024-07-01,Grocery,Snacks,SKU1012,Popcorn,10.6,10.6,6.93,0,88,10.04,10.64,9.58
2024-07-08,Grocery,Snacks,SKU1012,Popcorn,10.11,10.11,6.93,0,158,10.19,10.41,9.35
2024-07-15,Grocery,Snacks,SKU1012,Popcorn,10.54,10.54,6.97,0,117,10.12,10.31,9.94
2024-07-22,Grocery,Snacks,SKU1012,Popcorn,10.11,10.11,6.98,0,251,9.95,10.27,9.87
2024-07-29,Grocery,Snacks,SKU1012,Popcorn,10.58,10.58,6.95,0,211,10.34,10.3,9.96
2024-08-05,Grocery,Snacks,SKU1012,Popcorn,10.21,10.21,6.97,0,86,10.18,10.32,9.94
2024-08-12,Grocery,Snacks,SKU1012,Popcorn,10.04,10.04,6.98,0,201,10.17,10.33,9.23
2024-08-19,Grocery,Snacks,SKU1012,Popcorn,10.16,10.16,6.97,0,235,10.04,9.43,9.85
2024-08-26,Grocery,Snacks,SKU1012,Popcorn,10.59,10.59,6.98,0,84,9.91,9.43,9.3
2024-09-02,Grocery,Snacks,SKU1012,Popcorn,9.79,9.79,7.0,0,57,10.18,9.93,9.73
2024-09-09,Grocery,Snacks,SKU1012,Popcorn,10.19,10.19,7.0,0,221,9.85,9.42,8.73
2024-09-16,Grocery,Snacks,SKU1012,Popcorn,10.0,10.0,7.02,0,190,10.33,10.0,9.44
2024-09-23,Grocery,Snacks,SKU1012,Popcorn,10.27,10.27,7.01,0,173,9.61,9.81,10.0
2024-09-30,Grocery,Snacks,SKU1012,Popcorn,10.19,10.19,7.01,0,67,9.2,9.92,9.52
2024-10-07,Grocery,Snacks,SKU1012,Popcorn,10.1,10.1,7.02,0,266,9.77,10.08,9.21
2024-10-14,Grocery,Snacks,SKU1012,Popcorn,10.07,10.07,7.04,0,228,9.69,10.19,9.93
2024-10-21,Grocery,Snacks,SKU1012,Popcorn,10.33,10.33,7.03,0,242,9.73,9.73,9.21
2024-10-28,Grocery,Snacks,SKU1012,Popcorn,10.22,10.22,7.05,0,247,9.8,9.98,9.26
2024-11-04,Grocery,Snacks,SKU1012,Popcorn,10.25,10.25,7.04,0,100,9.54,10.03,9.65
2024-11-11,Grocery,Snacks,SKU1012,Popcorn,9.57,9.57,7.05,0,241,9.75,9.55,9.05
2024-11-18,Grocery,Snacks,SKU1012,Popcorn,9.95,9.95,7.06,0,173,9.72,10.16,9.16
2024-11-25,Grocery,Snacks,SKU1012,Popcorn,7.86,10.04,7.06,1,226,10.01,10.23,9.36
2024-12-02,Grocery,Snacks,SKU1012,Popcorn,10.49,10.49,7.08,0,110,10.57,9.98,9.86
2024-12-09,Grocery,Snacks,SKU1012,Popcorn,10.46,10.46,7.09,0,45,9.76,10.45,9.61
2024-12-16,Grocery,Snacks,SKU1012,Popcorn,10.54,10.54,7.07,0,232,10.6,10.23,9.78
2024-12-23,Grocery,Snacks,SKU1012,Popcorn,10.6,10.6,7.09,0,179,10.34,10.73,9.26
2024-12-30,Grocery,Snacks,SKU1012,Popcorn,10.69,10.69,7.08,0,118,10.7,10.02,10.06
2025-01-06,Grocery,Snacks,SKU1012,Popcorn,10.54,10.54,7.1,0,83,10.8,10.55,9.83
2025-01-13,Grocery,Snacks,SKU1012,Popcorn,10.33,10.33,7.14,0,71,10.0,10.39,9.89
2025-01-20,Grocery,Snacks,SKU1012,Popcorn,10.61,10.61,7.12,0,185,10.02,10.79,9.8
2025-01-27,Grocery,Snacks,SKU1012,Popcorn,10.43,10.43,7.11,0,171,10.68,10.18,10.35
2025-02-03,Grocery,Snacks,SKU1012,Popcorn,10.73,10.73,7.12,0,142,10.35,10.37,10.25
2025-02-10,Grocery,Snacks,SKU1012,Popcorn,10.7,10.7,7.15,0,118,10.19,10.16,9.52
2025-02-17,Grocery,Snacks,SKU1012,Popcorn,10.84,10.84,7.14,0,112,10.52,10.29,10.39
2025-02-24,Grocery,Snacks,SKU1012,Popcorn,11.39,11.39,7.16,0,100,10.77,10.61,10.68
2025-03-03,Grocery,Snacks,SKU1012,Popcorn,10.97,10.97,7.15,0,249,10.41,10.26,10.08
2025-03-10,Grocery,Snacks,SKU1012,Popcorn,11.16,11.16,7.16,0,71,10.39,10.73,10.85
2025-03-17,Grocery,Snacks,SKU1012,Popcorn,10.87,10.87,7.2,0,181,10.46,11.24,10.12
2025-03-24,Grocery,Snacks,SKU1012,Popcorn,10.86,10.86,7.16,0,102,10.6,10.8,10.0
2025-03-31,Grocery,Snacks,SKU1012,Popcorn,10.53,10.53,7.18,0,219,11.12,10.89,10.26
2025-04-07,Grocery,Snacks,SKU1012,Popcorn,10.73,10.73,7.19,0,75,10.31,10.77,10.66
2025-04-14,Grocery,Snacks,SKU1012,Popcorn,10.88,10.88,7.19,0,115,11.33,11.07,10.42
2025-04-21,Grocery,Snacks,SKU1012,Popcorn,10.86,10.86,7.2,0,61,10.23,10.85,9.71
2025-04-28,Grocery,Snacks,SKU1012,Popcorn,11.22,11.22,7.2,0,179,10.7,11.0,9.87
2025-05-05,Grocery,Snacks,SKU1012,Popcorn,10.74,10.74,7.21,0,124,10.58,11.15,10.59
2025-05-12,Grocery,Snacks,SKU1012,Popcorn,11.12,11.12,7.23,0,97,9.71,10.6,9.68
2025-05-19,Grocery,Snacks,SKU1012,Popcorn,10.98,10.98,7.24,0,155,11.17,10.43,9.35
2025-05-26,Grocery,Snacks,SKU1012,Popcorn,10.64,10.64,7.21,0,124,9.79,10.57,10.22
2025-06-02,Grocery,Snacks,SKU1012,Popcorn,10.87,10.87,7.21,0,117,10.52,10.72,9.77
2025-06-09,Grocery,Snacks,SKU1012,Popcorn,10.94,10.94,7.23,0,88,11.11,11.35,10.07
2025-06-16,Grocery,Snacks,SKU1012,Popcorn,10.6,10.6,7.25,0,219,10.28,10.53,9.99
2025-06-23,Grocery,Snacks,SKU1012,Popcorn,10.73,10.73,7.27,0,170,11.05,10.6,10.13
2025-06-30,Grocery,Snacks,SKU1012,Popcorn,11.01,11.01,7.28,0,205,11.11,10.87,9.91
2025-07-07,Grocery,Snacks,SKU1012,Popcorn,10.9,10.9,7.25,0,174,10.64,11.33,9.73
2025-07-14,Grocery,Snacks,SKU1012,Popcorn,10.03,10.03,7.27,0,38,10.03,10.33,9.6
2025-07-21,Grocery,Snacks,SKU1012,Popcorn,10.58,10.58,7.3,0,41,9.71,10.07,9.78
2025-07-28,Grocery,Snacks,SKU1012,Popcorn,11.0,11.0,7.27,0,147,10.3,9.93,9.73
2025-08-04,Grocery,Snacks,SKU1012,Popcorn,9.98,9.98,7.31,0,44,10.5,10.28,9.56
2025-08-11,Grocery,Snacks,SKU1012,Popcorn,10.24,10.24,7.29,0,188,10.0,10.15,9.87
2025-08-18,Grocery,Snacks,SKU1012,Popcorn,9.93,9.93,7.29,0,69,9.62,9.7,9.79
2025-08-25,Grocery,Snacks,SKU1012,Popcorn,10.56,10.56,7.32,0,207,10.05,10.15,9.92
2025-09-01,Grocery,Snacks,SKU1012,Popcorn,9.97,9.97,7.33,0,119,9.97,10.14,9.58
2025-09-08,Grocery,Snacks,SKU1012,Popcorn,10.06,10.06,7.31,0,155,9.5,9.65,9.43
2025-09-15,Grocery,Snacks,SKU1012,Popcorn,10.05,10.05,7.32,0,93,9.68,9.66,9.39
2025-09-22,Grocery,Snacks,SKU1012,Popcorn,9.89,9.89,7.31,0,77,9.3,9.74,8.97
2025-09-29,Grocery,Snacks,SKU1012,Popcorn,10.31,10.31,7.33,0,113,9.66,9.82,9.5
2025-10-06,Grocery,Snacks,SKU1012,Popcorn,9.86,9.86,7.32,0,161,9.63,9.59,9.69
2025-10-13,Grocery,Snacks,SKU1012,Popcorn,8.59,10.7,7.33,1,106,10.52,10.24,9.42
2025-10-20,Grocery,Snacks,SKU1012,Popcorn,9.97,9.97,7.37,0,103,9.9,9.89,9.81
2025-10-27,Grocery,Snacks,SKU1012,Popcorn,8.73,10.01,7.36,1,312,10.07,10.41,9.41
2025-11-03,Grocery,Snacks,SKU1012,Popcorn,7.52,9.49,7.36,1,141,9.72,9.76,9.62
2025-11-10,Grocery,Snacks,SKU1012,Popcorn,10.25,10.25,7.37,0,123,10.01,9.95,9.5
2025-11-17,Grocery,Snacks,SKU1012,Popcorn,9.51,10.38,7.39,1,352,10.11,9.68,9.84
2025-11-24,Grocery,Snacks,SKU1012,Popcorn,10.13,10.13,7.38,0,280,9.64,10.77,10.25
2025-12-01,Grocery,Snacks,SKU1012,Popcorn,10.06,10.06,7.37,0,102,10.56,10.1,9.64
2025-12-08,Grocery,Snacks,SKU1012,Popcorn,10.41,10.41,7.37,0,213,10.22,10.3,9.8
2025-12-15,Grocery,Snacks,SKU1012,Popcorn,9.88,9.88,7.39,0,94,10.14,10.13,9.56
2025-12-22,Grocery,Snacks,SKU1012,Popcorn,8.29,10.72,7.41,1,470,10.8,10.71,10.37
