data/pricing_data.csv
week,department,sub_department,sku,product,gt_price,gt_regular_price,cost,promo_flag,units,walmart_price,nofrills_price,dollarama_price
2024-01-01,Household,Laundry,SKU1013,Detergent 2L,3.58,3.58,2.64,0,230,3.61,3.75,3.29
2024-01-08,Household,Laundry,SKU1013,Detergent 2L,3.89,3.89,2.64,0,99,3.62,3.71,3.7
2024-01-15,Household,Laundry,SKU1013,Detergent 2L,3.66,3.66,2.64,0,93,3.66,3.6,3.5
2024-01-22,Household,Laundry,SKU1013,Detergent 2L,3.88,3.88,2.64,0,115,3.52,3.61,3.48
2024-01-29,Household,Laundry,SKU1013,Detergent 2L,3.6,3.6,2.64,0,204,3.81,3.91,3.62
2024-02-05,Household,Laundry,SKU1013,Detergent 2L,3.71,3.71,2.64,0,138,3.79,3.77,3.59
2024-02-12,Household,Laundry,SKU1013,Detergent 2L,3.75,3.75,2.66,0,249,3.73,4.08,3.41
2024-02-19,Household,Laundry,SKU1013,Detergent 2L,3.86,3.86,2.65,0,57,3.67,3.78,3.5
2024-02-26,Household,Laundry,SKU1013,Detergent 2L,3.88,3.88,2.65,0,54,3.67,3.96,3.6
2024-03-04,Household,Laundry,SKU1013,Detergent 2L,3.85,3.85,2.65,0,92,3.77,3.67,3.54
2024-03-11,Household,Laundry,SKU1013,Detergent 2L,3.8,3.8,2.65,0,112,3.63,3.87,3.69
2024-03-18,Household,Laundry,SKU1013,Detergent 2L,3.77,3.77,2.66,0,212,3.79,3.65,3.6
2024-03-25,Household,Laundry,SKU1013,Detergent 2L,3.68,3.68,2.67,0,162,3.62,3.93,3.57
2024-04-01,Household,Laundry,SKU1013,Detergent 2L,3.75,3.75,2.67,0,167,3.84,3.94,3.68
2024-04-08,Household,Laundry,SKU1013,Detergent 2L,3.78,3.78,2.67,0,197,3.79,3.65,3.55
2024-04-15,Household,Laundry,SKU1013,Detergent 2L,3.83,3.83,2.67,0,36,3.78,3.68,3.73
2024-04-22,Household,Laundry,SKU1013,Detergent 2L,3.88,3.88,2.67,0,259,3.9,3.83,3.43
2024-04-29,Household,Laundry,SKU1013,Detergent 2L,3.84,3.84,2.68,0,74,3.63,3.77,3.75
2024-05-06,Household,Laundry,SKU1013,Detergent 2L,3.9,3.9,2.68,0,178,3.66,3.88,3.55
2024-05-13,Household,Laundry,SKU1013,Detergent 2L,3.87,3.87,2.68,0,144,3.88,3.83,3.57
2024-05-20,Household,Laundry,SKU1013,Detergent 2L,3.78,3.78,2.68,0,220,3.62,3.9,3.69
2024-05-27,Household,Laundry,SKU1013,Detergent 2L,3.72,3.72,2.69,0,170,3.58,3.87,3.52
2024-06-03,Household,Laundry,SKU1013,Detergent 2L,3.61,3.61,2.67,0,188,3.62,3.49,3.28
2024-06-10,Household,Laundry,SKU1013,Detergent 2L,3.79,3.79,2.69,0,111,3.87,3.68,3.51
2024-06-17,Household,Laundry,SKU1013,Detergent 2L,3.59,3.59,2.68,0,107,3.68,3.5,3.47
2024-06-24,Household,Laundry,SKU1013,Detergent 2L,3.69,3.69,2.7,0,178,3.66,3.74,3.5
2024-07-01,Household,Laundry,SKU1013,Detergent 2L,3.8,3.8,2.69,0,37,3.86,3.72,3.54
2024-07-08,Household,Laundry,SKU1013,Detergent 2L,3.7,3.7,2.69,0,147,3.69,3.58,3.54
2024-07-15,Household,Laundry,SKU1013,Detergent 2L,3.7,3.7,2.7,0,75,3.44,3.63,3.44
2024-07-22,Household,Laundry,SKU1013,Detergent 2L,3.54,3.54,2.7,0,210,3.62,3.67,3.4
2024-07-29,Household,Laundry,SKU1013,Detergent 2L,3.48,3.48,2.71,0,161,3.4,3.73,3.36
2024-08-05,Household,Laundry,SKU1013,Detergent 2L,2.99,3.55,2.71,1,207,3.57,3.53,3.33
2024-08-12,Household,Laundry,SKU1013,Detergent 2L,3.61,3.61,2.71,0,55,3.51,3.43,3.18
2024-08-19,Household,Laundry,SKU1013,Detergent 2L,3.5,3.5,2.71,0,46,3.55,3.47,3.19
2024-08-26,Household,Laundry,SKU1013,Detergent 2L,3.68,3.68,2.71,0,59,3.42,3.51,3.18
2024-09-02,Household,Laundry,SKU1013,Detergent 2L,3.44,3.44,2.72,0,165,3.48,3.42,3.39
2024-09-09,Household,Laundry,SKU1013,Detergent 2L,3.57,3.57,2.71,0,73,3.58,3.9,3.42
2024-09-16,Household,Laundry,SKU1013,Detergent 2L,3.54,3.54,2.71,0,39,3.33,3.6,3.32
2024-09-23,Household,Laundry,SKU1013,Detergent 2L,3.54,3.54,2.72,0,206,3.37,3.34,3.34
2024-09-30,Household,Laundry,SKU1013,Detergent 2L,3.47,3.47,2.72,0,91,3.44,3.58,3.32
2024-10-07,Household,Laundry,SKU1013,Detergent 2L,3.5,3.5,2.72,0,189,3.58,3.6,3.2
2024-10-14,Household,Laundry,SKU1013,Detergent 2L,3.55,3.55,2.72,0,221,3.27,3.48,3.41
2024-10-21,Household,Laundry,SKU1013,Detergent 2L,3.44,3.44,2.73,0,74,3.65,3.39,3.0
2024-10-28,Household,Laundry,SKU1013,Detergent 2L,3.46,3.46,2.74,0,191,3.3,3.52,3.25
2024-11-04,Household,Laundry,SKU1013,Detergent 2L,3.51,3.51,2.73,0,78,3.46,3.4,3.25
2024-11-11,Household,Laundry,SKU1013,Detergent 2L,3.56,3.56,2.75,0,267,3.55,3.44,3.27
2024-11-18,Household,Laundry,SKU1013,Detergent 2L,3.52,3.52,2.74,0,186,3.5,3.55,3.38
2024-11-25,Household,Laundry,SKU1013,Detergent 2L,3.56,3.56,2.75,0,91,3.27,3.44,3.27
2024-12-02,Household,Laundry,SKU1013,Detergent 2L,3.61,3.61,2.75,0,132,3.69,3.45,3.26
2024-12-09,Household,Laundry,SKU1013,Detergent 2L,3.49,3.49,2.75,0,211,3.41,3.64,3.44
2024-12-16,Household,Laundry,SKU1013,Detergent 2L,3.09,3.63,2.76,1,292,3.36,3.8,3.38
2024-12-23,Household,Laundry,SKU1013,Detergent 2L,3.63,3.63,2.75,0,189,3.51,3.52,3.3
2024-12-30,Household,Laundry,SKU1013,Detergent 2L,2.81,3.75,2.76,1,305,3.61,3.69,3.46
2025-01-06,Household,Laundry,SKU1013,Detergent 2L,3.68,3.68,2.76,0,135,3.75,3.7,3.45
2025-01-13,Household,Laundry,SKU1013,Detergent 2L,3.73,3.73,2.77,0,142,3.52,3.68,3.51
2025-01-20,Household,Laundry,SKU1013,Detergent 2L,3.34,3.71,2.76,1,268,3.68,3.86,3.66
2025-01-27,Household,Laundry,SKU1013,Detergent 2L,3.84,3.84,2.76,0,141,3.6,3.72,3.51
2025-02-03,Household,Laundry,SKU1013,Detergent 2L,3.93,3.93,2.77,0,102,3.74,3.8,3.75
2025-02-10,Household,Laundry,SKU1013,Detergent 2L,3.68,3.68,2.76,0,49,3.47,3.87,3.58
2025-02-17,Household,Laundry,SKU1013,Detergent 2L,3.83,3.83,2.77,0,116,3.87,3.96,3.62
2025-02-24,Household,Laundry,SKU1013,Detergent 2L,3.74,3.74,2.78,0,87,3.81,3.82,3.65
2025-03-03,Household,Laundry,SKU1013,Detergent 2L,3.75,3.75,2.77,0,72,4.07,3.81,3.59
2025-03-10,Household,Laundry,SKU1013,Detergent 2L,3.75,3.75,2.78,0,42,3.6,3.96,3.58
2025-03-17,Household,Laundry,SKU1013,Detergent 2L,3.82,3.82,2.77,0,49,3.52,3.89,3.61
2025-03-24,Household,Laundry,SKU1013,Detergent 2L,3.97,3.97,2.78,0,59,3.79,3.94,3.53
2025-03-31,Household,Laundry,SKU1013,Detergent 2L,3.79,3.79,2.78,0,220,3.7,3.96,3.55
2025-04-07,Household,Laundry,SKU1013,Detergent 2L,3.88,3.88,2.79,0,129,3.78,3.83,3.42
2025-04-14,Household,Laundry,SKU1013,Detergent 2L,3.89,3.89,2.8,0,64,3.75,3.85,3.59
2025-04-21,Household,Laundry,SKU1013,Detergent 2L,3.83,3.83,2.79,0,43,3.58,3.63,3.56
2025-04-28,Household,Laundry,SKU1013,Detergent 2L,3.85,3.85,2.79,0,176,3.89,3.83,3.51
2025-05-05,Household,Laundry,SKU1013,Detergent 2L,3.85,3.85,2.79,0,235,3.67,3.77,3.56
2025-05-12,Household,Laundry,SKU1013,Detergent 2L,3.77,3.77,2.8,0,59,3.76,3.75,3.64
2025-05-19,Household,Laundry,SKU1013,Detergent 2L,3.82,3.82,2.8,0,224,3.5,3.74,3.61
2025-05-26,Household,Laundry,SKU1013,Detergent 2L,3.75,3.75,2.81,0,177,3.59,3.76,3.57
2025-06-02,Household,Laundry,SKU1013,Detergent 2L,3.7,3.7,2.8,0,196,3.74,3.62,3.45
2025-06-09,Household,Laundry,SKU1013,Detergent 2L,3.24,3.88,2.81,1,294,3.84,3.79,3.58
2025-06-16,Household,Laundry,SKU1013,Detergent 2L,3.68,3.68,2.82,0,258,3.64,3.52,3.49
2025-06-23,Household,Laundry,SKU1013,Detergent 2L,3.57,3.57,2.81,0,202,3.91,3.65,3.38
2025-06-30,Household,Laundry,SKU1013,Detergent 2L,2.84,3.71,2.82,1,75,3.69,3.66,3.49
2025-07-07,Household,Laundry,SKU1013,Detergent 2L,3.68,3.68,2.81,0,120,3.62,3.38,3.2
2025-07-14,Household,Laundry,SKU1013,Detergent 2L,3.7,3.7,2.82,0,145,3.68,3.54,3.37
2025-07-21,Household,Laundry,SKU1013,Detergent 2L,3.52,3.52,2.82,0,161,3.55,3.54,3.46
2025-07-28,Household,Laundry,SKU1013,Detergent 2L,3.66,3.66,2.83,0,167,3.53,3.47,3.22
2025-08-04,Household,Laundry,SKU1013,Detergent 2L,3.56,3.56,2.83,0,128,3.19,3.38,3.31
2025-08-11,Household,Laundry,SKU1013,Detergent 2L,3.64,3.64,2.85,0,148,3.58,3.65,3.41
2025-08-18,Household,Laundry,SKU1013,Detergent 2L,3.41,3.41,2.83,0,63,3.57,3.58,3.42
2025-08-25,Household,Laundry,SKU1013,Detergent 2L,3.56,3.56,2.84,0,181,3.41,3.56,3.36
2025-09-01,Household,Laundry,SKU1013,Detergent 2L,3.72,3.72,2.82,0,220,3.48,3.37,3.34
2025-09-08,Household,Laundry,SKU1013,Detergent 2L,3.43,3.43,2.84,0,144,3.39,3.45,3.36
2025-09-15,Household,Laundry,SKU1013,Detergent 2L,3.47,3.47,2.84,0,140,3.39,3.42,3.53
2025-09-22,Household,Laundry,SKU1013,Detergent 2L,3.6,3.6,2.84,0,197,3.57,3.48,3.19
2025-09-29,Household,Laundry,SKU1013,Detergent 2L,3.42,3.42,2.85,0,103,3.41,3.55,3.25
2025-10-06,Household,Laundry,SKU1013,Detergent 2L,3.5,3.5,2.85,0,213,3.46,3.6,3.2
2025-10-13,Household,Laundry,SKU1013,Detergent 2L,3.41,3.41,2.86,0,107,3.44,3.46,3.34
2025-10-20,Household,Laundry,SKU1013,Detergent 2L,3.53,3.53,2.85,0,131,3.31,3.52,3.25
2025-10-27,Household,Laundry,SKU1013,Detergent 2L,3.56,3.56,2.86,0,270,3.5,3.51,3.36
2025-11-03,Household,Laundry,SKU1013,Detergent 2L,3.51,3.51,2.86,0,74,3.43,3.43,3.24
2025-11-10,Household,Laundry,SKU1013,Detergent 2L,3.56,3.56,2.87,0,250,3.46,3.3,3.4
2025-11-17,Household,Laundry,SKU1013,Detergent 2L,3.51,3.51,2.86,0,115,3.24,3.53,3.29
2025-11-24,Household,Laundry,SKU1013,Detergent 2L,3.62,3.62,2.87,0,212,3.47,3.45,3.23
2025-12-01,Household,Laundry,SKU1013,Detergent 2L,3.56,3.56,2.87,0,101,3.48,3.58,3.43
2025-12-08,Household,Laundry,SKU1013,Detergent 2L,3.46,3.46,2.88,0,178,3.36,3.53,3.27
2025-12-15,Household,Laundry,SKU1013,Detergent 2L,3.6,3.6,2.88,0,155,3.48,3.7,3.43
2025-12-22,Household,Laundry,SKU1013,Detergent 2L,3.66,3.66,2.87,0,212,3.51,3.73,3.7
