data/pricing_data.csv
week,department,sub_department,sku,product,gt_price,gt_regular_price,cost,promo_flag,units,walmart_price,nofrills_price,dollarama_price
2024-01-01,Household,Laundry,SKU1014,Fabric Softener,2.53,2.53,1.52,0,172,2.47,2.62,2.37
2024-01-08,Household,Laundry,SKU1014,Fabric Softener,2.46,2.46,1.52,0,155,2.45,2.4,2.3
2024-01-15,Household,Laundry,SKU1014,Fabric Softener,2.4,2.4,1.53,0,57,2.46,2.43,2.34
2024-01-22,Household,Laundry,SKU1014,Fabric Softener,2.51,2.51,1.53,0,44,2.56,2.59,2.31
2024-01-29,Household,Laundry,SKU1014,Fabric Softener,2.48,2.48,1.53,0,104,2.43,2.6,2.37
2024-02-05,Household,Laundry,SKU1014,Fabric Softener,2.65,2.65,1.53,0,212,2.49,2.63,2.38
2024-02-12,Household,Laundry,SKU1014,Fabric Softener,2.56,2.56,1.53,0,236,2.65,2.5,2.44
2024-02-19,Household,Laundry,SKU1014,Fabric Softener,2.54,2.54,1.53,0,228,2.44,2.61,2.41
2024-02-26,Household,Laundry,SKU1014,Fabric Softener,2.68,2.68,1.54,0,150,2.48,2.48,2.53
2024-03-04,Household,Laundry,SKU1014,Fabric Softener,2.6,2.6,1.53,0,76,2.6,2.54,2.28
2024-03-11,Household,Laundry,SKU1014,Fabric Softener,2.67,2.67,1.54,0,183,2.58,2.46,2.41
2024-03-18,Household,Laundry,SKU1014,Fabric Softener,2.56,2.56,1.54,0,140,2.7,2.61,2.6
2024-03-25,Household,Laundry,SKU1014,Fabric Softener,2.62,2.62,1.54,0,115,2.66,2.54,2.4
2024-04-01,Household,Laundry,SKU1014,Fabric Softener,2.65,2.65,1.54,0,131,2.68,2.6,2.52
2024-04-08,Household,Laundry,SKU1014,Fabric Softener,2.63,2.63,1.54,0,138,2.61,2.6,2.46
2024-04-15,Household,Laundry,SKU1014,Fabric Softener,2.67,2.67,1.54,0,148,2.68,2.54,2.36
2024-04-22,Household,Laundry,SKU1014,Fabric Softener,2.59,2.59,1.55,0,136,2.51,2.47,2.35
2024-04-29,Household,Laundry,SKU1014,Fabric Softener,2.64,2.64,1.54,0,167,2.6,2.64,2.44
2024-05-06,Household,Laundry,SKU1014,Fabric Softener,2.64,2.64,1.55,0,157,2.45,2.56,2.36
2024-05-13,Household,Laundry,SKU1014,Fabric Softener,2.66,2.66,1.55,0,211,2.63,2.66,2.52
2024-05-20,Household,Laundry,SKU1014,Fabric Softener,2.59,2.59,1.55,0,233,2.49,2.59,2.51
2024-05-27,Household,Laundry,SKU1014,Fabric Softener,2.53,2.53,1.55,0,163,2.54,2.45,2.38
2024-06-03,Household,Laundry,SKU1014,Fabric Softener,2.55,2.55,1.56,0,152,2.38,2.57,2.41
2024-06-10,Household,Laundry,SKU1014,Fabric Softener,2.46,2.46,1.55,0,103,2.42,2.42,2.36
2024-06-17,Household,Laundry,SKU1014,Fabric Softener,2.48,2.48,1.56,0,186,2.3,2.52,2.37
2024-06-24,Household,Laundry,SKU1014,Fabric Softener,2.59,2.59,1.56,0,131,2.48,2.46,2.38
2024-07-01,Household,Laundry,SKU1014,Fabric Softener,2.47,2.47,1.56,0,223,2.36,2.54,2.2
2024-07-08,Household,Laundry,SKU1014,Fabric Softener,2.42,2.42,1.56,0,210,2.42,2.45,2.22
2024-07-15,Household,Laundry,SKU1014,Fabric Softener,2.44,2.44,1.56,0,193,2.35,2.51,2.33
2024-07-22,Household,Laundry,SKU1014,Fabric Softener,2.52,2.52,1.56,0,114,2.42,2.41,2.23
2024-07-29,Household,Laundry,SKU1014,Fabric Softener,2.48,2.48,1.56,0,118,2.46,2.45,2.27
2024-08-05,Household,Laundry,SKU1014,Fabric Softener,2.49,2.49,1.56,0,143,2.42,2.34,2.29
2024-08-12,Household,Laundry,SKU1014,Fabric Softener,2.44,2.44,1.57,0,121,2.42,2.43,2.25
2024-08-19,Household,Laundry,SKU1014,Fabric Softener,2.43,2.43,1.57,0,55,2.39,2.49,2.33
2024-08-26,Household,Laundry,SKU1014,Fabric Softener,2.32,2.32,1.57,0,162,2.47,2.4,2.18
2024-09-02,Household,Laundry,SKU1014,Fabric Softener,2.35,2.35,1.57,0,76,2.41,2.27,2.38
2024-09-09,Household,Laundry,SKU1014,Fabric Softener,2.48,2.48,1.58,0,63,2.38,2.42,2.35
2024-09-16,Household,Laundry,SKU1014,Fabric Softener,2.38,2.38,1.58,0,166,2.29,2.37,2.27
2024-09-23,Household,Laundry,SKU1014,Fabric Softener,2.36,2.36,1.57,0,174,2.31,2.29,2.15
2024-09-30,Household,Laundry,SKU1014,Fabric Softener,2.16,2.38,1.58,1,251,2.39,2.43,2.21
2024-10-07,Household,Laundry,SKU1014,Fabric Softener,2.4,2.4,1.58,0,61,2.26,2.35,2.15
2024-10-14,Household,Laundry,SKU1014,Fabric Softener,2.48,2.48,1.58,0,75,2.27,2.36,2.29
2024-10-21,Household,Laundry,SKU1014,Fabric Softener,2.49,2.49,1.59,0,96,2.42,2.45,2.27
2024-10-28,Household,Laundry,SKU1014,Fabric Softener,2.41,2.41,1.58,0,179,2.44,2.5,2.2
2024-11-04,Household,Laundry,SKU1014,Fabric Softener,2.43,2.43,1.59,0,210,2.47,2.26,2.29
2024-11-11,Household,Laundry,SKU1014,Fabric Softener,2.36,2.36,1.58,0,239,2.36,2.38,2.2
2024-11-18,Household,Laundry,SKU1014,Fabric Softener,2.48,2.48,1.59,0,204,2.35,2.44,2.28
2024-11-25,Household,Laundry,SKU1014,Fabric Softener,2.41,2.41,1.59,0,237,2.44,2.52,2.36
2024-12-02,Household,Laundry,SKU1014,Fabric Softener,2.33,2.33,1.59,0,189,2.34,2.33,2.26
2024-12-09,Household,Laundry,SKU1014,Fabric Softener,2.46,2.46,1.59,0,60,2.36,2.41,2.34
2024-12-16,Household,Laundry,SKU1014,Fabric Softener,2.51,2.51,1.59,0,72,2.47,2.49,2.31
2024-12-23,Household,Laundry,SKU1014,Fabric Softener,2.26,2.64,1.59,1,211,2.45,2.61,2.35
2024-12-30,Household,Laundry,SKU1014,Fabric Softener,2.51,2.51,1.59,0,207,2.52,2.55,2.36
2025-01-06,Household,Laundry,SKU1014,Fabric Softener,2.5,2.5,1.59,0,126,2.55,2.45,2.38
2025-01-13,Household,Laundry,SKU1014,Fabric Softener,2.44,2.44,1.6,0,129,2.38,2.47,2.33
2025-01-20,Household,Laundry,SKU1014,Fabric Softener,2.61,2.61,1.6,0,117,2.38,2.52,2.5
2025-01-27,Household,Laundry,SKU1014,Fabric Softener,2.53,2.53,1.6,0,119,2.68,2.56,2.61
2025-02-03,Household,Laundry,SKU1014,Fabric Softener,2.28,2.66,1.6,1,137,2.49,2.51,2.54
2025-02-10,Household,Laundry,SKU1014,Fabric Softener,2.53,2.53,1.6,0,156,2.62,2.65,2.37
2025-02-17,Household,Laundry,SKU1014,Fabric Softener,2.58,2.58,1.6,0,183,2.66,2.47,2.62
2025-02-24,Household,Laundry,SKU1014,Fabric Softener,2.62,2.62,1.61,0,75,2.5,2.57,2.4
2025-03-03,Household,Laundry,SKU1014,Fabric Softener,2.58,2.58,1.6,0,95,2.55,2.56,2.39
2025-03-10,Household,Laundry,SKU1014,Fabric Softener,2.6,2.6,1.61,0,76,2.52,2.57,2.47
2025-03-17,Household,Laundry,SKU1014,Fabric Softener,2.7,2.7,1.61,0,101,2.67,2.58,2.63
2025-03-24,Household,Laundry,SKU1014,Fabric Softener,2.76,2.76,1.61,0,177,2.66,2.67,2.47
2025-03-31,Household,Laundry,SKU1014,Fabric Softener,2.58,2.58,1.61,0,41,2.58,2.55,2.43
2025-04-07,Household,Laundry,SKU1014,Fabric Softener,2.7,2.7,1.61,0,61,2.46,2.48,2.71
2025-04-14,Household,Laundry,SKU1014,Fabric Softener,2.57,2.57,1.62,0,165,2.53,2.7,2.53
2025-04-21,Household,Laundry,SKU1014,Fabric Softener,2.6,2.6,1.61,0,179,2.61,2.62,2.42
2025-04-28,Household,Laundry,SKU1014,Fabric Softener,2.61,2.61,1.62,0,56,2.6,2.66,2.32
2025-05-05,Household,Laundry,SKU1014,Fabric Softener,2.59,2.59,1.62,0,50,2.62,2.54,2.46
2025-05-12,Household,Laundry,SKU1014,Fabric Softener,2.61,2.61,1.62,0,252,2.58,2.47,2.54
2025-05-19,Household,Laundry,SKU1014,Fabric Softener,2.62,2.62,1.63,0,67,2.62,2.58,2.48
2025-05-26,Household,Laundry,SKU1014,Fabric Softener,2.48,2.48,1.62,0,213,2.45,2.46,2.24
2025-06-02,Household,Laundry,SKU1014,Fabric Softener,2.68,2.68,1.62,0,204,2.43,2.57,2.59
2025-06-09,Household,Laundry,SKU1014,Fabric Softener,2.11,2.66,1.63,1,397,2.66,2.57,2.4
2025-06-16,Household,Laundry,SKU1014,Fabric Softener,2.54,2.54,1.63,0,147,2.61,2.67,2.41
2025-06-23,Household,Laundry,SKU1014,Fabric Softener,2.51,2.51,1.63,0,112,2.45,2.49,2.36
2025-06-30,Household,Laundry,SKU1014,Fabric Softener,2.47,2.47,1.63,0,168,2.51,2.55,2.31
2025-07-07,Household,Laundry,SKU1014,Fabric Softener,2.46,2.46,1.63,0,188,2.25,2.42,2.41
2025-07-14,Household,Laundry,SKU1014,Fabric Softener,2.39,2.39,1.64,0,77,2.38,2.41,2.15
2025-07-21,Household,Laundry,SKU1014,Fabric Softener,2.53,2.53,1.64,0,91,2.37,2.33,2.34
2025-07-28,Household,Laundry,SKU1014,Fabric Softener,2.34,2.34,1.64,0,154,2.43,2.45,2.29
2025-08-04,Household,Laundry,SKU1014,Fabric Softener,2.45,2.45,1.64,0,154,2.41,2.4,2.38
2025-08-11,Household,Laundry,SKU1014,Fabric Softener,2.35,2.35,1.64,0,198,2.33,2.37,2.3
2025-08-18,Household,Laundry,SKU1014,Fabric Softener,2.41,2.41,1.64,0,246,2.24,2.38,2.18
2025-08-25,Household,Laundry,SKU1014,Fabric Softener,2.36,2.36,1.64,0,89,2.27,2.28,2.25
2025-09-01,Household,Laundry,SKU1014,Fabric Softener,2.43,2.43,1.64,0,151,2.38,2.36,2.23
2025-09-08,Household,Laundry,SKU1014,Fabric Softener,2.4,2.4,1.65,0,178,2.29,2.34,2.22
2025-09-15,Household,Laundry,SKU1014,Fabric Softener,2.42,2.42,1.65,0,233,2.42,2.42,2.26
2025-09-22,Household,Laundry,SKU1014,Fabric Softener,2.34,2.34,1.65,0,131,2.24,2.32,2.24
2025-09-29,Household,Laundry,SKU1014,Fabric Softener,2.33,2.33,1.65,0,46,2.5,2.35,2.15
2025-10-06,Household,Laundry,SKU1014,Fabric Softener,2.49,2.49,1.65,0,233,2.38,2.42,2.26
2025-10-13,Household,Laundry,SKU1014,Fabric Softener,2.35,2.35,1.66,0,64,2.43,2.31,2.2
2025-10-20,Household,Laundry,SKU1014,Fabric Softener,2.36,2.36,1.65,0,143,2.21,2.36,2.16
2025-10-27,Household,Laundry,SKU1014,Fabric Softener,2.38,2.38,1.65,0,230,2.37,2.3,2.3
2025-11-03,Household,Laundry,SKU1014,Fabric Softener,2.4,2.4,1.66,0,213,2.25,2.43,2.21
2025-11-10,Household,Laundry,SKU1014,Fabric Softener,1.96,2.57,1.66,1,229,2.38,2.53,2.32
2025-11-17,Household,Laundry,SKU1014,Fabric Softener,2.32,2.32,1.66,0,58,2.23,2.31,2.31
2025-11-24,Household,Laundry,SKU1014,Fabric Softener,2.4,2.4,1.66,0,118,2.51,2.48,2.28
2025-12-01,Household,Laundry,SKU1014,Fabric Softener,2.45,2.45,1.66,0,249,2.4,2.46,2.42
2025-12-08,Household,Laundry,SKU1014,Fabric Softener,2.48,2.48,1.66,0,132,2.47,2.28,2.31
2025-12-15,Household,Laundry,SKU1014,Fabric Softener,2.48,2.48,1.66,0,108,2.43,2.22,2.28
2025-12-22,Household,Laundry,SKU1014,Fabric Softener,2.44,2.44,1.66,0,84,2.39,2.46,2.34
