data/pricing_data.csv
week,department,sub_department,sku,product,gt_price,gt_regular_price,cost,promo_flag,units,walmart_price,nofrills_price,dollarama_price
2024-01-01,Household,Laundry,SKU1015,Stain Remover,4.68,4.68,3.38,0,61,4.59,4.5,4.18
2024-01-08,Household,Laundry,SKU1015,Stain Remover,4.73,4.73,3.37,0,186,4.78,4.5,4.37
2024-01-15,Household,Laundry,SKU1015,Stain Remover,4.75,4.75,3.36,0,98,4.54,4.77,4.42
2024-01-22,Household,Laundry,SKU1015,Stain Remover,4.6,4.6,3.38,0,127,4.8,4.77,4.44
2024-01-29,Household,Laundry,SKU1015,Stain Remover,4.63,4.63,3.38,0,67,4.54,4.49,4.29
2024-02-05,Household,Laundry,SKU1015,Stain Remover,4.53,4.53,3.38,0,140,4.64,4.55,4.49
2024-02-12,Household,Laundry,SKU1015,Stain Remover,4.7,4.7,3.37,0,139,4.45,4.63,4.59
2024-02-19,Household,Laundry,SKU1015,Stain Remover,4.57,4.57,3.39,0,54,4.77,4.85,4.72
2024-02-26,Household,Laundry,SKU1015,Stain Remover,4.77,4.77,3.38,0,74,4.94,4.91,4.68
2024-03-04,Household,Laundry,SKU1015,Stain Remover,4.57,4.57,3.38,0,92,4.6,4.88,4.37
2024-03-11,Household,Laundry,SKU1015,Stain Remover,4.74,4.74,3.38,0,244,4.84,4.85,4.61
2024-03-18,Household,Laundry,SKU1015,Stain Remover,4.71,4.71,3.4,0,65,4.48,4.61,4.48
2024-03-25,Household,Laundry,SKU1015,Stain Remover,4.85,4.85,3.39,0,139,4.84,4.59,4.42
2024-04-01,Household,Laundry,SKU1015,Stain Remover,4.75,4.75,3.4,0,239,4.78,4.59,4.44
2024-04-08,Household,Laundry,SKU1015,Stain Remover,4.74,4.74,3.42,0,120,4.74,4.76,4.55
2024-04-15,Household,Laundry,SKU1015,Stain Remover,4.76,4.76,3.4,0,150,4.3,4.92,4.64
2024-04-22,Household,Laundry,SKU1015,Stain Remover,4.82,4.82,3.4,0,196,4.66,4.83,4.51
2024-04-29,Household,Laundry,SKU1015,Stain Remover,4.63,4.63,3.41,0,229,4.99,4.74,4.44
2024-05-06,Household,Laundry,SKU1015,Stain Remover,4.83,4.83,3.42,0,204,4.77,4.56,4.5
2024-05-13,Household,Laundry,SKU1015,Stain Remover,4.54,4.54,3.42,0,195,4.45,4.65,4.45
2024-05-20,Household,Laundry,SKU1015,Stain Remover,4.78,4.78,3.43,0,201,4.97,4.77,4.65
2024-05-27,Household,Laundry,SKU1015,Stain Remover,4.92,4.92,3.41,0,65,4.68,4.87,4.62
2024-06-03,Household,Laundry,SKU1015,Stain Remover,4.71,4.71,3.42,0,175,4.49,4.56,4.37
2024-06-10,Household,Laundry,SKU1015,Stain Remover,4.51,4.51,3.42,0,108,4.38,4.24,4.44
2024-06-17,Household,Laundry,SKU1015,Stain Remover,4.94,4.94,3.44,0,128,4.46,4.71,4.41
2024-06-24,Household,Laundry,SKU1015,Stain Remover,4.43,4.43,3.45,0,106,4.65,4.6,4.55
2024-07-01,Household,Laundry,SKU1015,Stain Remover,4.56,4.56,3.44,0,70,4.26,4.68,4.49
2024-07-08,Household,Laundry,SKU1015,Stain Remover,4.8,4.8,3.44,0,121,4.73,4.69,4.29
2024-07-15,Household,Laundry,SKU1015,Stain Remover,4.4,4.4,3.43,0,204,4.47,4.57,4.18
2024-07-22,Household,Laundry,SKU1015,Stain Remover,4.42,4.42,3.44,0,120,4.11,4.17,4.23
2024-07-29,Household,Laundry,SKU1015,Stain Remover,4.27,4.27,3.45,0,169,4.45,4.51,4.13
2024-08-05,Household,Laundry,SKU1015,Stain Remover,4.31,4.31,3.46,0,176,4.67,4.32,4.16
2024-08-12,Household,Laundry,SKU1015,Stain Remover,4.23,4.23,3.45,0,84,4.3,4.61,4.25
2024-08-19,Household,Laundry,SKU1015,Stain Remover,4.47,4.47,3.46,0,111,4.37,4.4,4.2
2024-08-26,Household,Laundry,SKU1015,Stain Remover,4.44,4.44,3.48,0,145,4.45,4.4,4.21
2024-09-02,Household,Laundry,SKU1015,Stain Remover,3.48,4.48,3.48,1,263,4.14,4.36,4.09
2024-09-09,Household,Laundry,SKU1015,Stain Remover,4.42,4.42,3.46,0,148,4.32,4.46,4.07
2024-09-16,Household,Laundry,SKU1015,Stain Remover,4.34,4.34,3.47,0,143,4.33,4.49,4.0
2024-09-23,Household,Laundry,SKU1015,Stain Remover,4.48,4.48,3.48,0,177,4.35,4.21,4.3
2024-09-30,Household,Laundry,SKU1015,Stain Remover,4.35,4.35,3.48,0,115,4.29,4.41,4.14
2024-10-07,Household,Laundry,SKU1015,Stain Remover,3.86,4.38,3.48,1,229,4.23,4.46,4.13
2024-10-14,Household,Laundry,SKU1015,Stain Remover,4.39,4.39,3.47,0,191,4.22,4.28,4.05
2024-10-21,Household,Laundry,SKU1015,Stain Remover,4.4,4.4,3.49,0,136,4.52,4.33,4.31
2024-10-28,Household,Laundry,SKU1015,Stain Remover,4.46,4.46,3.51,0,143,4.35,4.26,4.15
2024-11-04,Household,Laundry,SKU1015,Stain Remover,4.4,4.4,3.48,0,142,4.21,4.29,4.26
2024-11-11,Household,Laundry,SKU1015,Stain Remover,4.46,4.46,3.51,0,167,4.45,4.39,4.14
2024-11-18,Household,Laundry,SKU1015,Stain Remover,4.26,4.26,3.5,0,84,4.28,4.39,4.28
2024-11-25,Household,Laundry,SKU1015,Stain Remover,4.54,4.54,3.52,0,124,4.43,4.64,4.31
2024-12-02,Household,Laundry,SKU1015,Stain Remover,4.4,4.4,3.5,0,129,4.17,4.34,4.17
2024-12-09,Household,Laundry,SKU1015,Stain Remover,4.34,4.34,3.51,0,53,4.24,4.46,3.95
2024-12-16,Household,Laundry,SKU1015,Stain Remover,4.42,4.42,3.51,0,143,4.29,4.45,4.23
2024-12-23,Household,Laundry,SKU1015,Stain Remover,4.62,4.62,3.52,0,194,4.6,4.7,4.14
2024-12-30,Household,Laundry,SKU1015,Stain Remover,4.65,4.65,3.51,0,74,4.71,4.84,4.41
2025-01-06,Household,Laundry,SKU1015,Stain Remover,4.79,4.79,3.53,0,235,4.4,4.56,4.33
2025-01-13,Household,Laundry,SKU1015,Stain Remover,4.73,4.73,3.52,0,88,4.63,4.44,4.42
2025-01-20,Household,Laundry,SKU1015,Stain Remover,4.76,4.76,3.52,0,198,4.5,4.88,4.47
2025-01-27,Household,Laundry,SKU1015,Stain Remover,4.57,4.57,3.52,0,232,4.42,4.49,4.2
2025-02-03,Household,Laundry,SKU1015,Stain Remover,3.5,4.66,3.53,1,324,4.5,4.75,4.25
2025-02-10,Household,Laundry,SKU1015,Stain Remover,4.78,4.78,3.52,0,144,4.91,4.71,4.6
2025-02-17,Household,Laundry,SKU1015,Stain Remover,4.99,4.99,3.54,0,235,4.76,4.6,4.54
2025-02-24,Household,Laundry,SKU1015,Stain Remover,4.85,4.85,3.54,0,94,4.89,4.87,4.28
2025-03-03,Household,Laundry,SKU1015,Stain Remover,4.65,4.65,3.56,0,213,4.61,4.75,4.46
2025-03-10,Household,Laundry,SKU1015,Stain Remover,4.66,4.66,3.54,0,114,4.73,4.6,4.3
2025-03-17,Household,Laundry,SKU1015,Stain Remover,4.66,4.66,3.55,0,301,4.75,4.9,4.65
2025-03-24,Household,Laundry,SKU1015,Stain Remover,4.73,4.73,3.56,0,53,4.77,4.85,4.62
2025-03-31,Household,Laundry,SKU1015,Stain Remover,4.92,4.92,3.56,0,132,4.57,5.03,4.55
2025-04-07,Household,Laundry,SKU1015,Stain Remover,4.69,4.69,3.57,0,157,4.7,4.76,4.31
2025-04-14,Household,Laundry,SKU1015,Stain Remover,4.93,4.93,3.56,0,104,4.7,5.03,4.46
2025-04-21,Household,Laundry,SKU1015,Stain Remover,4.9,4.9,3.54,0,149,4.73,4.72,4.69
2025-04-28,Household,Laundry,SKU1015,Stain Remover,4.78,4.78,3.58,0,271,4.79,4.79,4.61
2025-05-05,Household,Laundry,SKU1015,Stain Remover,4.74,4.74,3.58,0,133,4.77,4.66,4.58
2025-05-12,Household,Laundry,SKU1015,Stain Remover,4.82,4.82,3.57,0,132,4.79,4.65,4.78
2025-05-19,Household,Laundry,SKU1015,Stain Remover,4.66,4.66,3.58,0,113,4.56,4.75,4.53
2025-05-26,Household,Laundry,SKU1015,Stain Remover,4.91,4.91,3.57,0,98,4.75,4.72,4.72
2025-06-02,Household,Laundry,SKU1015,Stain Remover,4.64,4.64,3.59,0,244,4.7,4.61,4.32
2025-06-09,Household,Laundry,SKU1015,Stain Remover,4.5,4.5,3.59,0,222,4.49,4.71,4.2
2025-06-16,Household,Laundry,SKU1015,Stain Remover,4.69,4.69,3.6,0,158,4.41,4.75,3.99
2025-06-23,Household,Laundry,SKU1015,Stain Remover,4.8,4.8,3.6,0,138,4.49,4.82,4.32
2025-06-30,Household,Laundry,SKU1015,Stain Remover,4.4,4.4,3.6,0,215,4.64,4.5,3.97
2025-07-07,Household,Laundry,SKU1015,Stain Remover,4.64,4.64,3.6,0,181,4.61,4.4,4.39
2025-07-14,Household,Laundry,SKU1015,Stain Remover,4.63,4.63,3.6,0,200,4.57,4.67,4.35
2025-07-21,Household,Laundry,SKU1015,Stain Remover,4.48,4.48,3.6,0,86,4.21,4.52,3.97
2025-07-28,Household,Laundry,SKU1015,Stain Remover,4.54,4.54,3.62,0,249,4.44,4.39,4.43
2025-08-04,Household,Laundry,SKU1015,Stain Remover,4.51,4.51,3.62,0,90,4.19,4.46,4.35
2025-08-11,Household,Laundry,SKU1015,Stain Remover,4.38,4.38,3.61,0,46,4.49,4.36,4.4
2025-08-18,Household,Laundry,SKU1015,Stain Remover,4.26,4.26,3.62,0,148,4.45,4.43,3.89
2025-08-25,Household,Laundry,SKU1015,Stain Remover,3.82,4.53,3.62,1,377,4.61,4.41,4.25
2025-09-01,Household,Laundry,SKU1015,Stain Remover,4.5,4.5,3.63,0,165,4.39,4.26,4.0
2025-09-08,Household,Laundry,SKU1015,Stain Remover,4.4,4.4,3.63,0,74,4.19,4.29,3.94
2025-09-15,Household,Laundry,SKU1015,Stain Remover,4.36,4.36,3.64,0,59,4.4,4.51,4.3
2025-09-22,Household,Laundry,SKU1015,Stain Remover,4.38,4.38,3.64,0,57,4.26,4.28,3.92
2025-09-29,Household,Laundry,SKU1015,Stain Remover,4.3,4.3,3.64,0,248,4.37,4.33,4.08
2025-10-06,Household,Laundry,SKU1015,Stain Remover,4.27,4.27,3.64,0,186,4.36,4.37,4.06
2025-10-13,Household,Laundry,SKU1015,Stain Remover,4.2,4.2,3.65,0,173,4.33,4.28,4.16
2025-10-20,Household,Laundry,SKU1015,Stain Remover,4.17,4.56,3.64,1,90,4.44,4.35,3.91
2025-10-27,Household,Laundry,SKU1015,Stain Remover,4.47,4.47,3.65,0,105,4.51,4.33,4.02
2025-11-03,Household,Laundry,SKU1015,Stain Remover,4.37,4.37,3.65,0,68,4.25,4.45,4.39
2025-11-10,Household,Laundry,SKU1015,Stain Remover,4.37,4.37,3.66,0,256,4.31,4.53,4.19
2025-11-17,Household,Laundry,SKU1015,Stain Remover,4.44,4.44,3.66,0,122,4.24,4.35,4.18
2025-11-24,Household,Laundry,SKU1015,Stain Remover,4.46,4.46,3.65,0,148,4.4,4.2,4.15
2025-12-01,Household,Laundry,SKU1015,Stain Remover,4.45,4.45,3.65,0,52,4.23,4.54,4.21
2025-12-08,Household,Laundry,SKU1015,Stain Remover,4.3,4.3,3.67,0,88,4.44,4.4,4.12
2025-12-15,Household,Laundry,SKU1015,Stain Remover,4.51,4.51,3.68,0,167,4.42,4.42,4.4
2025-12-22,Household,Laundry,SKU1015,Stain Remover,3.78,4.62,3.66,1,336,4.38,4.55,4.48
2024-01-01,Household,Laundry,SKU1016,Pods 30ct,5.53,5.53,4.37,0,173,5.44,5.41,5.01
2024-01-08,Household,Laundry,SKU1016,Pods 30ct,5.84,5.84,4.38,0,124,5.88,5.77,5.42
2024-01-15,Household,Laundry,SKU1016,Pods 30ct,5.53,5.53,4.39,0,199,5.54,5.67,5.46
2024-01-22,Household,Laundry,SKU1016,Pods 30ct,5.78,5.78,4.39,0,89,5.85,5.69,5.59
2024-01-29,Household,Laundry,SKU1016,Pods 30ct,5.82,5.82,4.39,0,168,6.03,5.93,5.74
2024-02-05,Household,Laundry,SKU1016,Pods 30ct,5.86,5.86,4.39,0,132,5.78,5.53,5.57
2024-02-12,Household,Laundry,SKU1016,Pods 30ct,5.89,5.89,4.41,0,95,5.9,5.77,5.46
2024-02-19,Household,Laundry,SKU1016,Pods 30ct,6.07,6.07,4.38,0,244,5.99,5.81,5.5
2024-02-26,Household,Laundry,SKU1016,Pods 30ct,5.82,5.82,4.37,0,224,5.84,5.55,5.07
2024-03-04,Household,Laundry,SKU1016,Pods 30ct,6.12,6.12,4.4,0,273,6.25,5.92,5.64
2024-03-11,Household,Laundry,SKU1016,Pods 30ct,5.97,5.97,4.4,0,99,5.87,5.89,5.82
2024-03-18,Household,Laundry,SKU1016,Pods 30ct,5.92,5.92,4.42,0,65,5.95,5.8,5.63
2024-03-25,Household,Laundry,SKU1016,Pods 30ct,6.17,6.17,4.41,0,248,5.91,5.99,5.5
2024-04-01,Household,Laundry,SKU1016,Pods 30ct,6.09,6.09,4.42,0,41,6.11,6.12,5.65
2024-04-08,Household,Laundry,SKU1016,Pods 30ct,5.92,5.92,4.43,0,49,5.74,5.82,5.59
2024-04-15,Household,Laundry,SKU1016,Pods 30ct,5.86,5.86,4.42,0,160,5.86,5.99,5.46
2024-04-22,Household,Laundry,SKU1016,Pods 30ct,6.13,6.13,4.44,0,126,5.95,6.25,5.37
2024-04-29,Household,Laundry,SKU1016,Pods 30ct,5.92,5.92,4.44,0,199,6.07,6.1,5.53
2024-05-06,Household,Laundry,SKU1016,Pods 30ct,5.92,5.92,4.45,0,227,5.71,5.88,5.65
2024-05-13,Household,Laundry,SKU1016,Pods 30ct,6.03,6.03,4.46,0,223,5.96,5.75,5.72
2024-05-20,Household,Laundry,SKU1016,Pods 30ct,5.76,5.76,4.44,0,39,5.74,5.51,5.7
2024-05-27,Household,Laundry,SKU1016,Pods 30ct,5.78,5.78,4.46,0,74,5.86,6.06,5.47
2024-06-03,Household,Laundry,SKU1016,Pods 30ct,5.92,5.92,4.46,0,181,5.49,5.39,6.01
2024-06-10,Household,Laundry,SKU1016,Pods 30ct,5.84,5.84,4.48,0,146,5.9,5.71,5.33
2024-06-17,Household,Laundry,SKU1016,Pods 30ct,5.83,5.83,4.46,0,104,5.62,5.42,5.42
2024-06-24,Household,Laundry,SKU1016,Pods 30ct,5.74,5.74,4.45,0,70,5.59,5.45,5.64
2024-07-01,Household,Laundry,SKU1016,Pods 30ct,5.63,5.63,4.47,0,43,5.94,5.72,5.4
2024-07-08,Household,Laundry,SKU1016,Pods 30ct,5.78,5.78,4.48,0,160,5.94,5.49,5.94
2024-07-15,Household,Laundry,SKU1016,Pods 30ct,5.77,5.77,4.47,0,247,5.54,5.6,5.44
2024-07-22,Household,Laundry,SKU1016,Pods 30ct,5.69,5.69,4.49,0,57,5.65,5.25,5.21
2024-07-29,Household,Laundry,SKU1016,Pods 30ct,5.85,5.85,4.49,0,243,5.54,5.69,5.26
2024-08-05,Household,Laundry,SKU1016,Pods 30ct,5.43,5.43,4.5,0,171,5.43,5.63,5.13
2024-08-12,Household,Laundry,SKU1016,Pods 30ct,5.46,5.46,4.48,0,44,5.6,5.35,5.27
2024-08-19,Household,Laundry,SKU1016,Pods 30ct,5.5,5.5,4.5,0,69,5.17,5.16,5.48
2024-08-26,Household,Laundry,SKU1016,Pods 30ct,5.37,5.37,4.51,0,204,5.83,5.14,5.13
2024-09-02,Household,Laundry,SKU1016,Pods 30ct,5.46,5.46,4.5,0,197,5.25,5.22,5.15
2024-09-09,Household,Laundry,SKU1016,Pods 30ct,5.49,5.49,4.51,0,247,5.21,5.44,4.98
2024-09-16,Household,Laundry,SKU1016,Pods 30ct,5.48,5.48,4.52,0,79,5.34,5.5,5.26
2024-09-23,Household,Laundry,SKU1016,Pods 30ct,5.47,5.47,4.52,0,111,5.36,5.23,5.31
2024-09-30,Household,Laundry,SKU1016,Pods 30ct,5.24,5.24,4.52,0,63,5.39,5.41,5.03
2024-10-07,Household,Laundry,SKU1016,Pods 30ct,5.47,5.47,4.53,0,213,5.35,5.66,5.02
2024-10-14,Household,Laundry,SKU1016,Pods 30ct,4.22,5.24,4.52,1,103,5.09,5.27,5.32
2024-10-21,Household,Laundry,SKU1016,Pods 30ct,5.51,5.51,4.53,0,187,5.37,5.46,5.06
2024-10-28,Household,Laundry,SKU1016,Pods 30ct,5.47,5.47,4.55,0,150,5.12,5.41,5.0
2024-11-04,Household,Laundry,SKU1016,Pods 30ct,5.64,5.64,4.54,0,135,5.76,5.56,5.57
2024-11-11,Household,Laundry,SKU1016,Pods 30ct,5.73,5.73,4.54,0,41,5.58,5.49,5.24
2024-11-18,Household,Laundry,SKU1016,Pods 30ct,5.47,5.47,4.54,0,82,5.26,5.61,5.28
2024-11-25,Household,Laundry,SKU1016,Pods 30ct,5.49,5.49,4.58,0,81,5.75,5.7,5.19
2024-12-02,Household,Laundry,SKU1016,Pods 30ct,5.65,5.65,4.56,0,107,5.21,5.37,5.43
2024-12-09,Household,Laundry,SKU1016,Pods 30ct,5.76,5.76,4.55,0,198,5.43,5.48,5.18
2024-12-16,Household,Laundry,SKU1016,Pods 30ct,5.1,5.65,4.57,1,287,5.37,5.58,5.34
2024-12-23,Household,Laundry,SKU1016,Pods 30ct,5.93,5.93,4.58,0,145,5.95,5.96,5.85
2024-12-30,Household,Laundry,SKU1016,Pods 30ct,5.67,5.67,4.58,0,108,5.34,5.65,5.16
2025-01-06,Household,Laundry,SKU1016,Pods 30ct,5.84,5.84,4.58,0,165,5.71,6.08,5.39
2025-01-13,Household,Laundry,SKU1016,Pods 30ct,5.58,5.58,4.57,0,197,5.87,5.55,5.05
2025-01-20,Household,Laundry,SKU1016,Pods 30ct,5.86,5.86,4.59,0,90,5.75,5.8,5.26
2025-01-27,Household,Laundry,SKU1016,Pods 30ct,4.66,5.92,4.6,1,340,6.14,5.94,5.48
2025-02-03,Household,Laundry,SKU1016,Pods 30ct,5.9,5.9,4.61,0,136,5.65,5.78,5.47
2025-02-10,Household,Laundry,SKU1016,Pods 30ct,5.77,5.77,4.59,0,221,5.88,5.76,5.89
2025-02-17,Household,Laundry,SKU1016,Pods 30ct,5.91,5.91,4.6,0,122,5.76,5.96,5.42
2025-02-24,Household,Laundry,SKU1016,Pods 30ct,5.96,5.96,4.62,0,174,5.7,5.79,5.76
2025-03-03,Household,Laundry,SKU1016,Pods 30ct,6.01,6.01,4.6,0,207,5.82,5.78,5.77
2025-03-10,Household,Laundry,SKU1016,Pods 30ct,6.05,6.05,4.62,0,233,6.19,6.02,5.7
2025-03-17,Household,Laundry,SKU1016,Pods 30ct,6.17,6.17,4.61,0,127,5.99,6.02,5.86
2025-03-24,Household,Laundry,SKU1016,Pods 30ct,6.03,6.03,4.61,0,199,5.84,5.87,5.78
2025-03-31,Household,Laundry,SKU1016,Pods 30ct,5.75,5.75,4.63,0,225,5.86,6.27,5.59
2025-04-07,Household,Laundry,SKU1016,Pods 30ct,6.04,6.04,4.63,0,124,6.22,5.95,5.32
2025-04-14,Household,Laundry,SKU1016,Pods 30ct,6.07,6.07,4.63,0,134,6.17,5.95,5.36
2025-04-21,Household,Laundry,SKU1016,Pods 30ct,6.06,6.06,4.64,0,272,5.94,6.05,5.7
2025-04-28,Household,Laundry,SKU1016,Pods 30ct,6.14,6.14,4.65,0,195,5.78,6.02,5.91
2025-05-05,Household,Laundry,SKU1016,Pods 30ct,6.0,6.0,4.63,0,182,5.65,6.04,5.82
2025-05-12,Household,Laundry,SKU1016,Pods 30ct,5.96,5.96,4.66,0,147,5.78,5.93,5.5
2025-05-19,Household,Laundry,SKU1016,Pods 30ct,6.06,6.06,4.65,0,181,6.02,5.99,5.64
2025-05-26,Household,Laundry,SKU1016,Pods 30ct,5.94,5.94,4.68,0,200,6.02,5.82,5.8
2025-06-02,Household,Laundry,SKU1016,Pods 30ct,4.69,5.53,4.66,1,230,6.05,5.71,5.4
2025-06-09,Household,Laundry,SKU1016,Pods 30ct,5.64,5.64,4.66,0,142,6.13,5.61,5.77
2025-06-16,Household,Laundry,SKU1016,Pods 30ct,5.82,5.82,4.68,0,137,5.36,5.56,5.37
2025-06-23,Household,Laundry,SKU1016,Pods 30ct,4.41,5.62,4.67,1,306,5.62,5.47,5.5
2025-06-30,Household,Laundry,SKU1016,Pods 30ct,5.98,5.98,4.67,0,68,5.68,6.0,5.55
2025-07-07,Household,Laundry,SKU1016,Pods 30ct,5.83,5.83,4.69,0,172,5.35,5.69,5.41
2025-07-14,Household,Laundry,SKU1016,Pods 30ct,5.65,5.65,4.69,0,74,5.82,5.66,5.36
2025-07-21,Household,Laundry,SKU1016,Pods 30ct,5.55,5.55,4.68,0,56,5.24,5.68,5.34
2025-07-28,Household,Laundry,SKU1016,Pods 30ct,5.78,5.78,4.69,0,179,5.64,5.5,5.07
2025-08-04,Household,Laundry,SKU1016,Pods 30ct,4.8,5.55,4.69,1,166,5.38,5.28,5.03
2025-08-11,Household,Laundry,SKU1016,Pods 30ct,4.95,5.77,4.71,1,290,5.18,5.62,5.15
2025-08-18,Household,Laundry,SKU1016,Pods 30ct,5.29,5.29,4.7,0,97,5.21,5.41,5.14
2025-08-25,Household,Laundry,SKU1016,Pods 30ct,5.6,5.6,4.71,0,142,5.34,5.46,5.18
2025-09-01,Household,Laundry,SKU1016,Pods 30ct,5.49,5.49,4.71,0,127,5.57,5.51,5.16
2025-09-08,Household,Laundry,SKU1016,Pods 30ct,5.52,5.52,4.72,0,65,5.47,5.68,5.02
2025-09-15,Household,Laundry,SKU1016,Pods 30ct,5.53,5.53,4.72,0,75,5.24,5.27,5.04
2025-09-22,Household,Laundry,SKU1016,Pods 30ct,5.58,5.58,4.73,0,113,5.5,5.55,4.84
2025-09-29,Household,Laundry,SKU1016,Pods 30ct,5.29,5.29,4.73,0,58,5.36,5.32,5.08
2025-10-06,Household,Laundry,SKU1016,Pods 30ct,5.45,5.45,4.73,0,256,5.51,5.22,5.32
2025-10-13,Household,Laundry,SKU1016,Pods 30ct,5.59,5.59,4.74,0,75,5.53,5.47,5.03
2025-10-20,Household,Laundry,SKU1016,Pods 30ct,5.43,5.43,4.75,0,57,5.13,5.62,5.41
2025-10-27,Household,Laundry,SKU1016,Pods 30ct,5.64,5.64,4.74,0,127,5.29,5.47,5.04
2025-11-03,Household,Laundry,SKU1016,Pods 30ct,5.23,5.23,4.74,0,175,5.37,5.62,5.04
2025-11-10,Household,Laundry,SKU1016,Pods 30ct,5.33,5.33,4.75,0,217,5.17,5.2,4.98
2025-11-17,Household,Laundry,SKU1016,Pods 30ct,5.61,5.61,4.75,0,141,5.3,5.57,5.14
2025-11-24,Household,Laundry,SKU1016,Pods 30ct,5.33,5.33,4.75,0,144,5.65,5.28,5.13
2025-12-01,Household,Laundry,SKU1016,Pods 30ct,5.44,5.44,4.77,0,181,5.21,5.44,5.34
2025-12-08,Household,Laundry,SKU1016,Pods 30ct,5.82,5.82,4.76,0,211,5.73,5.69,5.36
2025-12-15,Household,Laundry,SKU1016,Pods 30ct,5.77,5.77,4.77,0,112,5.57,5.82,5.35
2025-12-22,Household,Laundry,SKU1016,Pods 30ct,5.68,5.68,4.78,0,120,5.29,5.41,5.39
