data/pricing_data.csv
week,department,sub_department,sku,product,gt_price,gt_regular_price,cost,promo_flag,units,walmart_price,nofrills_price,dollarama_price
2024-01-01,Household,Paper,SKU1017,Toilet Paper 12pk,7.01,7.01,4.12,0,114,6.44,6.63,6.24
2024-01-08,Household,Paper,SKU1017,Toilet Paper 12pk,6.72,6.72,4.15,0,95,6.87,7.14,6.54
2024-01-15,Household,Paper,SKU1017,Toilet Paper 12pk,6.82,6.82,4.14,0,96,6.54,6.51,6.31
2024-01-22,Household,Paper,SKU1017,Toilet Paper 12pk,7.2,7.2,4.16,0,198,6.61,7.07,7.17
2024-01-29,Household,Paper,SKU1017,Toilet Paper 12pk,6.78,6.78,4.15,0,238,6.7,6.9,6.23
2024-02-05,Household,Paper,SKU1017,Toilet Paper 12pk,6.94,6.94,4.15,0,109,6.7,6.64,6.53
2024-02-12,Household,Paper,SKU1017,Toilet Paper 12pk,7.14,7.14,4.16,0,212,6.65,7.17,6.72
2024-02-19,Household,Paper,SKU1017,Toilet Paper 12pk,7.22,7.22,4.17,0,87,6.58,7.15,6.62
2024-02-26,Household,Paper,SKU1017,Toilet Paper 12pk,6.99,6.99,4.17,0,52,6.74,6.53,6.83
2024-03-04,Household,Paper,SKU1017,Toilet Paper 12pk,6.86,6.86,4.17,0,203,6.83,7.08,6.53
2024-03-11,Household,Paper,SKU1017,Toilet Paper 12pk,7.35,7.35,4.19,0,80,6.83,7.06,6.76
2024-03-18,Household,Paper,SKU1017,Toilet Paper 12pk,6.67,6.67,4.18,0,184,7.07,7.1,6.86
2024-03-25,Household,Paper,SKU1017,Toilet Paper 12pk,6.86,6.86,4.17,0,78,7.01,7.21,6.74
2024-04-01,Household,Paper,SKU1017,Toilet Paper 12pk,7.11,7.11,4.19,0,54,6.77,6.79,6.53
2024-04-08,Household,Paper,SKU1017,Toilet Paper 12pk,7.05,7.05,4.18,0,100,7.22,7.31,6.98
2024-04-15,Household,Paper,SKU1017,Toilet Paper 12pk,7.07,7.07,4.2,0,208,7.22,6.91,6.65
2024-04-22,Household,Paper,SKU1017,Toilet Paper 12pk,7.21,7.21,4.2,0,123,7.07,7.14,6.48
2024-04-29,Household,Paper,SKU1017,Toilet Paper 12pk,6.96,6.96,4.19,0,86,6.67,7.24,6.61
2024-05-06,Household,Paper,SKU1017,Toilet Paper 12pk,7.04,7.04,4.21,0,178,6.57,6.78,6.78
2024-05-13,Household,Paper,SKU1017,Toilet Paper 12pk,7.09,7.09,4.19,0,227,6.53,7.03,6.73
2024-05-20,Household,Paper,SKU1017,Toilet Paper 12pk,6.87,6.87,4.23,0,102,7.02,6.76,6.2
2024-05-27,Household,Paper,SKU1017,Toilet Paper 12pk,6.79,6.79,4.2,0,91,6.88,7.0,6.37
2024-06-03,Household,Paper,SKU1017,Toilet Paper 12pk,7.06,7.06,4.22,0,124,7.07,6.93,6.31
2024-06-10,Household,Paper,SKU1017,Toilet Paper 12pk,6.78,6.78,4.21,0,173,7.21,6.73,6.36
2024-06-17,Household,Paper,SKU1017,Toilet Paper 12pk,6.95,6.95,4.23,0,82,6.61,6.91,6.32
2024-06-24,Household,Paper,SKU1017,Toilet Paper 12pk,7.14,7.14,4.22,0,69,6.69,6.86,6.55
2024-07-01,Household,Paper,SKU1017,Toilet Paper 12pk,5.4,6.53,4.25,1,362,6.62,6.87,6.36
2024-07-08,Household,Paper,SKU1017,Toilet Paper 12pk,6.78,6.78,4.24,0,175,6.67,6.75,6.37
2024-07-15,Household,Paper,SKU1017,Toilet Paper 12pk,5.02,6.47,4.24,1,333,6.52,6.54,6.17
2024-07-22,Household,Paper,SKU1017,Toilet Paper 12pk,6.84,6.84,4.25,0,138,6.38,6.3,6.18
2024-07-29,Household,Paper,SKU1017,Toilet Paper 12pk,6.44,6.44,4.25,0,83,6.5,6.4,6.0
2024-08-05,Household,Paper,SKU1017,Toilet Paper 12pk,5.26,6.48,4.26,1,123,6.14,6.1,6.35
2024-08-12,Household,Paper,SKU1017,Toilet Paper 12pk,6.43,6.43,4.26,0,179,6.27,5.96,6.3
2024-08-19,Household,Paper,SKU1017,Toilet Paper 12pk,5.77,6.46,4.26,1,363,6.23,6.25,6.14
2024-08-26,Household,Paper,SKU1017,Toilet Paper 12pk,6.15,6.15,4.27,0,117,6.35,6.38,5.78
2024-09-02,Household,Paper,SKU1017,Toilet Paper 12pk,4.73,6.28,4.27,1,329,6.56,6.59,6.25
2024-09-09,Household,Paper,SKU1017,Toilet Paper 12pk,6.11,6.11,4.29,0,47,6.14,5.97,5.97
2024-09-16,Household,Paper,SKU1017,Toilet Paper 12pk,6.45,6.45,4.3,0,123,6.11,6.51,5.85
2024-09-23,Household,Paper,SKU1017,Toilet Paper 12pk,6.66,6.66,4.26,0,130,6.21,6.23,5.9
2024-09-30,Household,Paper,SKU1017,Toilet Paper 12pk,6.49,6.49,4.29,0,136,6.26,6.57,5.88
2024-10-07,Household,Paper,SKU1017,Toilet Paper 12pk,5.09,6.37,4.28,1,236,6.46,6.51,6.01
2024-10-14,Household,Paper,SKU1017,Toilet Paper 12pk,6.41,6.41,4.3,0,215,6.25,6.37,6.09
2024-10-21,Household,Paper,SKU1017,Toilet Paper 12pk,4.91,6.53,4.29,1,229,6.42,6.54,6.22
2024-10-28,Household,Paper,SKU1017,Toilet Paper 12pk,6.49,6.49,4.31,0,144,5.95,6.67,5.88
2024-11-04,Household,Paper,SKU1017,Toilet Paper 12pk,6.54,6.54,4.3,0,155,6.43,6.32,6.01
2024-11-11,Household,Paper,SKU1017,Toilet Paper 12pk,6.76,6.76,4.3,0,173,6.77,6.33,6.15
2024-11-18,Household,Paper,SKU1017,Toilet Paper 12pk,6.27,6.27,4.31,0,212,6.16,6.42,6.35
2024-11-25,Household,Paper,SKU1017,Toilet Paper 12pk,6.6,6.6,4.32,0,117,6.35,6.61,6.11
2024-12-02,Household,Paper,SKU1017,Toilet Paper 12pk,6.43,6.43,4.31,0,140,6.43,6.2,6.04
2024-12-09,Household,Paper,SKU1017,Toilet Paper 12pk,6.82,6.82,4.32,0,110,6.55,6.63,6.56
2024-12-16,Household,Paper,SKU1017,Toilet Paper 12pk,6.55,6.55,4.32,0,113,6.97,7.01,6.49
2024-12-23,Household,Paper,SKU1017,Toilet Paper 12pk,6.55,6.55,4.32,0,139,6.9,6.7,6.32
2024-12-30,Household,Paper,SKU1017,Toilet Paper 12pk,5.95,6.98,4.34,1,164,6.39,6.68,6.61
2025-01-06,Household,Paper,SKU1017,Toilet Paper 12pk,6.69,6.69,4.33,0,166,6.41,6.48,6.18
2025-01-13,Household,Paper,SKU1017,Toilet Paper 12pk,6.93,6.93,4.35,0,207,6.6,6.87,6.61
2025-01-20,Household,Paper,SKU1017,Toilet Paper 12pk,6.77,6.77,4.34,0,65,6.66,6.56,6.35
2025-01-27,Household,Paper,SKU1017,Toilet Paper 12pk,6.81,6.81,4.35,0,138,6.73,6.65,6.22
2025-02-03,Household,Paper,SKU1017,Toilet Paper 12pk,6.93,6.93,4.36,0,57,6.97,7.13,6.51
2025-02-10,Household,Paper,SKU1017,Toilet Paper 12pk,6.76,6.76,4.36,0,192,6.7,6.89,6.47
2025-02-17,Household,Paper,SKU1017,Toilet Paper 12pk,7.04,7.04,4.35,0,222,7.01,6.96,6.44
2025-02-24,Household,Paper,SKU1017,Toilet Paper 12pk,6.93,6.93,4.36,0,97,6.65,6.96,6.71
2025-03-03,Household,Paper,SKU1017,Toilet Paper 12pk,6.79,6.79,4.36,0,78,6.57,6.89,6.62
2025-03-10,Household,Paper,SKU1017,Toilet Paper 12pk,6.95,6.95,4.39,0,199,7.0,6.91,6.77
2025-03-17,Household,Paper,SKU1017,Toilet Paper 12pk,7.01,7.01,4.37,0,202,7.08,6.92,6.94
2025-03-24,Household,Paper,SKU1017,Toilet Paper 12pk,5.34,7.08,4.38,1,181,6.77,7.0,6.35
2025-03-31,Household,Paper,SKU1017,Toilet Paper 12pk,5.87,6.97,4.37,1,392,6.89,6.91,6.8
2025-04-07,Household,Paper,SKU1017,Toilet Paper 12pk,7.27,7.27,4.38,0,160,6.84,7.28,6.43
2025-04-14,Household,Paper,SKU1017,Toilet Paper 12pk,7.27,7.27,4.4,0,101,6.91,6.82,6.51
2025-04-21,Household,Paper,SKU1017,Toilet Paper 12pk,7.04,7.04,4.4,0,218,6.61,7.01,6.66
2025-04-28,Household,Paper,SKU1017,Toilet Paper 12pk,6.81,6.81,4.41,0,176,7.26,6.86,6.23
2025-05-05,Household,Paper,SKU1017,Toilet Paper 12pk,6.92,6.92,4.41,0,100,6.65,6.59,6.7
2025-05-12,Household,Paper,SKU1017,Toilet Paper 12pk,7.02,7.02,4.4,0,126,6.75,6.71,6.84
2025-05-19,Household,Paper,SKU1017,Toilet Paper 12pk,6.95,6.95,4.41,0,261,6.68,6.98,6.3
2025-05-26,Household,Paper,SKU1017,Toilet Paper 12pk,6.77,6.77,4.42,0,131,6.81,6.95,6.46
2025-06-02,Household,Paper,SKU1017,Toilet Paper 12pk,7.05,7.05,4.4,0,108,7.05,6.82,6.41
2025-06-09,Household,Paper,SKU1017,Toilet Paper 12pk,7.04,7.04,4.42,0,191,6.69,7.07,6.02
2025-06-16,Household,Paper,SKU1017,Toilet Paper 12pk,6.78,6.78,4.42,0,213,6.47,6.62,6.36
2025-06-23,Household,Paper,SKU1017,Toilet Paper 12pk,6.91,6.91,4.41,0,130,6.66,7.01,6.53
2025-06-30,Household,Paper,SKU1017,Toilet Paper 12pk,6.91,6.91,4.43,0,220,7.13,6.74,6.49
2025-07-07,Household,Paper,SKU1017,Toilet Paper 12pk,6.46,6.46,4.43,0,194,6.31,6.49,6.12
2025-07-14,Household,Paper,SKU1017,Toilet Paper 12pk,6.65,6.65,4.43,0,112,6.45,6.42,5.97
2025-07-21,Household,Paper,SKU1017,Toilet Paper 12pk,6.85,6.85,4.45,0,73,6.54,6.67,6.52
2025-07-28,Household,Paper,SKU1017,Toilet Paper 12pk,6.29,6.29,4.43,0,54,6.26,6.58,5.97
2025-08-04,Household,Paper,SKU1017,Toilet Paper 12pk,6.64,6.64,4.45,0,206,6.76,6.68,6.49
2025-08-11,Household,Paper,SKU1017,Toilet Paper 12pk,6.27,6.27,4.45,0,49,6.27,6.06,6.14
2025-08-18,Household,Paper,SKU1017,Toilet Paper 12pk,5.55,6.53,4.46,1,418,6.18,6.38,5.97
2025-08-25,Household,Paper,SKU1017,Toilet Paper 12pk,6.51,6.51,4.45,0,40,6.51,6.29,5.9
2025-09-01,Household,Paper,SKU1017,Toilet Paper 12pk,6.6,6.6,4.46,0,256,6.6,6.29,5.95
2025-09-08,Household,Paper,SKU1017,Toilet Paper 12pk,6.21,6.21,4.46,0,154,6.11,6.57,6.04
2025-09-15,Household,Paper,SKU1017,Toilet Paper 12pk,6.25,6.25,4.47,0,190,6.01,6.25,5.85
2025-09-22,Household,Paper,SKU1017,Toilet Paper 12pk,6.47,6.47,4.47,0,148,6.32,6.62,6.15
2025-09-29,Household,Paper,SKU1017,Toilet Paper 12pk,6.5,6.5,4.48,0,94,6.32,6.09,5.88
2025-10-06,Household,Paper,SKU1017,Toilet Paper 12pk,6.65,6.65,4.47,0,119,6.06,6.64,6.19
2025-10-13,Household,Paper,SKU1017,Toilet Paper 12pk,6.47,6.47,4.49,0,129,6.48,6.44,5.85
2025-10-20,Household,Paper,SKU1017,Toilet Paper 12pk,5.87,6.6,4.49,1,233,6.52,6.48,5.8
2025-10-27,Household,Paper,SKU1017,Toilet Paper 12pk,4.81,6.35,4.49,1,364,6.28,6.66,6.14
2025-11-03,Household,Paper,SKU1017,Toilet Paper 12pk,6.56,6.56,4.49,0,59,6.75,6.05,6.69
2025-11-10,Household,Paper,SKU1017,Toilet Paper 12pk,6.66,6.66,4.49,0,192,6.31,6.77,5.9
2025-11-17,Household,Paper,SKU1017,Toilet Paper 12pk,6.53,6.53,4.5,0,122,6.34,6.29,6.12
2025-11-24,Household,Paper,SKU1017,Toilet Paper 12pk,6.61,6.61,4.52,0,135,6.24,6.69,6.06
2025-12-01,Household,Paper,SKU1017,Toilet Paper 12pk,6.69,6.69,4.51,0,247,6.48,6.16,6.41
2025-12-08,Household,Paper,SKU1017,Toilet Paper 12pk,6.39,6.39,4.51,0,80,5.89,6.41,5.96
2025-12-15,Household,Paper,SKU1017,Toilet Paper 12pk,5.72,6.52,4.53,1,414,6.2,6.35,6.12
2025-12-22,Household,Paper,SKU1017,Toilet Paper 12pk,5.62,6.78,4.53,1,172,6.89,6.98,6.32
