data/pricing_data.csv
week,department,sub_department,sku,product,gt_price,gt_regular_price,cost,promo_flag,units,walmart_price,nofrills_price,dollarama_price
2024-01-01,Household,Paper,SKU1018,Paper Towels 6pk,12.49,12.49,6.79,0,180,11.68,12.45,11.7
2024-01-08,Household,Paper,SKU1018,Paper Towels 6pk,12.81,12.81,6.8,0,121,11.72,12.21,11.53
2024-01-15,Household,Paper,SKU1018,Paper Towels 6pk,11.89,11.89,6.79,0,240,11.7,11.89,11.41
2024-01-22,Household,Paper,SKU1018,Paper Towels 6pk,12.36,12.36,6.79,0,123,12.43,12.43,11.87
2024-01-29,Household,Paper,SKU1018,Paper Towels 6pk,11.65,11.65,6.83,0,262,12.38,11.76,11.89
2024-02-05,Household,Paper,SKU1018,Paper Towels 6pk,12.46,12.46,6.8,0,212,11.73,12.87,11.6
2024-02-12,Household,Paper,SKU1018,Paper Towels 6pk,12.83,12.83,6.82,0,119,12.19,11.94,11.74
2024-02-19,Household,Paper,SKU1018,Paper Towels 6pk,12.54,12.54,6.84,0,119,12.25,12.92,12.03
2024-02-26,Household,Paper,SKU1018,Paper Towels 6pk,13.01,13.01,6.84,0,57,12.79,13.23,11.77
2024-03-04,Household,Paper,SKU1018,Paper Towels 6pk,12.35,12.35,6.82,0,155,12.25,12.03,12.07
2024-03-11,Household,Paper,SKU1018,Paper Towels 6pk,12.49,12.49,6.83,0,173,12.44,12.37,11.79
2024-03-18,Household,Paper,SKU1018,Paper Towels 6pk,12.1,12.1,6.85,0,66,12.37,12.41,11.97
2024-03-25,Household,Paper,SKU1018,Paper Towels 6pk,12.75,12.75,6.86,0,47,12.58,12.66,11.7
2024-04-01,Household,Paper,SKU1018,Paper Towels 6pk,12.79,12.79,6.86,0,99,12.9,13.06,12.46
2024-04-08,Household,Paper,SKU1018,Paper Towels 6pk,12.56,12.56,6.87,0,228,12.44,13.15,12.47
2024-04-15,Household,Paper,SKU1018,Paper Towels 6pk,13.07,13.07,6.88,0,111,12.3,13.0,11.26
2024-04-22,Household,Paper,SKU1018,Paper Towels 6pk,12.96,12.96,6.87,0,99,12.27,12.83,11.94
2024-04-29,Household,Paper,SKU1018,Paper Towels 6pk,12.94,12.94,6.9,0,139,12.43,13.47,12.41
2024-05-06,Household,Paper,SKU1018,Paper Towels 6pk,12.3,12.3,6.91,0,156,12.38,12.38,11.86
2024-05-13,Household,Paper,SKU1018,Paper Towels 6pk,12.77,12.77,6.9,0,70,12.59,12.28,12.23
2024-05-20,Household,Paper,SKU1018,Paper Towels 6pk,12.95,12.95,6.92,0,68,12.13,12.32,12.03
2024-05-27,Household,Paper,SKU1018,Paper Towels 6pk,11.8,11.8,6.91,0,140,11.86,12.84,10.67
2024-06-03,Household,Paper,SKU1018,Paper Towels 6pk,12.03,12.03,6.9,0,91,12.5,12.75,12.29
2024-06-10,Household,Paper,SKU1018,Paper Towels 6pk,12.6,12.6,6.91,0,159,12.31,12.33,11.31
2024-06-17,Household,Paper,SKU1018,Paper Towels 6pk,12.05,12.05,6.94,0,226,11.97,12.47,11.61
2024-06-24,Household,Paper,SKU1018,Paper Towels 6pk,12.39,12.39,6.94,0,238,12.46,11.69,11.67
2024-07-01,Household,Paper,SKU1018,Paper Towels 6pk,12.42,12.42,6.92,0,93,11.84,13.2,11.41
2024-07-08,Household,Paper,SKU1018,Paper Towels 6pk,12.19,12.19,6.94,0,76,10.98,11.72,11.7
2024-07-15,Household,Paper,SKU1018,Paper Towels 6pk,9.38,12.11,6.98,1,181,11.98,11.35,11.8
2024-07-22,Household,Paper,SKU1018,Paper Towels 6pk,11.81,11.81,6.96,0,185,11.26,12.18,11.09
2024-07-29,Household,Paper,SKU1018,Paper Towels 6pk,11.68,11.68,7.01,0,37,11.37,11.66,11.57
2024-08-05,Household,Paper,SKU1018,Paper Towels 6pk,12.07,12.07,6.99,0,67,11.63,11.88,11.59
2024-08-12,Household,Paper,SKU1018,Paper Towels 6pk,11.68,11.68,6.97,0,112,11.13,12.53,10.88
2024-08-19,Household,Paper,SKU1018,Paper Towels 6pk,9.48,12.06,6.99,1,150,11.44,11.51,11.2
2024-08-26,Household,Paper,SKU1018,Paper Towels 6pk,11.61,11.61,7.01,0,209,11.14,11.94,11.39
2024-09-02,Household,Paper,SKU1018,Paper Towels 6pk,11.83,11.83,7.0,0,247,11.47,11.09,10.94
2024-09-09,Household,Paper,SKU1018,Paper Towels 6pk,11.36,11.36,7.0,0,228,11.31,11.47,10.78
2024-09-16,Household,Paper,SKU1018,Paper Towels 6pk,11.66,11.66,6.98,0,114,10.95,11.3,11.11
2024-09-23,Household,Paper,SKU1018,Paper Towels 6pk,11.81,11.81,7.01,0,112,11.21,11.75,10.87
2024-09-30,Household,Paper,SKU1018,Paper Towels 6pk,11.44,11.44,7.01,0,142,11.75,11.56,11.19
2024-10-07,Household,Paper,SKU1018,Paper Towels 6pk,12.01,12.01,7.03,0,103,11.18,11.36,10.84
2024-10-14,Household,Paper,SKU1018,Paper Towels 6pk,11.62,11.62,7.06,0,157,11.24,11.21,11.28
2024-10-21,Household,Paper,SKU1018,Paper Towels 6pk,11.93,11.93,7.03,0,190,11.41,11.07,10.78
2024-10-28,Household,Paper,SKU1018,Paper Towels 6pk,11.42,11.42,7.05,0,145,11.89,11.38,10.52
2024-11-04,Household,Paper,SKU1018,Paper Towels 6pk,11.36,11.36,7.06,0,250,11.8,11.23,10.71
2024-11-11,Household,Paper,SKU1018,Paper Towels 6pk,12.34,12.34,7.06,0,110,11.87,11.93,10.89
2024-11-18,Household,Paper,SKU1018,Paper Towels 6pk,12.24,12.24,7.06,0,128,11.55,12.16,11.34
2024-11-25,Household,Paper,SKU1018,Paper Towels 6pk,11.5,11.5,7.08,0,99,11.84,11.74,10.88
2024-12-02,Household,Paper,SKU1018,Paper Towels 6pk,12.13,12.13,7.07,0,157,10.91,11.94,11.52
2024-12-09,Household,Paper,SKU1018,Paper Towels 6pk,12.08,12.08,7.07,0,74,11.9,12.18,10.91
2024-12-16,Household,Paper,SKU1018,Paper Towels 6pk,11.84,11.84,7.12,0,181,12.04,11.86,11.03
2024-12-23,Household,Paper,SKU1018,Paper Towels 6pk,12.08,12.08,7.09,0,40,11.91,12.29,11.24
2024-12-30,Household,Paper,SKU1018,Paper Towels 6pk,12.29,12.29,7.1,0,233,12.12,12.07,11.22
2025-01-06,Household,Paper,SKU1018,Paper Towels 6pk,12.47,12.47,7.1,0,103,11.92,12.22,11.18
2025-01-13,Household,Paper,SKU1018,Paper Towels 6pk,12.25,12.25,7.12,0,134,12.26,12.31,11.43
2025-01-20,Household,Paper,SKU1018,Paper Towels 6pk,9.65,12.36,7.11,1,358,12.3,12.22,11.02
2025-01-27,Household,Paper,SKU1018,Paper Towels 6pk,9.64,11.89,7.11,1,322,12.5,11.47,11.38
2025-02-03,Household,Paper,SKU1018,Paper Towels 6pk,12.78,12.78,7.16,0,71,12.8,12.01,11.81
2025-02-10,Household,Paper,SKU1018,Paper Towels 6pk,12.35,12.35,7.12,0,188,12.36,12.35,11.89
2025-02-17,Household,Paper,SKU1018,Paper Towels 6pk,12.54,12.54,7.12,0,237,12.67,12.02,12.53
2025-02-24,Household,Paper,SKU1018,Paper Towels 6pk,12.44,12.44,7.17,0,221,12.26,12.43,11.18
2025-03-03,Household,Paper,SKU1018,Paper Towels 6pk,12.64,12.64,7.15,0,87,12.09,13.3,12.18
2025-03-10,Household,Paper,SKU1018,Paper Towels 6pk,12.27,12.27,7.19,0,285,11.83,12.49,11.57
2025-03-17,Household,Paper,SKU1018,Paper Towels 6pk,13.0,13.0,7.17,0,167,12.39,12.7,11.75
2025-03-24,Household,Paper,SKU1018,Paper Towels 6pk,12.39,12.39,7.16,0,290,12.71,13.19,11.48
2025-03-31,Household,Paper,SKU1018,Paper Towels 6pk,12.87,12.87,7.17,0,263,12.34,12.59,11.58
2025-04-07,Household,Paper,SKU1018,Paper Towels 6pk,12.86,12.86,7.18,0,176,12.62,12.75,12.67
2025-04-14,Household,Paper,SKU1018,Paper Towels 6pk,10.52,12.7,7.2,1,464,13.47,11.56,11.96
2025-04-21,Household,Paper,SKU1018,Paper Towels 6pk,12.57,12.57,7.21,0,64,13.26,12.52,12.19
2025-04-28,Household,Paper,SKU1018,Paper Towels 6pk,12.42,12.42,7.2,0,116,13.04,12.24,12.14
2025-05-05,Household,Paper,SKU1018,Paper Towels 6pk,12.57,12.57,7.22,0,145,12.47,12.47,11.41
2025-05-12,Household,Paper,SKU1018,Paper Towels 6pk,12.84,12.84,7.22,0,87,13.11,12.51,11.57
2025-05-19,Household,Paper,SKU1018,Paper Towels 6pk,12.76,12.76,7.19,0,176,12.76,12.96,12.26
2025-05-26,Household,Paper,SKU1018,Paper Towels 6pk,12.81,12.81,7.23,0,171,12.12,12.4,11.52
2025-06-02,Household,Paper,SKU1018,Paper Towels 6pk,11.94,11.94,7.22,0,64,12.39,11.88,11.35
2025-06-09,Household,Paper,SKU1018,Paper Towels 6pk,12.11,12.11,7.23,0,64,11.52,11.92,11.47
2025-06-16,Household,Paper,SKU1018,Paper Towels 6pk,12.53,12.53,7.23,0,87,12.0,12.28,11.77
2025-06-23,Household,Paper,SKU1018,Paper Towels 6pk,12.03,12.03,7.24,0,218,11.83,12.23,11.87
2025-06-30,Household,Paper,SKU1018,Paper Towels 6pk,11.96,11.96,7.27,0,99,12.62,12.24,11.19
2025-07-07,Household,Paper,SKU1018,Paper Towels 6pk,11.96,11.96,7.22,0,142,11.45,12.07,10.9
2025-07-14,Household,Paper,SKU1018,Paper Towels 6pk,11.87,11.87,7.29,0,253,11.55,12.3,11.19
2025-07-21,Household,Paper,SKU1018,Paper Towels 6pk,12.23,12.23,7.3,0,103,11.05,12.82,12.03
2025-07-28,Household,Paper,SKU1018,Paper Towels 6pk,9.47,11.2,7.3,1,284,12.24,11.07,11.02
2025-08-04,Household,Paper,SKU1018,Paper Towels 6pk,9.18,12.14,7.3,1,197,11.71,11.83,11.51
2025-08-11,Household,Paper,SKU1018,Paper Towels 6pk,12.05,12.05,7.3,0,61,10.88,11.76,11.24
2025-08-18,Household,Paper,SKU1018,Paper Towels 6pk,11.64,11.64,7.32,0,152,11.14,12.26,11.3
2025-08-25,Household,Paper,SKU1018,Paper Towels 6pk,11.69,11.69,7.33,0,107,11.67,11.57,10.55
2025-09-01,Household,Paper,SKU1018,Paper Towels 6pk,11.45,11.45,7.32,0,186,12.0,12.15,11.03
2025-09-08,Household,Paper,SKU1018,Paper Towels 6pk,9.29,11.64,7.33,1,98,10.45,11.27,10.8
2025-09-15,Household,Paper,SKU1018,Paper Towels 6pk,11.7,11.7,7.31,0,116,11.14,10.97,11.47
2025-09-22,Household,Paper,SKU1018,Paper Towels 6pk,11.68,11.68,7.35,0,148,10.69,11.54,10.17
2025-09-29,Household,Paper,SKU1018,Paper Towels 6pk,11.57,11.57,7.35,0,94,11.43,11.88,10.88
2025-10-06,Household,Paper,SKU1018,Paper Towels 6pk,11.68,11.68,7.33,0,151,11.05,10.76,10.97
2025-10-13,Household,Paper,SKU1018,Paper Towels 6pk,11.63,11.63,7.36,0,212,10.83,11.33,11.06
2025-10-20,Household,Paper,SKU1018,Paper Towels 6pk,11.94,11.94,7.36,0,81,11.8,11.0,11.27
2025-10-27,Household,Paper,SKU1018,Paper Towels 6pk,11.45,11.45,7.38,0,258,11.39,11.71,11.22
2025-11-03,Household,Paper,SKU1018,Paper Towels 6pk,11.69,11.69,7.37,0,89,11.41,11.99,10.53
2025-11-10,Household,Paper,SKU1018,Paper Towels 6pk,11.69,11.69,7.39,0,222,11.41,11.85,11.18
2025-11-17,Household,Paper,SKU1018,Paper Towels 6pk,11.71,11.71,7.4,0,116,11.13,11.21,11.54
2025-11-24,Household,Paper,SKU1018,Paper Towels 6pk,12.21,12.21,7.39,0,100,11.01,12.25,10.59
2025-12-01,Household,Paper,SKU1018,Paper Towels 6pk,12.01,12.01,7.39,0,236,11.68,12.36,11.75
2025-12-08,Household,Paper,SKU1018,Paper Towels 6pk,9.24,12.04,7.42,1,304,11.73,11.96,10.81
2025-12-15,Household,Paper,SKU1018,Paper Towels 6pk,9.1,11.98,7.42,1,214,11.75,11.79,10.98
2025-12-22,Household,Paper,SKU1018,Paper Towels 6pk,12.04,12.04,7.42,0,116,11.44,11.75,11.01
