data/pricing_data.csv
week,department,sub_department,sku,product,gt_price,gt_regular_price,cost,promo_flag,units,walmart_price,nofrills_price,dollarama_price
2024-01-01,Household,Paper,SKU1019,Tissues 3pk,15.6,15.6,12.17,0,139,15.83,15.74,14.7
2024-01-08,Household,Paper,SKU1019,Tissues 3pk,15.51,15.51,12.17,0,117,14.67,14.68,13.91
2024-01-15,Household,Paper,SKU1019,Tissues 3pk,11.94,15.33,12.18,1,369,15.51,15.38,15.54
2024-01-22,Household,Paper,SKU1019,Tissues 3pk,13.98,16.02,12.19,1,206,16.28,15.77,15.91
2024-01-29,Household,Paper,SKU1019,Tissues 3pk,15.94,15.94,12.24,0,164,15.74,15.91,15.14
2024-02-05,Household,Paper,SKU1019,Tissues 3pk,16.9,16.9,12.21,0,51,16.14,16.75,15.1
2024-02-12,Household,Paper,SKU1019,Tissues 3pk,16.26,16.26,12.23,0,134,15.41,15.82,15.89
2024-02-19,Household,Paper,SKU1019,Tissues 3pk,16.87,16.87,12.2,0,186,16.64,17.43,15.26
2024-02-26,Household,Paper,SKU1019,Tissues 3pk,16.73,16.73,12.28,0,125,15.29,16.41,14.64
2024-03-04,Household,Paper,SKU1019,Tissues 3pk,16.33,16.33,12.27,0,208,16.43,16.46,16.24
2024-03-11,Household,Paper,SKU1019,Tissues 3pk,16.02,16.02,12.24,0,233,16.33,15.76,16.49
2024-03-18,Household,Paper,SKU1019,Tissues 3pk,17.05,17.05,12.24,0,150,16.68,16.28,15.72
2024-03-25,Household,Paper,SKU1019,Tissues 3pk,16.83,16.83,12.27,0,151,16.87,16.43,15.76
2024-04-01,Household,Paper,SKU1019,Tissues 3pk,16.9,16.9,12.22,0,116,16.6,17.0,16.05
2024-04-08,Household,Paper,SKU1019,Tissues 3pk,16.92,16.92,12.28,0,107,16.61,17.39,16.31
2024-04-15,Household,Paper,SKU1019,Tissues 3pk,14.4,16.47,12.28,1,340,16.92,16.83,15.58
2024-04-22,Household,Paper,SKU1019,Tissues 3pk,16.47,16.47,12.32,0,134,15.3,16.57,15.59
2024-04-29,Household,Paper,SKU1019,Tissues 3pk,16.39,16.39,12.39,0,147,16.4,16.75,15.42
2024-05-06,Household,Paper,SKU1019,Tissues 3pk,14.84,16.62,12.28,1,308,14.74,15.87,16.61
2024-05-13,Household,Paper,SKU1019,Tissues 3pk,13.59,16.31,12.34,1,456,16.14,16.05,15.95
2024-05-20,Household,Paper,SKU1019,Tissues 3pk,16.14,16.14,12.38,0,193,16.84,16.96,15.23
2024-05-27,Household,Paper,SKU1019,Tissues 3pk,16.25,16.25,12.36,0,161,16.61,16.93,15.18
2024-06-03,Household,Paper,SKU1019,Tissues 3pk,16.51,16.51,12.39,0,259,15.92,15.87,15.79
2024-06-10,Household,Paper,SKU1019,Tissues 3pk,15.94,15.94,12.4,0,224,16.63,16.57,15.22
2024-06-17,Household,Paper,SKU1019,Tissues 3pk,16.42,16.42,12.39,0,145,15.84,16.04,14.69
2024-06-24,Household,Paper,SKU1019,Tissues 3pk,16.18,16.18,12.47,0,106,15.62,15.66,15.38
2024-07-01,Household,Paper,SKU1019,Tissues 3pk,16.3,16.3,12.41,0,230,15.88,16.21,15.27
2024-07-08,Household,Paper,SKU1019,Tissues 3pk,16.06,16.06,12.46,0,213,16.42,15.64,15.09
2024-07-15,Household,Paper,SKU1019,Tissues 3pk,15.53,15.53,12.46,0,124,15.8,15.45,15.78
2024-07-22,Household,Paper,SKU1019,Tissues 3pk,16.25,16.25,12.49,0,115,14.33,16.23,14.69
2024-07-29,Household,Paper,SKU1019,Tissues 3pk,15.68,15.68,12.45,0,141,15.02,15.88,14.84
2024-08-05,Household,Paper,SKU1019,Tissues 3pk,15.85,15.85,12.47,0,101,14.68,14.85,14.79
2024-08-12,Household,Paper,SKU1019,Tissues 3pk,15.18,15.18,12.51,0,215,15.02,14.5,14.76
2024-08-19,Household,Paper,SKU1019,Tissues 3pk,16.16,16.16,12.51,0,247,15.04,15.94,14.88
2024-08-26,Household,Paper,SKU1019,Tissues 3pk,15.27,15.27,12.5,0,67,14.66,14.73,13.82
2024-09-02,Household,Paper,SKU1019,Tissues 3pk,15.05,15.05,12.53,0,106,14.97,14.94,14.16
2024-09-09,Household,Paper,SKU1019,Tissues 3pk,15.49,15.49,12.49,0,148,15.0,14.82,13.69
2024-09-16,Household,Paper,SKU1019,Tissues 3pk,15.27,15.27,12.5,0,85,15.41,15.8,14.74
2024-09-23,Household,Paper,SKU1019,Tissues 3pk,15.45,15.45,12.55,0,167,14.7,14.72,13.95
2024-09-30,Household,Paper,SKU1019,Tissues 3pk,15.42,15.42,12.56,0,223,14.38,14.94,14.32
2024-10-07,Household,Paper,SKU1019,Tissues 3pk,15.06,15.06,12.6,0,161,14.94,15.16,14.17
2024-10-14,Household,Paper,SKU1019,Tissues 3pk,15.05,15.05,12.61,0,47,14.98,15.58,14.02
2024-10-21,Household,Paper,SKU1019,Tissues 3pk,14.91,14.91,12.58,0,256,14.53,15.77,14.58
2024-10-28,Household,Paper,SKU1019,Tissues 3pk,14.82,14.82,12.64,0,51,14.51,16.15,13.91
2024-11-04,Household,Paper,SKU1019,Tissues 3pk,14.92,14.92,12.67,0,103,14.94,14.44,13.14
2024-11-11,Household,Paper,SKU1019,Tissues 3pk,16.46,16.46,12.63,0,72,15.37,15.6,13.38
2024-11-18,Household,Paper,SKU1019,Tissues 3pk,15.34,15.34,12.65,0,120,14.95,15.27,14.25
2024-11-25,Household,Paper,SKU1019,Tissues 3pk,15.24,15.24,12.65,0,75,14.68,15.22,14.1
2024-12-02,Household,Paper,SKU1019,Tissues 3pk,15.59,15.59,12.66,0,153,15.34,15.74,14.92
2024-12-09,Household,Paper,SKU1019,Tissues 3pk,16.14,16.14,12.68,0,145,15.54,15.89,14.54
2024-12-16,Household,Paper,SKU1019,Tissues 3pk,15.37,15.37,12.64,0,82,14.82,15.6,14.52
2024-12-23,Household,Paper,SKU1019,Tissues 3pk,15.27,15.27,12.7,0,192,14.94,16.0,15.05
2024-12-30,Household,Paper,SKU1019,Tissues 3pk,16.45,16.45,12.72,0,169,15.28,16.46,15.16
2025-01-06,Household,Paper,SKU1019,Tissues 3pk,16.48,16.48,12.72,0,131,15.79,16.47,14.75
2025-01-13,Household,Paper,SKU1019,Tissues 3pk,16.48,16.48,12.74,0,82,16.42,17.06,16.72
2025-01-20,Household,Paper,SKU1019,Tissues 3pk,16.1,16.1,12.73,0,159,15.67,16.43,14.2
2025-01-27,Household,Paper,SKU1019,Tissues 3pk,16.16,16.16,12.73,0,168,15.91,16.14,15.66
2025-02-03,Household,Paper,SKU1019,Tissues 3pk,16.64,16.64,12.78,0,139,15.81,16.22,15.6
2025-02-10,Household,Paper,SKU1019,Tissues 3pk,16.69,16.69,12.73,0,191,15.23,15.3,15.37
2025-02-17,Household,Paper,SKU1019,Tissues 3pk,17.23,17.23,12.82,0,186,16.37,16.56,15.39
2025-02-24,Household,Paper,SKU1019,Tissues 3pk,17.26,17.26,12.8,0,197,16.2,16.86,15.36
2025-03-03,Household,Paper,SKU1019,Tissues 3pk,16.61,16.61,12.78,0,214,16.05,16.28,15.27
2025-03-10,Household,Paper,SKU1019,Tissues 3pk,16.53,16.53,12.78,0,271,16.38,16.56,15.52
2025-03-17,Household,Paper,SKU1019,Tissues 3pk,16.25,16.25,12.83,0,184,16.05,16.21,16.18
2025-03-24,Household,Paper,SKU1019,Tissues 3pk,16.71,16.71,12.86,0,130,16.76,16.52,16.57
2025-03-31,Household,Paper,SKU1019,Tissues 3pk,16.5,16.5,12.81,0,229,15.3,15.55,16.52
2025-04-07,Household,Paper,SKU1019,Tissues 3pk,16.47,16.47,12.9,0,88,16.64,16.53,15.6
2025-04-14,Household,Paper,SKU1019,Tissues 3pk,16.86,16.86,12.87,0,86,16.18,16.69,15.6
2025-04-21,Household,Paper,SKU1019,Tissues 3pk,16.54,16.54,12.89,0,55,16.92,16.62,14.58
2025-04-28,Household,Paper,SKU1019,Tissues 3pk,16.48,16.48,12.9,0,222,16.62,16.02,14.87
2025-05-05,Household,Paper,SKU1019,Tissues 3pk,16.51,16.51,12.92,0,215,16.34,16.13,15.57
2025-05-12,Household,Paper,SKU1019,Tissues 3pk,16.92,16.92,12.95,0,240,16.28,16.19,15.74
2025-05-19,Household,Paper,SKU1019,Tissues 3pk,16.06,16.06,12.9,0,186,15.88,15.89,14.93
2025-05-26,Household,Paper,SKU1019,Tissues 3pk,16.82,16.82,12.98,0,201,15.92,16.66,15.6
2025-06-02,Household,Paper,SKU1019,Tissues 3pk,15.83,15.83,12.97,0,124,15.68,17.32,16.44
2025-06-09,Household,Paper,SKU1019,Tissues 3pk,13.37,16.34,12.94,1,248,16.26,17.42,15.93
2025-06-16,Household,Paper,SKU1019,Tissues 3pk,15.95,15.95,12.98,0,147,15.67,15.29,15.68
2025-06-23,Household,Paper,SKU1019,Tissues 3pk,16.77,16.77,13.0,0,37,15.93,15.93,15.54
2025-06-30,Household,Paper,SKU1019,Tissues 3pk,15.58,15.58,13.0,0,201,14.48,15.57,15.35
2025-07-07,Household,Paper,SKU1019,Tissues 3pk,14.05,15.62,13.02,1,92,16.03,16.48,15.28
2025-07-14,Household,Paper,SKU1019,Tissues 3pk,15.03,15.03,13.06,0,178,15.61,14.58,14.49
2025-07-21,Household,Paper,SKU1019,Tissues 3pk,15.76,15.76,13.03,0,144,14.85,15.56,15.22
2025-07-28,Household,Paper,SKU1019,Tissues 3pk,15.67,15.67,13.05,0,206,14.72,15.83,14.93
2025-08-04,Household,Paper,SKU1019,Tissues 3pk,15.27,15.27,13.05,0,115,16.0,15.69,14.95
2025-08-11,Household,Paper,SKU1019,Tissues 3pk,15.31,15.31,13.06,0,154,15.14,14.64,14.4
2025-08-18,Household,Paper,SKU1019,Tissues 3pk,15.74,15.74,13.1,0,217,15.53,15.37,15.13
2025-08-25,Household,Paper,SKU1019,Tissues 3pk,15.39,15.39,13.13,0,198,15.44,15.68,13.93
2025-09-01,Household,Paper,SKU1019,Tissues 3pk,15.33,15.33,13.09,0,255,15.06,16.18,14.36
2025-09-08,Household,Paper,SKU1019,Tissues 3pk,15.55,15.55,13.11,0,241,14.81,15.34,14.67
2025-09-15,Household,Paper,SKU1019,Tissues 3pk,15.51,15.51,13.13,0,218,14.83,14.46,14.47
2025-09-22,Household,Paper,SKU1019,Tissues 3pk,15.21,15.21,13.17,0,104,14.37,14.39,14.32
2025-09-29,Household,Paper,SKU1019,Tissues 3pk,15.47,15.47,13.14,0,82,15.25,15.34,13.95
2025-10-06,Household,Paper,SKU1019,Tissues 3pk,15.11,15.11,13.17,0,215,14.43,14.71,14.03
2025-10-13,Household,Paper,SKU1019,Tissues 3pk,14.89,14.89,13.17,0,163,15.12,14.22,14.72
2025-10-20,Household,Paper,SKU1019,Tissues 3pk,15.29,15.29,13.15,0,55,14.76,15.74,14.61
2025-10-27,Household,Paper,SKU1019,Tissues 3pk,14.92,14.92,13.15,0,200,14.72,14.86,14.04
2025-11-03,Household,Paper,SKU1019,Tissues 3pk,14.84,14.84,13.21,0,41,15.11,14.94,13.76
2025-11-10,Household,Paper,SKU1019,Tissues 3pk,15.61,15.61,13.25,0,185,14.99,14.49,14.55
2025-11-17,Household,Paper,SKU1019,Tissues 3pk,15.27,15.27,13.21,0,161,15.0,14.17,14.56
2025-11-24,Household,Paper,SKU1019,Tissues 3pk,14.67,14.67,13.22,0,106,15.22,15.99,14.54
2025-12-01,Household,Paper,SKU1019,Tissues 3pk,15.27,15.27,13.22,0,167,14.85,14.56,13.61
2025-12-08,Household,Paper,SKU1019,Tissues 3pk,15.11,15.11,13.23,0,148,15.24,15.68,14.22
2025-12-15,Household,Paper,SKU1019,Tissues 3pk,16.0,16.0,13.23,0,178,15.61,15.64,14.68
2025-12-22,Household,Paper,SKU1019,Tissues 3pk,15.46,15.46,13.27,0,83,15.68,15.37,14.4
2024-01-01,Household,Paper,SKU1020,Napkins,7.42,7.42,5.38,0,142,6.92,7.16,6.74
2024-01-08,Household,Paper,SKU1020,Napkins,7.34,7.34,5.39,0,214,7.34,6.73,6.55
2024-01-15,Household,Paper,SKU1020,Napkins,7.53,7.53,5.37,0,219,7.53,7.81,7.37
2024-01-22,Household,Paper,SKU1020,Napkins,7.71,7.71,5.4,0,69,7.44,7.53,6.79
2024-01-29,Household,Paper,SKU1020,Napkins,7.75,7.75,5.38,0,205,7.7,7.43,7.03
2024-02-05,Household,Paper,SKU1020,Napkins,7.72,7.72,5.37,0,196,7.46,7.7,7.29
2024-02-12,Household,Paper,SKU1020,Napkins,7.95,7.95,5.38,0,127,7.68,8.06,7.66
2024-02-19,Household,Paper,SKU1020,Napkins,7.76,7.76,5.4,0,207,7.63,7.5,7.28
2024-02-26,Household,Paper,SKU1020,Napkins,7.52,7.52,5.39,0,181,7.86,7.74,7.42
2024-03-04,Household,Paper,SKU1020,Napkins,7.98,7.98,5.41,0,114,7.42,7.59,7.25
2024-03-11,Household,Paper,SKU1020,Napkins,7.73,7.73,5.4,0,272,7.86,7.93,7.3
2024-03-18,Household,Paper,SKU1020,Napkins,7.64,7.64,5.41,0,116,7.75,7.85,7.09
2024-03-25,Household,Paper,SKU1020,Napkins,8.0,8.0,5.44,0,155,8.18,7.85,7.62
2024-04-01,Household,Paper,SKU1020,Napkins,7.85,7.85,5.45,0,116,7.31,7.64,7.84
2024-04-08,Household,Paper,SKU1020,Napkins,7.91,7.91,5.43,0,206,8.26,7.86,7.44
2024-04-15,Household,Paper,SKU1020,Napkins,7.85,7.85,5.45,0,268,7.8,7.63,7.26
2024-04-22,Household,Paper,SKU1020,Napkins,7.9,7.9,5.45,0,150,7.67,7.8,7.07
2024-04-29,Household,Paper,SKU1020,Napkins,7.5,7.5,5.44,0,194,7.89,7.7,7.09
2024-05-06,Household,Paper,SKU1020,Napkins,7.79,7.79,5.45,0,246,7.83,7.88,7.06
2024-05-13,Household,Paper,SKU1020,Napkins,7.61,7.61,5.46,0,102,7.86,7.42,7.06
2024-05-20,Household,Paper,SKU1020,Napkins,7.44,7.44,5.45,0,231,7.33,7.55,7.59
2024-05-27,Household,Paper,SKU1020,Napkins,7.83,7.83,5.43,0,167,7.52,7.93,7.32
2024-06-03,Household,Paper,SKU1020,Napkins,7.47,7.47,5.48,0,70,7.87,7.52,7.66
2024-06-10,Household,Paper,SKU1020,Napkins,7.58,7.58,5.47,0,233,7.3,7.34,7.07
2024-06-17,Household,Paper,SKU1020,Napkins,7.51,7.51,5.48,0,101,7.64,7.12,6.73
2024-06-24,Household,Paper,SKU1020,Napkins,7.13,7.13,5.48,0,229,7.39,7.31,7.18
2024-07-01,Household,Paper,SKU1020,Napkins,7.55,7.55,5.5,0,111,7.38,7.47,7.26
2024-07-08,Household,Paper,SKU1020,Napkins,7.63,7.63,5.52,0,94,7.37,7.53,7.29
2024-07-15,Household,Paper,SKU1020,Napkins,7.23,7.23,5.52,0,179,7.43,7.54,7.36
2024-07-22,Household,Paper,SKU1020,Napkins,7.42,7.42,5.51,0,77,7.17,7.39,7.01
2024-07-29,Household,Paper,SKU1020,Napkins,7.09,7.09,5.5,0,193,7.48,7.14,7.11
2024-08-05,Household,Paper,SKU1020,Napkins,7.47,7.47,5.5,0,213,7.57,7.75,7.0
2024-08-12,Household,Paper,SKU1020,Napkins,5.59,7.3,5.52,1,165,7.31,7.31,6.8
2024-08-19,Household,Paper,SKU1020,Napkins,6.49,7.18,5.52,1,159,7.53,7.25,7.05
2024-08-26,Household,Paper,SKU1020,Napkins,7.25,7.25,5.53,0,127,6.56,6.88,6.94
2024-09-02,Household,Paper,SKU1020,Napkins,7.11,7.11,5.54,0,290,7.0,7.12,7.34
2024-09-09,Household,Paper,SKU1020,Napkins,7.27,7.27,5.54,0,162,7.16,6.99,6.66
2024-09-16,Household,Paper,SKU1020,Napkins,6.94,6.94,5.56,0,122,7.15,6.81,6.66
2024-09-23,Household,Paper,SKU1020,Napkins,5.35,6.95,5.54,1,399,6.67,6.81,6.87
2024-09-30,Household,Paper,SKU1020,Napkins,7.22,7.22,5.52,0,112,6.83,6.97,6.59
2024-10-07,Household,Paper,SKU1020,Napkins,7.28,7.28,5.55,0,231,7.01,7.02,6.85
2024-10-14,Household,Paper,SKU1020,Napkins,7.1,7.1,5.55,0,174,7.33,6.79,6.68
2024-10-21,Household,Paper,SKU1020,Napkins,7.19,7.19,5.56,0,102,7.06,6.89,6.93
2024-10-28,Household,Paper,SKU1020,Napkins,7.2,7.2,5.58,0,156,7.16,7.21,6.74
2024-11-04,Household,Paper,SKU1020,Napkins,7.0,7.0,5.57,0,93,7.13,6.75,6.56
2024-11-11,Household,Paper,SKU1020,Napkins,7.29,7.29,5.56,0,130,6.87,7.36,6.93
2024-11-18,Household,Paper,SKU1020,Napkins,7.23,7.23,5.6,0,257,7.3,7.31,7.15
2024-11-25,Household,Paper,SKU1020,Napkins,7.48,7.48,5.59,0,63,7.26,7.17,6.7
2024-12-02,Household,Paper,SKU1020,Napkins,5.7,7.12,5.6,1,150,7.27,7.25,6.91
2024-12-09,Household,Paper,SKU1020,Napkins,7.47,7.47,5.6,0,89,7.25,7.22,7.01
2024-12-16,Household,Paper,SKU1020,Napkins,7.5,7.5,5.6,0,225,7.39,7.29,6.94
2024-12-23,Household,Paper,SKU1020,Napkins,7.6,7.6,5.61,0,58,6.87,7.06,6.65
2024-12-30,Household,Paper,SKU1020,Napkins,5.91,7.44,5.62,1,219,7.4,7.39,6.69
2025-01-06,Household,Paper,SKU1020,Napkins,7.27,7.27,5.63,0,168,7.26,7.61,7.44
2025-01-13,Household,Paper,SKU1020,Napkins,7.68,7.68,5.61,0,65,7.37,7.4,7.05
2025-01-20,Household,Paper,SKU1020,Napkins,7.4,7.4,5.65,0,254,7.53,7.78,7.09
2025-01-27,Household,Paper,SKU1020,Napkins,7.65,7.65,5.61,0,73,7.68,7.32,7.44
2025-02-03,Household,Paper,SKU1020,Napkins,5.94,7.64,5.63,1,373,7.57,7.55,7.2
2025-02-10,Household,Paper,SKU1020,Napkins,7.49,7.49,5.63,0,205,7.94,7.84,7.17
2025-02-17,Household,Paper,SKU1020,Napkins,7.92,7.92,5.64,0,185,8.08,7.84,7.78
2025-02-24,Household,Paper,SKU1020,Napkins,7.7,7.7,5.64,0,130,7.56,7.55,7.49
2025-03-03,Household,Paper,SKU1020,Napkins,7.63,7.63,5.66,0,257,7.82,7.89,7.21
2025-03-10,Household,Paper,SKU1020,Napkins,7.83,7.83,5.67,0,152,8.12,7.68,7.75
2025-03-17,Household,Paper,SKU1020,Napkins,7.83,7.83,5.68,0,185,7.29,7.99,7.88
2025-03-24,Household,Paper,SKU1020,Napkins,6.29,7.89,5.68,1,95,7.8,7.95,7.47
2025-03-31,Household,Paper,SKU1020,Napkins,7.82,7.82,5.69,0,197,7.41,7.61,7.86
2025-04-07,Household,Paper,SKU1020,Napkins,7.97,7.97,5.65,0,219,7.49,7.86,7.2
2025-04-14,Household,Paper,SKU1020,Napkins,7.71,7.71,5.68,0,218,7.77,7.93,7.2
2025-04-21,Household,Paper,SKU1020,Napkins,7.76,7.76,5.68,0,272,7.44,7.94,7.29
2025-04-28,Household,Paper,SKU1020,Napkins,7.81,7.81,5.7,0,62,7.57,7.34,7.55
2025-05-05,Household,Paper,SKU1020,Napkins,7.59,7.59,5.69,0,244,7.97,7.95,7.51
2025-05-12,Household,Paper,SKU1020,Napkins,7.5,7.5,5.71,0,253,7.59,7.74,7.5
2025-05-19,Household,Paper,SKU1020,Napkins,7.94,7.94,5.72,0,166,7.97,7.61,7.4
2025-05-26,Household,Paper,SKU1020,Napkins,7.62,7.62,5.7,0,43,7.4,7.69,7.05
2025-06-02,Household,Paper,SKU1020,Napkins,7.61,7.61,5.71,0,206,7.71,7.47,7.32
2025-06-09,Household,Paper,SKU1020,Napkins,7.88,7.88,5.72,0,69,7.68,7.33,7.09
2025-06-16,Household,Paper,SKU1020,Napkins,5.76,7.37,5.76,1,89,7.45,7.44,6.72
2025-06-23,Household,Paper,SKU1020,Napkins,7.21,7.21,5.73,0,237,7.44,7.36,7.2
2025-06-30,Household,Paper,SKU1020,Napkins,7.28,7.28,5.74,0,178,7.43,7.63,7.11
2025-07-07,Household,Paper,SKU1020,Napkins,7.41,7.41,5.76,0,154,6.91,7.28,6.74
2025-07-14,Household,Paper,SKU1020,Napkins,7.67,7.67,5.73,0,178,7.76,7.49,6.82
2025-07-21,Household,Paper,SKU1020,Napkins,7.31,7.31,5.76,0,211,7.1,7.35,6.53
2025-07-28,Household,Paper,SKU1020,Napkins,7.4,7.4,5.76,0,144,6.83,7.21,6.81
2025-08-04,Household,Paper,SKU1020,Napkins,7.12,7.12,5.75,0,158,7.18,7.07,6.61
2025-08-11,Household,Paper,SKU1020,Napkins,7.39,7.39,5.78,0,105,7.43,7.21,6.92
2025-08-18,Household,Paper,SKU1020,Napkins,7.24,7.24,5.78,0,232,7.26,7.47,7.06
2025-08-25,Household,Paper,SKU1020,Napkins,6.96,6.96,5.78,0,142,6.88,6.97,6.61
2025-09-01,Household,Paper,SKU1020,Napkins,7.41,7.41,5.8,0,113,7.44,7.04,6.53
2025-09-08,Household,Paper,SKU1020,Napkins,5.81,7.28,5.79,1,240,7.12,7.34,7.02
2025-09-15,Household,Paper,SKU1020,Napkins,7.01,7.01,5.79,0,47,7.12,7.14,6.67
2025-09-22,Household,Paper,SKU1020,Napkins,6.8,6.8,5.8,0,130,7.08,6.78,6.8
2025-09-29,Household,Paper,SKU1020,Napkins,7.04,7.04,5.81,0,212,6.88,7.01,6.59
2025-10-06,Household,Paper,SKU1020,Napkins,7.11,7.11,5.81,0,233,6.75,7.08,6.76
2025-10-13,Household,Paper,SKU1020,Napkins,5.85,7.3,5.8,1,380,7.35,7.15,7.13
2025-10-20,Household,Paper,SKU1020,Napkins,7.05,7.05,5.82,0,132,7.23,7.13,6.94
2025-10-27,Household,Paper,SKU1020,Napkins,7.23,7.23,5.8,0,146,6.95,7.43,6.63
2025-11-03,Household,Paper,SKU1020,Napkins,7.14,7.14,5.83,0,227,7.2,7.43,6.9
2025-11-10,Household,Paper,SKU1020,Napkins,7.36,7.36,5.83,0,87,6.89,7.05,7.04
2025-11-17,Household,Paper,SKU1020,Napkins,7.24,7.24,5.83,0,177,7.28,6.69,6.83
2025-11-24,Household,Paper,SKU1020,Napkins,7.54,7.54,5.84,0,179,7.15,7.39,7.28
2025-12-01,Household,Paper,SKU1020,Napkins,7.27,7.27,5.84,0,44,7.6,7.3,7.02
2025-12-08,Household,Paper,SKU1020,Napkins,7.53,7.53,5.85,0,255,7.58,7.24,6.53
2025-12-15,Household,Paper,SKU1020,Napkins,7.56,7.56,5.84,0,101,7.0,7.23,6.69
2025-12-22,Household,Paper,SKU1020,Napkins,7.51,7.51,5.85,0,242,6.71,6.98,6.72
