data/pricing_data.csv
week,department,sub_department,sku,product,gt_price,gt_regular_price,cost,promo_flag,units,walmart_price,nofrills_price,dollarama_price
2024-01-01,Household,Cleaning,SKU1021,All-Purpose Cleaner,2.99,2.99,2.15,0,56,3.12,3.2,2.75
2024-01-08,Household,Cleaning,SKU1021,All-Purpose Cleaner,3.07,3.07,2.15,0,66,2.82,2.91,2.83
2024-01-15,Household,Cleaning,SKU1021,All-Purpose Cleaner,3.04,3.04,2.15,0,97,2.97,3.08,2.96
2024-01-22,Household,Cleaning,SKU1021,All-Purpose Cleaner,2.83,3.12,2.16,1,118,3.02,3.19,2.92
2024-01-29,Household,Cleaning,SKU1021,All-Purpose Cleaner,3.02,3.02,2.16,0,189,3.0,2.98,2.93
2024-02-05,Household,Cleaning,SKU1021,All-Purpose Cleaner,3.12,3.12,2.16,0,232,3.2,3.01,3.1
2024-02-12,Household,Cleaning,SKU1021,All-Purpose Cleaner,3.06,3.06,2.16,0,216,2.99,3.03,2.91
2024-02-19,Household,Cleaning,SKU1021,All-Purpose Cleaner,3.23,3.23,2.16,0,162,3.06,3.33,3.12
2024-02-26,Household,Cleaning,SKU1021,All-Purpose Cleaner,3.24,3.24,2.16,0,155,3.07,3.15,3.05
2024-03-04,Household,Cleaning,SKU1021,All-Purpose Cleaner,2.47,3.23,2.16,1,167,2.96,3.03,3.08
2024-03-11,Household,Cleaning,SKU1021,All-Purpose Cleaner,3.14,3.14,2.17,0,266,3.16,3.07,2.98
2024-03-18,Household,Cleaning,SKU1021,All-Purpose Cleaner,3.09,3.09,2.16,0,184,3.15,3.2,2.96
2024-03-25,Household,Cleaning,SKU1021,All-Purpose Cleaner,3.26,3.26,2.16,0,37,3.22,3.33,3.03
2024-04-01,Household,Cleaning,SKU1021,All-Purpose Cleaner,3.25,3.25,2.16,0,63,3.04,3.2,3.08
2024-04-08,Household,Cleaning,SKU1021,All-Purpose Cleaner,3.06,3.06,2.17,0,188,3.15,3.16,2.99
2024-04-15,Household,Cleaning,SKU1021,All-Purpose Cleaner,2.5,3.22,2.18,1,294,3.1,3.18,3.02
2024-04-22,Household,Cleaning,SKU1021,All-Purpose Cleaner,3.18,3.18,2.18,0,135,3.06,3.16,3.02
2024-04-29,Household,Cleaning,SKU1021,All-Purpose Cleaner,3.25,3.25,2.18,0,249,3.02,3.17,3.05
2024-05-06,Household,Cleaning,SKU1021,All-Purpose Cleaner,3.21,3.21,2.18,0,181,3.04,3.23,2.82
2024-05-13,Household,Cleaning,SKU1021,All-Purpose Cleaner,3.09,3.09,2.17,0,252,3.1,3.13,3.01
2024-05-20,Household,Cleaning,SKU1021,All-Purpose Cleaner,3.08,3.08,2.18,0,141,3.07,3.11,3.05
2024-05-27,Household,Cleaning,SKU1021,All-Purpose Cleaner,3.16,3.16,2.18,0,155,3.04,3.19,2.98
2024-06-03,Household,Cleaning,SKU1021,All-Purpose Cleaner,3.16,3.16,2.18,0,86,3.06,3.09,2.88
2024-06-10,Household,Cleaning,SKU1021,All-Purpose Cleaner,2.98,2.98,2.19,0,220,2.84,2.92,2.91
2024-06-17,Household,Cleaning,SKU1021,All-Purpose Cleaner,2.89,2.89,2.2,0,72,2.85,3.05,2.95
2024-06-24,Household,Cleaning,SKU1021,All-Purpose Cleaner,3.08,3.08,2.19,0,51,3.18,2.98,3.05
2024-07-01,Household,Cleaning,SKU1021,All-Purpose Cleaner,3.06,3.06,2.19,0,283,3.05,2.95,3.08
2024-07-08,Household,Cleaning,SKU1021,All-Purpose Cleaner,3.04,3.04,2.2,0,200,3.11,3.06,2.81
2024-07-15,Household,Cleaning,SKU1021,All-Purpose Cleaner,2.97,2.97,2.2,0,209,2.89,3.14,2.82
2024-07-22,Household,Cleaning,SKU1021,All-Purpose Cleaner,2.92,2.92,2.21,0,174,3.11,2.83,2.82
2024-07-29,Household,Cleaning,SKU1021,All-Purpose Cleaner,2.67,2.99,2.2,1,177,3.0,2.84,2.69
2024-08-05,Household,Cleaning,SKU1021,All-Purpose Cleaner,2.88,2.88,2.2,0,186,2.86,2.93,2.83
2024-08-12,Household,Cleaning,SKU1021,All-Purpose Cleaner,3.02,3.02,2.2,0,85,2.81,2.86,2.92
2024-08-19,Household,Cleaning,SKU1021,All-Purpose Cleaner,2.87,2.87,2.21,0,172,2.83,2.98,2.84
2024-08-26,Household,Cleaning,SKU1021,All-Purpose Cleaner,2.87,2.87,2.22,0,78,2.95,3.01,2.7
2024-09-02,Household,Cleaning,SKU1021,All-Purpose Cleaner,2.4,2.85,2.2,1,306,2.76,2.89,2.65
2024-09-09,Household,Cleaning,SKU1021,All-Purpose Cleaner,2.89,2.89,2.22,0,206,2.8,3.08,2.92
2024-09-16,Household,Cleaning,SKU1021,All-Purpose Cleaner,2.82,2.82,2.22,0,93,2.83,2.89,2.69
2024-09-23,Household,Cleaning,SKU1021,All-Purpose Cleaner,2.13,2.84,2.22,1,187,2.84,2.76,2.79
2024-09-30,Household,Cleaning,SKU1021,All-Purpose Cleaner,2.7,2.7,2.21,0,283,2.95,2.95,2.77
2024-10-07,Household,Cleaning,SKU1021,All-Purpose Cleaner,3.0,3.0,2.22,0,205,2.73,2.99,2.7
2024-10-14,Household,Cleaning,SKU1021,All-Purpose Cleaner,2.92,2.92,2.23,0,186,2.95,2.87,2.71
2024-10-21,Household,Cleaning,SKU1021,All-Purpose Cleaner,2.84,2.84,2.24,0,222,2.74,2.89,2.73
2024-10-28,Household,Cleaning,SKU1021,All-Purpose Cleaner,2.98,2.98,2.23,0,123,2.97,2.86,2.79
2024-11-04,Household,Cleaning,SKU1021,All-Purpose Cleaner,2.9,2.9,2.23,0,36,2.75,2.55,2.66
2024-11-11,Household,Cleaning,SKU1021,All-Purpose Cleaner,2.84,2.84,2.24,0,63,2.97,2.88,2.65
2024-11-18,Household,Cleaning,SKU1021,All-Purpose Cleaner,3.03,3.03,2.23,0,168,3.11,2.99,2.75
2024-11-25,Household,Cleaning,SKU1021,All-Purpose Cleaner,2.82,2.82,2.24,0,171,2.72,2.9,2.68
2024-12-02,Household,Cleaning,SKU1021,All-Purpose Cleaner,2.89,2.89,2.24,0,138,2.93,2.92,2.67
2024-12-09,Household,Cleaning,SKU1021,All-Purpose Cleaner,3.02,3.02,2.24,0,99,2.84,2.89,2.71
2024-12-16,Household,Cleaning,SKU1021,All-Purpose Cleaner,2.85,2.85,2.25,0,132,2.97,3.04,2.66
2024-12-23,Household,Cleaning,SKU1021,All-Purpose Cleaner,2.38,2.92,2.25,1,104,3.05,2.9,2.82
2024-12-30,Household,Cleaning,SKU1021,All-Purpose Cleaner,3.16,3.16,2.24,0,111,3.06,3.23,2.95
2025-01-06,Household,Cleaning,SKU1021,All-Purpose Cleaner,2.97,2.97,2.24,0,125,3.02,3.11,2.84
2025-01-13,Household,Cleaning,SKU1021,All-Purpose Cleaner,3.14,3.14,2.25,0,178,2.96,3.05,2.82
2025-01-20,Household,Cleaning,SKU1021,All-Purpose Cleaner,3.11,3.11,2.25,0,46,2.84,3.01,2.84
2025-01-27,Household,Cleaning,SKU1021,All-Purpose Cleaner,2.9,2.9,2.26,0,177,3.03,2.97,2.9
2025-02-03,Household,Cleaning,SKU1021,All-Purpose Cleaner,3.11,3.11,2.26,0,181,3.17,3.23,2.98
2025-02-10,Household,Cleaning,SKU1021,All-Purpose Cleaner,3.09,3.09,2.25,0,89,3.12,3.04,2.9
2025-02-17,Household,Cleaning,SKU1021,All-Purpose Cleaner,3.12,3.12,2.26,0,139,3.13,2.99,3.01
2025-02-24,Household,Cleaning,SKU1021,All-Purpose Cleaner,2.48,3.2,2.26,1,304,3.26,3.17,3.05
2025-03-03,Household,Cleaning,SKU1021,All-Purpose Cleaner,3.24,3.24,2.27,0,163,3.22,3.12,2.79
2025-03-10,Household,Cleaning,SKU1021,All-Purpose Cleaner,3.37,3.37,2.27,0,167,3.35,3.25,3.02
2025-03-17,Household,Cleaning,SKU1021,All-Purpose Cleaner,3.21,3.21,2.27,0,196,3.11,3.17,2.85
2025-03-24,Household,Cleaning,SKU1021,All-Purpose Cleaner,3.28,3.28,2.27,0,226,3.27,3.24,3.01
2025-03-31,Household,Cleaning,SKU1021,All-Purpose Cleaner,3.16,3.16,2.26,0,177,3.25,3.15,3.1
2025-04-07,Household,Cleaning,SKU1021,All-Purpose Cleaner,3.11,3.11,2.28,0,141,3.17,3.15,3.16
2025-04-14,Household,Cleaning,SKU1021,All-Purpose Cleaner,3.16,3.16,2.27,0,169,3.25,3.28,3.0
2025-04-21,Household,Cleaning,SKU1021,All-Purpose Cleaner,3.07,3.07,2.28,0,129,3.14,3.33,2.75
2025-04-28,Household,Cleaning,SKU1021,All-Purpose Cleaner,3.13,3.13,2.28,0,155,2.97,2.99,3.15
2025-05-05,Household,Cleaning,SKU1021,All-Purpose Cleaner,3.1,3.1,2.28,0,94,3.15,3.28,3.08
2025-05-12,Household,Cleaning,SKU1021,All-Purpose Cleaner,3.27,3.27,2.28,0,125,3.09,3.16,2.88
2025-05-19,Household,Cleaning,SKU1021,All-Purpose Cleaner,3.09,3.09,2.28,0,159,3.21,3.12,2.86
2025-05-26,Household,Cleaning,SKU1021,All-Purpose Cleaner,2.9,2.9,2.29,0,195,3.16,3.0,2.8
2025-06-02,Household,Cleaning,SKU1021,All-Purpose Cleaner,2.97,2.97,2.29,0,49,3.02,3.14,2.73
2025-06-09,Household,Cleaning,SKU1021,All-Purpose Cleaner,2.93,2.93,2.29,0,76,3.1,3.04,2.95
2025-06-16,Household,Cleaning,SKU1021,All-Purpose Cleaner,3.01,3.01,2.29,0,59,2.86,3.05,2.74
2025-06-23,Household,Cleaning,SKU1021,All-Purpose Cleaner,3.19,3.19,2.29,0,155,3.13,3.01,2.85
2025-06-30,Household,Cleaning,SKU1021,All-Purpose Cleaner,2.24,2.9,2.29,1,154,2.69,3.02,2.71
2025-07-07,Household,Cleaning,SKU1021,All-Purpose Cleaner,2.95,2.95,2.29,0,257,3.0,2.96,2.74
2025-07-14,Household,Cleaning,SKU1021,All-Purpose Cleaner,2.89,2.89,2.3,0,102,2.9,2.86,2.84
2025-07-21,Household,Cleaning,SKU1021,All-Purpose Cleaner,3.02,3.02,2.3,0,154,2.86,2.94,2.82
2025-07-28,Household,Cleaning,SKU1021,All-Purpose Cleaner,2.89,2.89,2.3,0,239,2.97,2.87,2.87
2025-08-04,Household,Cleaning,SKU1021,All-Purpose Cleaner,3.13,3.13,2.31,0,163,2.78,2.94,2.67
2025-08-11,Household,Cleaning,SKU1021,All-Purpose Cleaner,2.64,2.99,2.3,1,205,2.8,3.09,2.93
2025-08-18,Household,Cleaning,SKU1021,All-Purpose Cleaner,2.89,2.89,2.3,0,105,2.85,3.06,2.83
2025-08-25,Household,Cleaning,SKU1021,All-Purpose Cleaner,2.9,2.9,2.3,0,133,2.81,2.94,2.72
2025-09-01,Household,Cleaning,SKU1021,All-Purpose Cleaner,2.84,2.84,2.32,0,124,2.84,3.01,2.74
2025-09-08,Household,Cleaning,SKU1021,All-Purpose Cleaner,2.85,2.85,2.31,0,62,2.85,2.89,2.71
2025-09-15,Household,Cleaning,SKU1021,All-Purpose Cleaner,3.06,3.06,2.32,0,32,2.84,2.93,2.78
2025-09-22,Household,Cleaning,SKU1021,All-Purpose Cleaner,2.94,2.94,2.31,0,80,2.89,2.79,2.75
2025-09-29,Household,Cleaning,SKU1021,All-Purpose Cleaner,2.98,2.98,2.32,0,98,2.81,2.91,2.77
2025-10-06,Household,Cleaning,SKU1021,All-Purpose Cleaner,2.96,2.96,2.33,0,120,2.89,2.88,2.76
2025-10-13,Household,Cleaning,SKU1021,All-Purpose Cleaner,2.78,2.78,2.33,0,241,2.9,2.77,2.69
2025-10-20,Household,Cleaning,SKU1021,All-Purpose Cleaner,2.89,2.89,2.33,0,230,2.93,2.95,2.81
2025-10-27,Household,Cleaning,SKU1021,All-Purpose Cleaner,3.05,3.05,2.33,0,201,2.85,2.94,2.72
2025-11-03,Household,Cleaning,SKU1021,All-Purpose Cleaner,3.04,3.04,2.33,0,58,3.0,2.94,2.93
2025-11-10,Household,Cleaning,SKU1021,All-Purpose Cleaner,2.82,3.1,2.34,1,188,3.0,2.9,2.6
2025-11-17,Household,Cleaning,SKU1021,All-Purpose Cleaner,3.0,3.0,2.33,0,52,2.86,2.77,2.66
2025-11-24,Household,Cleaning,SKU1021,All-Purpose Cleaner,2.98,2.98,2.34,0,197,2.91,3.13,2.95
2025-12-01,Household,Cleaning,SKU1021,All-Purpose Cleaner,3.02,3.02,2.34,0,41,2.84,3.04,2.87
2025-12-08,Household,Cleaning,SKU1021,All-Purpose Cleaner,3.0,3.0,2.34,0,240,2.91,2.88,2.77
2025-12-15,Household,Cleaning,SKU1021,All-Purpose Cleaner,2.36,3.03,2.34,1,261,2.91,3.11,2.87
2025-12-22,Household,Cleaning,SKU1021,All-Purpose Cleaner,2.89,2.89,2.34,0,111,2.83,3.01,2.81
