data/pricing_data.csv
week,department,sub_department,sku,product,gt_price,gt_regular_price,cost,promo_flag,units,walmart_price,nofrills_price,dollarama_price
2024-01-01,Household,Cleaning,SKU1023,Bleach,16.49,16.49,13.12,0,243,16.33,16.83,16.4
2024-01-08,Household,Cleaning,SKU1023,Bleach,12.92,16.93,13.11,1,318,16.07,16.21,16.11
2024-01-15,Household,Cleaning,SKU1023,Bleach,17.0,17.0,13.08,0,223,16.39,17.2,16.2
2024-01-22,Household,Cleaning,SKU1023,Bleach,16.74,16.74,13.09,0,129,16.7,16.63,16.66
2024-01-29,Household,Cleaning,SKU1023,Bleach,17.4,17.4,13.16,0,236,16.64,17.28,16.1
2024-02-05,Household,Cleaning,SKU1023,Bleach,16.89,16.89,13.16,0,46,16.53,16.02,15.85
2024-02-12,Household,Cleaning,SKU1023,Bleach,15.2,17.42,13.16,1,407,16.1,17.16,16.6
2024-02-19,Household,Cleaning,SKU1023,Bleach,17.73,17.73,13.21,0,102,16.79,17.13,16.35
2024-02-26,Household,Cleaning,SKU1023,Bleach,17.56,17.56,13.21,0,145,17.22,17.65,15.1
2024-03-04,Household,Cleaning,SKU1023,Bleach,17.89,17.89,13.21,0,84,17.46,17.26,16.65
2024-03-11,Household,Cleaning,SKU1023,Bleach,17.9,17.9,13.2,0,112,17.65,18.23,17.27
2024-03-18,Household,Cleaning,SKU1023,Bleach,17.46,17.46,13.25,0,231,18.03,16.85,17.72
2024-03-25,Household,Cleaning,SKU1023,Bleach,17.58,17.58,13.27,0,101,17.53,16.89,16.14
2024-04-01,Household,Cleaning,SKU1023,Bleach,17.97,17.97,13.25,0,196,17.79,17.07,17.15
2024-04-08,Household,Cleaning,SKU1023,Bleach,14.31,17.62,13.29,1,188,17.07,17.49,15.75
2024-04-15,Household,Cleaning,SKU1023,Bleach,17.35,17.35,13.24,0,94,16.99,18.42,16.65
2024-04-22,Household,Cleaning,SKU1023,Bleach,17.61,17.61,13.28,0,231,16.78,17.01,16.92
2024-04-29,Household,Cleaning,SKU1023,Bleach,17.79,17.79,13.31,0,73,16.32,17.35,16.21
2024-05-06,Household,Cleaning,SKU1023,Bleach,17.34,17.34,13.36,0,283,17.35,17.22,16.35
2024-05-13,Household,Cleaning,SKU1023,Bleach,16.9,16.9,13.31,0,91,16.81,16.96,15.74
2024-05-20,Household,Cleaning,SKU1023,Bleach,17.47,17.47,13.3,0,59,17.32,17.6,16.04
2024-05-27,Household,Cleaning,SKU1023,Bleach,17.16,17.16,13.32,0,49,17.27,17.33,16.0
2024-06-03,Household,Cleaning,SKU1023,Bleach,16.6,16.6,13.33,0,149,16.17,16.66,15.87
2024-06-10,Household,Cleaning,SKU1023,Bleach,17.18,17.18,13.4,0,69,17.02,16.56,15.6
2024-06-17,Household,Cleaning,SKU1023,Bleach,16.83,16.83,13.38,0,230,16.86,17.51,15.69
2024-06-24,Household,Cleaning,SKU1023,Bleach,16.89,16.89,13.39,0,68,16.58,16.59,15.82
2024-07-01,Household,Cleaning,SKU1023,Bleach,17.37,17.37,13.41,0,35,16.62,15.89,16.24
2024-07-08,Household,Cleaning,SKU1023,Bleach,16.89,16.89,13.41,0,158,15.96,16.4,15.23
2024-07-15,Household,Cleaning,SKU1023,Bleach,16.8,16.8,13.46,0,91,15.98,16.68,15.19
2024-07-22,Household,Cleaning,SKU1023,Bleach,16.15,16.15,13.4,0,202,17.12,15.92,15.35
2024-07-29,Household,Cleaning,SKU1023,Bleach,16.59,16.59,13.41,0,47,16.41,15.9,14.77
2024-08-05,Household,Cleaning,SKU1023,Bleach,16.59,16.59,13.46,0,137,16.19,17.12,16.77
2024-08-12,Household,Cleaning,SKU1023,Bleach,17.04,17.04,13.5,0,158,17.3,15.52,15.29
2024-08-19,Household,Cleaning,SKU1023,Bleach,17.18,17.18,13.5,0,227,16.29,15.43,15.12
2024-08-26,Household,Cleaning,SKU1023,Bleach,15.7,15.7,13.49,0,181,16.04,16.0,14.97
2024-09-02,Household,Cleaning,SKU1023,Bleach,16.0,16.0,13.49,0,187,16.32,16.09,14.91
2024-09-09,Household,Cleaning,SKU1023,Bleach,16.15,16.15,13.51,0,68,16.06,15.51,15.34
2024-09-16,Household,Cleaning,SKU1023,Bleach,15.9,15.9,13.52,0,205,16.44,16.37,15.11
2024-09-23,Household,Cleaning,SKU1023,Bleach,16.06,16.06,13.54,0,216,16.88,15.94,15.21
2024-09-30,Household,Cleaning,SKU1023,Bleach,16.19,16.19,13.56,0,237,15.88,15.9,15.2
2024-10-07,Household,Cleaning,SKU1023,Bleach,16.4,16.4,13.54,0,225,16.07,15.65,14.63
2024-10-14,Household,Cleaning,SKU1023,Bleach,16.29,16.29,13.62,0,48,14.8,16.0,14.76
2024-10-21,Household,Cleaning,SKU1023,Bleach,15.74,15.74,13.61,0,121,15.54,14.95,14.51
2024-10-28,Household,Cleaning,SKU1023,Bleach,15.8,15.8,13.62,0,69,15.38,16.0,15.09
2024-11-04,Household,Cleaning,SKU1023,Bleach,16.45,16.45,13.6,0,179,16.42,16.26,16.04
2024-11-11,Household,Cleaning,SKU1023,Bleach,16.4,16.4,13.63,0,97,16.65,15.55,15.25
2024-11-18,Household,Cleaning,SKU1023,Bleach,16.06,16.06,13.68,0,56,16.1,15.85,16.19
2024-11-25,Household,Cleaning,SKU1023,Bleach,13.49,16.22,13.62,1,191,15.49,16.31,15.01
2024-12-02,Household,Cleaning,SKU1023,Bleach,16.4,16.4,13.62,0,147,16.37,16.24,16.02
2024-12-09,Household,Cleaning,SKU1023,Bleach,16.82,16.82,13.66,0,76,16.83,16.86,14.59
2024-12-16,Household,Cleaning,SKU1023,Bleach,16.09,16.09,13.68,0,67,16.02,16.66,15.58
2024-12-23,Household,Cleaning,SKU1023,Bleach,15.41,17.11,13.7,1,318,16.94,17.17,15.66
2024-12-30,Household,Cleaning,SKU1023,Bleach,16.69,16.69,13.71,0,101,16.12,16.95,15.24
2025-01-06,Household,Cleaning,SKU1023,Bleach,17.21,17.21,13.7,0,210,17.23,17.43,16.26
2025-01-13,Household,Cleaning,SKU1023,Bleach,16.71,16.71,13.67,0,256,16.76,16.74,15.89
2025-01-20,Household,Cleaning,SKU1023,Bleach,17.55,17.55,13.73,0,111,17.05,17.22,16.54
2025-01-27,Household,Cleaning,SKU1023,Bleach,17.2,17.2,13.69,0,135,16.69,17.27,16.4
2025-02-03,Household,Cleaning,SKU1023,Bleach,17.15,17.15,13.79,0,238,16.5,16.38,17.36
2025-02-10,Household,Cleaning,SKU1023,Bleach,16.48,16.48,13.72,0,94,16.22,17.29,16.44
2025-02-17,Household,Cleaning,SKU1023,Bleach,17.35,17.35,13.85,0,208,17.3,17.18,16.57
2025-02-24,Household,Cleaning,SKU1023,Bleach,17.6,17.6,13.82,0,124,16.7,16.93,15.78
2025-03-03,Household,Cleaning,SKU1023,Bleach,17.67,17.67,13.84,0,76,17.65,17.35,16.27
2025-03-10,Household,Cleaning,SKU1023,Bleach,17.39,17.39,13.83,0,69,17.59,17.85,16.44
2025-03-17,Household,Cleaning,SKU1023,Bleach,17.47,17.47,13.82,0,44,17.41,18.43,16.71
2025-03-24,Household,Cleaning,SKU1023,Bleach,17.63,17.63,13.82,0,162,17.05,17.57,16.92
2025-03-31,Household,Cleaning,SKU1023,Bleach,18.08,18.08,13.86,0,119,17.32,16.93,16.37
2025-04-07,Household,Cleaning,SKU1023,Bleach,17.51,17.51,13.93,0,188,17.43,17.76,16.78
2025-04-14,Household,Cleaning,SKU1023,Bleach,15.31,18.17,13.87,1,207,17.11,17.97,16.28
2025-04-21,Household,Cleaning,SKU1023,Bleach,17.11,17.11,13.89,0,253,17.17,17.59,16.87
2025-04-28,Household,Cleaning,SKU1023,Bleach,17.72,17.72,13.86,0,162,16.14,17.24,15.93
2025-05-05,Household,Cleaning,SKU1023,Bleach,17.31,17.31,13.95,0,65,17.64,17.96,16.44
2025-05-12,Household,Cleaning,SKU1023,Bleach,17.59,17.59,13.94,0,201,16.5,17.69,16.31
2025-05-19,Household,Cleaning,SKU1023,Bleach,16.8,16.8,13.94,0,62,16.35,15.71,15.96
2025-05-26,Household,Cleaning,SKU1023,Bleach,17.4,17.4,13.98,0,96,17.13,18.25,16.88
2025-06-02,Household,Cleaning,SKU1023,Bleach,17.94,17.94,13.98,0,196,17.53,17.66,16.99
2025-06-09,Household,Cleaning,SKU1023,Bleach,16.82,16.82,13.96,0,67,16.84,16.77,14.94
2025-06-16,Household,Cleaning,SKU1023,Bleach,17.3,17.3,14.01,0,216,17.77,16.86,16.29
2025-06-23,Household,Cleaning,SKU1023,Bleach,17.14,17.14,14.05,0,231,17.07,16.87,14.97
2025-06-30,Household,Cleaning,SKU1023,Bleach,17.16,17.16,14.05,0,206,16.91,17.14,15.82
2025-07-07,Household,Cleaning,SKU1023,Bleach,16.33,16.33,14.0,0,160,17.55,17.16,15.21
2025-07-14,Household,Cleaning,SKU1023,Bleach,16.55,16.55,14.09,0,280,17.16,17.69,15.67
2025-07-21,Household,Cleaning,SKU1023,Bleach,16.27,16.27,14.1,0,70,15.99,15.58,15.33
2025-07-28,Household,Cleaning,SKU1023,Bleach,16.82,16.82,14.06,0,48,16.15,16.27,15.28
2025-08-04,Household,Cleaning,SKU1023,Bleach,16.28,16.28,14.06,0,130,16.12,15.64,15.32
2025-08-11,Household,Cleaning,SKU1023,Bleach,16.43,16.43,14.1,0,82,15.62,16.14,15.84
2025-08-18,Household,Cleaning,SKU1023,Bleach,15.89,15.89,14.11,0,130,16.04,15.81,15.17
2025-08-25,Household,Cleaning,SKU1023,Bleach,15.81,15.81,14.09,0,120,15.63,15.28,14.99
2025-09-01,Household,Cleaning,SKU1023,Bleach,15.58,15.58,14.07,0,107,15.52,16.33,15.74
2025-09-08,Household,Cleaning,SKU1023,Bleach,16.17,16.17,14.11,0,73,15.71,15.38,14.93
2025-09-15,Household,Cleaning,SKU1023,Bleach,15.81,15.81,14.17,0,40,15.38,15.64,14.96
2025-09-22,Household,Cleaning,SKU1023,Bleach,15.73,15.73,14.15,0,68,15.86,15.16,14.84
2025-09-29,Household,Cleaning,SKU1023,Bleach,16.11,16.11,14.17,0,110,16.41,16.21,14.73
2025-10-06,Household,Cleaning,SKU1023,Bleach,13.19,16.37,14.21,1,324,15.37,15.34,13.95
2025-10-13,Household,Cleaning,SKU1023,Bleach,15.94,15.94,14.21,0,126,15.63,15.5,14.52
2025-10-20,Household,Cleaning,SKU1023,Bleach,16.32,16.32,14.23,0,160,15.81,17.14,14.89
2025-10-27,Household,Cleaning,SKU1023,Bleach,16.07,16.07,14.24,0,127,16.15,16.08,14.68
2025-11-03,Household,Cleaning,SKU1023,Bleach,15.91,15.91,14.2,0,90,16.51,16.01,15.4
2025-11-10,Household,Cleaning,SKU1023,Bleach,15.5,15.5,14.21,0,113,16.34,16.72,15.4
2025-11-17,Household,Cleaning,SKU1023,Bleach,15.84,15.84,14.27,0,105,15.38,16.33,14.79
2025-11-24,Household,Cleaning,SKU1023,Bleach,16.22,16.22,14.26,0,84,16.52,17.0,14.44
2025-12-01,Household,Cleaning,SKU1023,Bleach,15.89,15.89,14.31,0,282,16.36,16.65,14.6
2025-12-08,Household,Cleaning,SKU1023,Bleach,16.28,16.28,14.24,0,93,17.7,16.42,15.93
2025-12-15,Household,Cleaning,SKU1023,Bleach,16.47,16.47,14.29,0,286,15.97,17.3,15.95
2025-12-22,Household,Cleaning,SKU1023,Bleach,17.01,17.01,14.34,0,123,16.41,15.86,15.04
