data/pricing_data.csv
week,department,sub_department,sku,product,gt_price,gt_regular_price,cost,promo_flag,units,walmart_price,nofrills_price,dollarama_price
2024-01-01,Household,Cleaning,SKU1024,Glass Cleaner,15.35,15.35,10.89,0,205,14.53,14.44,13.89
2024-01-08,Household,Cleaning,SKU1024,Glass Cleaner,15.24,15.24,10.91,0,102,14.81,15.78,13.54
2024-01-15,Household,Cleaning,SKU1024,Glass Cleaner,15.11,15.11,10.93,0,217,14.78,14.89,14.24
2024-01-22,Household,Cleaning,SKU1024,Glass Cleaner,15.59,15.59,10.89,0,99,14.65,15.37,15.07
2024-01-29,Household,Cleaning,SKU1024,Glass Cleaner,15.09,15.09,10.89,0,100,14.74,15.17,14.58
2024-02-05,Household,Cleaning,SKU1024,Glass Cleaner,15.02,15.02,10.93,0,177,13.98,15.75,14.29
2024-02-12,Household,Cleaning,SKU1024,Glass Cleaner,15.54,15.54,10.91,0,195,14.93,14.83,15.11
2024-02-19,Household,Cleaning,SKU1024,Glass Cleaner,15.08,15.08,10.96,0,166,14.34,14.55,14.33
2024-02-26,Household,Cleaning,SKU1024,Glass Cleaner,14.73,14.73,10.94,0,178,14.85,15.8,14.55
2024-03-04,Household,Cleaning,SKU1024,Glass Cleaner,15.75,15.75,10.95,0,219,14.38,15.15,14.55
2024-03-11,Household,Cleaning,SKU1024,Glass Cleaner,15.72,15.72,10.97,0,47,15.02,15.5,14.3
2024-03-18,Household,Cleaning,SKU1024,Glass Cleaner,15.49,15.49,11.0,0,109,14.51,15.54,14.55
2024-03-25,Household,Cleaning,SKU1024,Glass Cleaner,15.35,15.35,10.99,0,82,15.56,15.5,14.4
2024-04-01,Household,Cleaning,SKU1024,Glass Cleaner,14.86,14.86,10.99,0,118,15.67,15.45,14.73
2024-04-08,Household,Cleaning,SKU1024,Glass Cleaner,16.16,16.16,11.0,0,187,15.42,15.12,14.99
2024-04-15,Household,Cleaning,SKU1024,Glass Cleaner,16.01,16.01,11.03,0,206,14.49,14.77,15.15
2024-04-22,Household,Cleaning,SKU1024,Glass Cleaner,16.03,16.03,11.01,0,203,14.41,15.39,14.75
2024-04-29,Household,Cleaning,SKU1024,Glass Cleaner,15.67,15.67,11.05,0,67,15.31,14.75,14.6
2024-05-06,Household,Cleaning,SKU1024,Glass Cleaner,15.6,15.6,11.05,0,150,15.57,14.48,14.16
2024-05-13,Household,Cleaning,SKU1024,Glass Cleaner,15.6,15.6,11.05,0,176,15.61,15.34,15.07
2024-05-20,Household,Cleaning,SKU1024,Glass Cleaner,15.44,15.44,11.06,0,186,15.23,14.01,15.28
2024-05-27,Household,Cleaning,SKU1024,Glass Cleaner,15.76,15.76,11.11,0,178,14.93,15.2,14.32
2024-06-03,Household,Cleaning,SKU1024,Glass Cleaner,15.18,15.18,11.12,0,101,14.57,14.3,14.82
2024-06-10,Household,Cleaning,SKU1024,Glass Cleaner,14.16,14.16,11.08,0,153,14.89,14.71,13.82
2024-06-17,Household,Cleaning,SKU1024,Glass Cleaner,15.05,15.05,11.09,0,85,14.44,15.11,14.66
2024-06-24,Household,Cleaning,SKU1024,Glass Cleaner,15.34,15.34,11.15,0,227,15.08,14.63,13.67
2024-07-01,Household,Cleaning,SKU1024,Glass Cleaner,14.74,14.74,11.14,0,120,15.05,14.76,14.29
2024-07-08,Household,Cleaning,SKU1024,Glass Cleaner,14.45,14.45,11.16,0,111,14.44,14.52,13.18
2024-07-15,Household,Cleaning,SKU1024,Glass Cleaner,14.41,14.41,11.15,0,169,14.36,14.05,13.72
2024-07-22,Household,Cleaning,SKU1024,Glass Cleaner,14.36,14.36,11.13,0,207,14.52,13.66,13.66
2024-07-29,Household,Cleaning,SKU1024,Glass Cleaner,14.59,14.59,11.16,0,75,14.17,14.07,14.03
2024-08-05,Household,Cleaning,SKU1024,Glass Cleaner,14.63,14.63,11.19,0,179,13.95,14.24,13.2
2024-08-12,Household,Cleaning,SKU1024,Glass Cleaner,14.47,14.47,11.2,0,227,14.18,14.37,13.12
2024-08-19,Household,Cleaning,SKU1024,Glass Cleaner,12.87,14.26,11.22,1,174,14.61,13.34,12.82
2024-08-26,Household,Cleaning,SKU1024,Glass Cleaner,14.22,14.22,11.18,0,135,13.73,13.28,13.38
2024-09-02,Household,Cleaning,SKU1024,Glass Cleaner,14.65,14.65,11.2,0,105,14.08,14.19,13.48
2024-09-09,Household,Cleaning,SKU1024,Glass Cleaner,14.27,14.27,11.25,0,66,14.01,13.64,13.07
2024-09-16,Household,Cleaning,SKU1024,Glass Cleaner,14.22,14.22,11.26,0,78,13.29,14.07,14.16
2024-09-23,Household,Cleaning,SKU1024,Glass Cleaner,14.88,14.88,11.26,0,169,13.76,14.14,13.43
2024-09-30,Household,Cleaning,SKU1024,Glass Cleaner,14.13,14.13,11.24,0,173,13.86,13.89,13.52
2024-10-07,Household,Cleaning,SKU1024,Glass Cleaner,14.17,14.17,11.23,0,78,14.63,14.06,13.26
2024-10-14,Household,Cleaning,SKU1024,Glass Cleaner,14.16,14.16,11.25,0,272,14.12,13.95,13.82
2024-10-21,Household,Cleaning,SKU1024,Glass Cleaner,14.33,14.33,11.31,0,178,14.28,13.35,12.69
2024-10-28,Household,Cleaning,SKU1024,Glass Cleaner,14.38,14.38,11.32,0,130,14.25,13.74,12.62
2024-11-04,Household,Cleaning,SKU1024,Glass Cleaner,14.24,14.24,11.32,0,256,14.54,14.09,12.66
2024-11-11,Household,Cleaning,SKU1024,Glass Cleaner,12.3,13.89,11.31,1,352,13.86,13.92,14.15
2024-11-18,Household,Cleaning,SKU1024,Glass Cleaner,14.09,14.09,11.28,0,98,13.64,13.86,13.18
2024-11-25,Household,Cleaning,SKU1024,Glass Cleaner,11.08,14.36,11.33,1,394,14.08,14.21,14.2
2024-12-02,Household,Cleaning,SKU1024,Glass Cleaner,14.53,14.53,11.34,0,266,14.41,14.22,13.97
2024-12-09,Household,Cleaning,SKU1024,Glass Cleaner,14.46,14.46,11.38,0,231,14.52,14.48,13.18
2024-12-16,Household,Cleaning,SKU1024,Glass Cleaner,14.75,14.75,11.37,0,177,14.39,14.58,13.48
2024-12-23,Household,Cleaning,SKU1024,Glass Cleaner,12.79,15.4,11.36,1,239,14.42,14.37,14.22
2024-12-30,Household,Cleaning,SKU1024,Glass Cleaner,14.8,14.8,11.39,0,239,14.96,14.58,13.83
2025-01-06,Household,Cleaning,SKU1024,Glass Cleaner,15.07,15.07,11.38,0,92,14.9,14.89,14.1
2025-01-13,Household,Cleaning,SKU1024,Glass Cleaner,14.75,14.75,11.41,0,181,13.82,14.8,13.65
2025-01-20,Household,Cleaning,SKU1024,Glass Cleaner,15.1,15.1,11.41,0,80,14.7,15.67,14.57
2025-01-27,Household,Cleaning,SKU1024,Glass Cleaner,15.04,15.04,11.42,0,109,15.64,14.45,14.76
2025-02-03,Household,Cleaning,SKU1024,Glass Cleaner,14.79,14.79,11.43,0,157,15.59,14.53,14.24
2025-02-10,Household,Cleaning,SKU1024,Glass Cleaner,14.6,14.6,11.46,0,113,14.37,15.26,14.38
2025-02-17,Household,Cleaning,SKU1024,Glass Cleaner,15.17,15.17,11.48,0,196,14.66,15.28,14.9
2025-02-24,Household,Cleaning,SKU1024,Glass Cleaner,15.42,15.42,11.47,0,152,15.2,15.64,13.52
2025-03-03,Household,Cleaning,SKU1024,Glass Cleaner,15.35,15.35,11.46,0,172,15.03,15.59,14.74
2025-03-10,Household,Cleaning,SKU1024,Glass Cleaner,15.68,15.68,11.46,0,218,15.21,16.64,14.74
2025-03-17,Household,Cleaning,SKU1024,Glass Cleaner,15.51,15.51,11.49,0,90,15.85,15.75,14.36
2025-03-24,Household,Cleaning,SKU1024,Glass Cleaner,16.16,16.16,11.51,0,81,15.13,15.99,14.62
2025-03-31,Household,Cleaning,SKU1024,Glass Cleaner,15.63,15.63,11.49,0,181,16.28,15.24,15.37
2025-04-07,Household,Cleaning,SKU1024,Glass Cleaner,15.78,15.78,11.48,0,136,14.59,15.41,15.19
2025-04-14,Household,Cleaning,SKU1024,Glass Cleaner,14.98,14.98,11.54,0,259,16.13,15.31,13.63
2025-04-21,Household,Cleaning,SKU1024,Glass Cleaner,15.5,15.5,11.53,0,226,15.31,15.39,14.5
2025-04-28,Household,Cleaning,SKU1024,Glass Cleaner,15.85,15.85,11.55,0,100,15.79,14.82,13.76
2025-05-05,Household,Cleaning,SKU1024,Glass Cleaner,15.74,15.74,11.58,0,135,15.01,15.73,14.65
2025-05-12,Household,Cleaning,SKU1024,Glass Cleaner,15.1,15.1,11.61,0,81,15.41,14.95,14.99
2025-05-19,Household,Cleaning,SKU1024,Glass Cleaner,15.46,15.46,11.57,0,47,15.82,15.41,15.44
2025-05-26,Household,Cleaning,SKU1024,Glass Cleaner,15.56,15.56,11.57,0,168,15.02,15.5,15.51
2025-06-02,Household,Cleaning,SKU1024,Glass Cleaner,15.8,15.8,11.62,0,112,15.59,15.73,14.43
2025-06-09,Household,Cleaning,SKU1024,Glass Cleaner,14.53,14.53,11.61,0,107,15.35,14.69,14.83
2025-06-16,Household,Cleaning,SKU1024,Glass Cleaner,14.59,14.59,11.61,0,149,14.26,14.48,14.03
2025-06-23,Household,Cleaning,SKU1024,Glass Cleaner,14.9,14.9,11.58,0,138,15.17,14.99,13.8
2025-06-30,Household,Cleaning,SKU1024,Glass Cleaner,14.94,14.94,11.65,0,203,14.81,14.94,13.37
2025-07-07,Household,Cleaning,SKU1024,Glass Cleaner,14.92,14.92,11.67,0,197,14.99,14.48,14.24
2025-07-14,Household,Cleaning,SKU1024,Glass Cleaner,14.15,14.15,11.63,0,122,14.06,14.3,13.02
2025-07-21,Household,Cleaning,SKU1024,Glass Cleaner,15.21,15.21,11.64,0,41,15.01,14.79,13.66
2025-07-28,Household,Cleaning,SKU1024,Glass Cleaner,14.6,14.6,11.67,0,256,15.1,14.49,13.61
2025-08-04,Household,Cleaning,SKU1024,Glass Cleaner,14.11,14.11,11.72,0,236,14.72,13.73,13.59
2025-08-11,Household,Cleaning,SKU1024,Glass Cleaner,14.33,14.33,11.68,0,144,13.81,14.57,14.0
2025-08-18,Household,Cleaning,SKU1024,Glass Cleaner,13.2,14.66,11.67,1,93,14.08,14.66,13.06
2025-08-25,Household,Cleaning,SKU1024,Glass Cleaner,14.84,14.84,11.74,0,114,14.35,13.85,13.27
2025-09-01,Household,Cleaning,SKU1024,Glass Cleaner,14.56,14.56,11.72,0,51,14.11,14.07,12.82
2025-09-08,Household,Cleaning,SKU1024,Glass Cleaner,14.08,14.08,11.72,0,188,14.22,14.27,13.41
2025-09-15,Household,Cleaning,SKU1024,Glass Cleaner,14.23,14.23,11.78,0,97,14.39,13.88,13.56
2025-09-22,Household,Cleaning,SKU1024,Glass Cleaner,14.34,14.34,11.78,0,119,13.5,13.98,13.1
2025-09-29,Household,Cleaning,SKU1024,Glass Cleaner,13.53,13.53,11.77,0,166,13.53,13.39,13.65
2025-10-06,Household,Cleaning,SKU1024,Glass Cleaner,11.99,14.08,11.79,1,191,14.05,13.46,13.53
2025-10-13,Household,Cleaning,SKU1024,Glass Cleaner,14.03,14.03,11.8,0,72,13.6,14.08,12.97
2025-10-20,Household,Cleaning,SKU1024,Glass Cleaner,14.37,14.37,11.8,0,204,13.68,14.15,12.97
2025-10-27,Household,Cleaning,SKU1024,Glass Cleaner,14.31,14.31,11.8,0,104,14.13,13.95,13.87
2025-11-03,Household,Cleaning,SKU1024,Glass Cleaner,13.76,13.76,11.82,0,44,13.82,13.97,13.81
2025-11-10,Household,Cleaning,SKU1024,Glass Cleaner,13.78,13.78,11.83,0,74,13.44,13.8,13.74
2025-11-17,Household,Cleaning,SKU1024,Glass Cleaner,14.46,14.46,11.83,0,106,13.57,14.65,14.32
2025-11-24,Household,Cleaning,SKU1024,Glass Cleaner,14.22,14.22,11.83,0,163,14.53,14.35,12.71
2025-12-01,Household,Cleaning,SKU1024,Glass Cleaner,11.39,15.06,11.85,1,99,14.9,14.7,14.11
2025-12-08,Household,Cleaning,SKU1024,Glass Cleaner,14.72,14.72,11.88,0,128,13.73,15.37,13.14
2025-12-15,Household,Cleaning,SKU1024,Glass Cleaner,13.73,13.73,11.89,0,147,14.27,15.54,13.74
2025-12-22,Household,Cleaning,SKU1024,Glass Cleaner,14.83,14.83,11.85,0,170,14.73,14.4,14.27
