data/pricing_data.csv
week,department,sub_department,sku,product,gt_price,gt_regular_price,cost,promo_flag,units,walmart_price,nofrills_price,dollarama_price
2024-01-01,Health & Beauty,Personal Care,SKU1025,Shampoo,6.7,6.7,3.64,0,240,6.67,6.67,6.18
2024-01-08,Health & Beauty,Personal Care,SKU1025,Shampoo,5.63,6.58,3.66,1,343,6.55,6.64,5.81
2024-01-15,Health & Beauty,Personal Care,SKU1025,Shampoo,6.47,6.47,3.66,0,198,6.31,6.4,5.93
2024-01-22,Health & Beauty,Personal Care,SKU1025,Shampoo,6.67,6.67,3.67,0,124,6.35,6.68,6.26
2024-01-29,Health & Beauty,Personal Care,SKU1025,Shampoo,6.38,6.38,3.66,0,79,6.31,6.66,6.08
2024-02-05,Health & Beauty,Personal Care,SKU1025,Shampoo,6.91,6.91,3.69,0,167,6.16,6.82,6.67
2024-02-12,Health & Beauty,Personal Care,SKU1025,Shampoo,6.88,6.88,3.66,0,177,6.66,6.66,6.19
2024-02-19,Health & Beauty,Personal Care,SKU1025,Shampoo,6.75,6.75,3.69,0,137,6.73,7.16,6.28
2024-02-26,Health & Beauty,Personal Care,SKU1025,Shampoo,6.83,6.83,3.69,0,221,6.11,6.76,6.42
2024-03-04,Health & Beauty,Personal Care,SKU1025,Shampoo,6.97,6.97,3.68,0,92,6.82,7.08,6.49
2024-03-11,Health & Beauty,Personal Care,SKU1025,Shampoo,6.62,6.62,3.69,0,191,6.71,6.6,6.37
2024-03-18,Health & Beauty,Personal Care,SKU1025,Shampoo,5.88,6.83,3.69,1,374,6.76,6.83,6.4
2024-03-25,Health & Beauty,Personal Care,SKU1025,Shampoo,6.9,6.9,3.7,0,178,6.94,6.55,6.32
2024-04-01,Health & Beauty,Personal Care,SKU1025,Shampoo,6.09,7.03,3.7,1,327,7.1,6.65,7.0
2024-04-08,Health & Beauty,Personal Care,SKU1025,Shampoo,7.01,7.01,3.7,0,235,6.79,6.76,6.34
2024-04-15,Health & Beauty,Personal Care,SKU1025,Shampoo,6.9,6.9,3.7,0,107,6.57,6.39,6.33
2024-04-22,Health & Beauty,Personal Care,SKU1025,Shampoo,6.68,6.68,3.71,0,79,6.58,6.08,6.52
2024-04-29,Health & Beauty,Personal Care,SKU1025,Shampoo,6.71,6.71,3.71,0,179,6.78,6.65,6.64
2024-05-06,Health & Beauty,Personal Care,SKU1025,Shampoo,6.82,6.82,3.7,0,175,6.65,6.67,6.37
2024-05-13,Health & Beauty,Personal Care,SKU1025,Shampoo,6.54,6.54,3.73,0,43,6.45,6.23,5.81
2024-05-20,Health & Beauty,Personal Care,SKU1025,Shampoo,7.08,7.08,3.72,0,174,6.97,6.49,6.84
2024-05-27,Health & Beauty,Personal Care,SKU1025,Shampoo,6.65,6.65,3.72,0,45,6.49,6.46,6.29
2024-06-03,Health & Beauty,Personal Care,SKU1025,Shampoo,6.72,6.72,3.71,0,86,6.5,6.6,5.99
2024-06-10,Health & Beauty,Personal Care,SKU1025,Shampoo,5.84,6.54,3.72,1,83,6.55,6.59,6.23
2024-06-17,Health & Beauty,Personal Care,SKU1025,Shampoo,6.54,6.54,3.73,0,159,6.52,6.35,6.35
2024-06-24,Health & Beauty,Personal Care,SKU1025,Shampoo,6.57,6.57,3.73,0,190,6.67,6.54,6.45
2024-07-01,Health & Beauty,Personal Care,SKU1025,Shampoo,6.63,6.63,3.72,0,105,6.53,6.67,5.98
2024-07-08,Health & Beauty,Personal Care,SKU1025,Shampoo,6.69,6.69,3.74,0,135,6.37,6.56,6.22
2024-07-15,Health & Beauty,Personal Care,SKU1025,Shampoo,6.5,6.5,3.74,0,93,6.37,6.51,6.19
2024-07-22,Health & Beauty,Personal Care,SKU1025,Shampoo,5.14,6.47,3.74,1,84,6.31,6.24,6.04
2024-07-29,Health & Beauty,Personal Care,SKU1025,Shampoo,6.37,6.37,3.76,0,46,6.17,6.51,6.41
2024-08-05,Health & Beauty,Personal Care,SKU1025,Shampoo,6.48,6.48,3.75,0,226,6.33,6.23,6.12
2024-08-12,Health & Beauty,Personal Care,SKU1025,Shampoo,5.71,6.33,3.77,1,211,6.26,6.55,5.99
2024-08-19,Health & Beauty,Personal Care,SKU1025,Shampoo,6.23,6.23,3.76,0,192,6.12,5.88,5.61
2024-08-26,Health & Beauty,Personal Care,SKU1025,Shampoo,6.2,6.2,3.76,0,117,6.05,6.38,6.1
2024-09-02,Health & Beauty,Personal Care,SKU1025,Shampoo,6.15,6.15,3.77,0,117,6.07,6.21,5.9
2024-09-09,Health & Beauty,Personal Care,SKU1025,Shampoo,6.11,6.11,3.77,0,199,6.14,6.23,6.09
2024-09-16,Health & Beauty,Personal Care,SKU1025,Shampoo,6.2,6.2,3.77,0,141,6.05,6.39,5.85
2024-09-23,Health & Beauty,Personal Care,SKU1025,Shampoo,6.21,6.21,3.77,0,54,5.86,6.18,5.92
2024-09-30,Health & Beauty,Personal Care,SKU1025,Shampoo,6.28,6.28,3.78,0,54,5.7,6.22,5.67
2024-10-07,Health & Beauty,Personal Care,SKU1025,Shampoo,6.17,6.17,3.78,0,64,6.03,5.93,5.97
2024-10-14,Health & Beauty,Personal Care,SKU1025,Shampoo,6.0,6.0,3.79,0,208,6.19,6.59,6.05
2024-10-21,Health & Beauty,Personal Care,SKU1025,Shampoo,6.17,6.17,3.8,0,102,5.86,6.04,5.73
2024-10-28,Health & Beauty,Personal Care,SKU1025,Shampoo,6.22,6.22,3.79,0,212,5.81,6.42,6.15
2024-11-04,Health & Beauty,Personal Care,SKU1025,Shampoo,4.68,6.08,3.79,1,201,6.28,6.34,5.88
2024-11-11,Health & Beauty,Personal Care,SKU1025,Shampoo,6.1,6.1,3.81,0,85,6.26,5.88,6.17
2024-11-18,Health & Beauty,Personal Care,SKU1025,Shampoo,6.29,6.29,3.81,0,130,6.17,6.27,5.66
2024-11-25,Health & Beauty,Personal Care,SKU1025,Shampoo,6.36,6.36,3.81,0,238,6.41,6.3,5.82
2024-12-02,Health & Beauty,Personal Care,SKU1025,Shampoo,5.54,6.55,3.83,1,273,6.37,6.14,5.99
2024-12-09,Health & Beauty,Personal Care,SKU1025,Shampoo,6.17,6.17,3.81,0,213,6.16,6.41,5.88
2024-12-16,Health & Beauty,Personal Care,SKU1025,Shampoo,5.0,6.5,3.81,1,435,6.29,6.36,6.08
2024-12-23,Health & Beauty,Personal Care,SKU1025,Shampoo,6.57,6.57,3.81,0,98,6.33,6.32,6.36
2024-12-30,Health & Beauty,Personal Care,SKU1025,Shampoo,6.88,6.88,3.82,0,45,6.62,6.74,5.99
2025-01-06,Health & Beauty,Personal Care,SKU1025,Shampoo,6.04,6.56,3.85,1,71,6.46,6.44,5.91
2025-01-13,Health & Beauty,Personal Care,SKU1025,Shampoo,6.68,6.68,3.84,0,56,6.69,6.7,6.2
2025-01-20,Health & Beauty,Personal Care,SKU1025,Shampoo,5.61,6.8,3.84,1,265,6.54,6.57,6.52
2025-01-27,Health & Beauty,Personal Care,SKU1025,Shampoo,6.59,6.59,3.85,0,152,6.76,6.5,6.33
2025-02-03,Health & Beauty,Personal Care,SKU1025,Shampoo,6.9,6.9,3.84,0,115,6.85,6.5,6.46
2025-02-10,Health & Beauty,Personal Care,SKU1025,Shampoo,6.77,6.77,3.85,0,188,6.6,6.98,6.7
2025-02-17,Health & Beauty,Personal Care,SKU1025,Shampoo,6.86,6.86,3.85,0,143,6.97,7.06,6.23
2025-02-24,Health & Beauty,Personal Care,SKU1025,Shampoo,6.69,6.69,3.86,0,77,6.74,6.91,6.33
2025-03-03,Health & Beauty,Personal Care,SKU1025,Shampoo,5.33,7.07,3.86,1,85,6.79,6.94,6.62
2025-03-10,Health & Beauty,Personal Care,SKU1025,Shampoo,5.61,6.83,3.86,1,319,6.7,7.07,6.25
2025-03-17,Health & Beauty,Personal Care,SKU1025,Shampoo,7.03,7.03,3.88,0,164,6.76,6.56,6.0
2025-03-24,Health & Beauty,Personal Care,SKU1025,Shampoo,6.66,6.66,3.87,0,62,6.63,6.84,6.28
2025-03-31,Health & Beauty,Personal Care,SKU1025,Shampoo,6.89,6.89,3.88,0,201,6.61,6.86,6.62
2025-04-07,Health & Beauty,Personal Care,SKU1025,Shampoo,6.63,6.63,3.88,0,166,6.71,6.86,6.38
2025-04-14,Health & Beauty,Personal Care,SKU1025,Shampoo,7.05,7.05,3.87,0,157,6.46,6.74,6.38
2025-04-21,Health & Beauty,Personal Care,SKU1025,Shampoo,7.1,7.1,3.87,0,76,6.72,6.89,6.32
2025-04-28,Health & Beauty,Personal Care,SKU1025,Shampoo,6.71,6.71,3.89,0,84,6.72,6.84,6.14
2025-05-05,Health & Beauty,Personal Care,SKU1025,Shampoo,6.9,6.9,3.89,0,83,6.85,6.88,6.35
2025-05-12,Health & Beauty,Personal Care,SKU1025,Shampoo,6.79,6.79,3.89,0,128,6.68,6.65,6.22
2025-05-19,Health & Beauty,Personal Care,SKU1025,Shampoo,6.81,6.81,3.88,0,64,6.31,6.45,5.97
2025-05-26,Health & Beauty,Personal Care,SKU1025,Shampoo,6.82,6.82,3.88,0,224,6.43,6.82,6.36
2025-06-02,Health & Beauty,Personal Care,SKU1025,Shampoo,6.6,6.6,3.9,0,106,6.09,6.48,6.12
2025-06-09,Health & Beauty,Personal Care,SKU1025,Shampoo,6.7,6.7,3.9,0,72,7.01,6.93,6.26
2025-06-16,Health & Beauty,Personal Care,SKU1025,Shampoo,6.65,6.65,3.9,0,126,6.45,6.81,6.23
2025-06-23,Health & Beauty,Personal Care,SKU1025,Shampoo,6.62,6.62,3.92,0,63,6.78,6.91,6.45
2025-06-30,Health & Beauty,Personal Care,SKU1025,Shampoo,6.37,6.37,3.92,0,143,6.29,6.51,6.06
2025-07-07,Health & Beauty,Personal Care,SKU1025,Shampoo,6.53,6.53,3.92,0,201,6.2,6.56,6.38
2025-07-14,Health & Beauty,Personal Care,SKU1025,Shampoo,6.64,6.64,3.92,0,46,6.18,6.54,6.34
2025-07-21,Health & Beauty,Personal Care,SKU1025,Shampoo,6.65,6.65,3.92,0,228,6.47,6.58,5.84
2025-07-28,Health & Beauty,Personal Care,SKU1025,Shampoo,6.28,6.28,3.94,0,51,6.35,6.64,6.05
2025-08-04,Health & Beauty,Personal Care,SKU1025,Shampoo,6.36,6.36,3.92,0,163,6.31,6.25,5.85
2025-08-11,Health & Beauty,Personal Care,SKU1025,Shampoo,5.44,6.51,3.93,1,194,6.35,6.44,6.24
2025-08-18,Health & Beauty,Personal Care,SKU1025,Shampoo,5.24,6.15,3.92,1,354,6.44,6.6,5.76
2025-08-25,Health & Beauty,Personal Care,SKU1025,Shampoo,6.32,6.32,3.94,0,215,5.92,6.05,5.82
2025-09-01,Health & Beauty,Personal Care,SKU1025,Shampoo,6.49,6.49,3.92,0,54,6.26,6.38,5.96
2025-09-08,Health & Beauty,Personal Care,SKU1025,Shampoo,6.41,6.41,3.94,0,130,6.37,6.36,5.57
2025-09-15,Health & Beauty,Personal Care,SKU1025,Shampoo,6.3,6.3,3.94,0,55,6.18,6.36,5.83
2025-09-22,Health & Beauty,Personal Care,SKU1025,Shampoo,6.09,6.09,3.96,0,131,5.83,6.2,5.77
2025-09-29,Health & Beauty,Personal Care,SKU1025,Shampoo,6.11,6.11,3.96,0,133,6.31,6.59,6.14
2025-10-06,Health & Beauty,Personal Care,SKU1025,Shampoo,6.27,6.27,3.94,0,224,6.31,5.96,5.84
2025-10-13,Health & Beauty,Personal Care,SKU1025,Shampoo,6.26,6.26,3.96,0,151,6.2,6.4,5.84
2025-10-20,Health & Beauty,Personal Care,SKU1025,Shampoo,5.34,6.07,3.96,1,94,5.92,6.42,5.95
2025-10-27,Health & Beauty,Personal Care,SKU1025,Shampoo,6.6,6.6,3.97,0,136,6.19,6.46,5.81
2025-11-03,Health & Beauty,Personal Care,SKU1025,Shampoo,6.38,6.38,3.97,0,203,5.94,6.0,5.83
2025-11-10,Health & Beauty,Personal Care,SKU1025,Shampoo,6.56,6.56,3.96,0,154,5.99,6.09,5.92
2025-11-17,Health & Beauty,Personal Care,SKU1025,Shampoo,6.44,6.44,3.98,0,166,6.5,6.35,6.01
2025-11-24,Health & Beauty,Personal Care,SKU1025,Shampoo,6.42,6.42,3.98,0,193,6.42,6.2,5.98
2025-12-01,Health & Beauty,Personal Care,SKU1025,Shampoo,6.59,6.59,3.98,0,138,6.31,6.77,6.15
2025-12-08,Health & Beauty,Personal Care,SKU1025,Shampoo,6.45,6.45,3.98,0,227,6.31,6.36,5.91
2025-12-15,Health & Beauty,Personal Care,SKU1025,Shampoo,6.51,6.51,3.99,0,109,6.29,6.61,6.45
2025-12-22,Health & Beauty,Personal Care,SKU1025,Shampoo,6.45,6.45,4.01,0,126,6.25,6.08,6.49
