data/pricing_data.csv
week,department,sub_department,sku,product,gt_price,gt_regular_price,cost,promo_flag,units,walmart_price,nofrills_price,dollarama_price
2024-01-01,Health & Beauty,Personal Care,SKU1026,Conditioner,10.46,10.46,6.54,0,107,10.18,10.13,9.89
2024-01-08,Health & Beauty,Personal Care,SKU1026,Conditioner,9.47,10.93,6.54,1,171,10.44,10.85,9.58
2024-01-15,Health & Beauty,Personal Care,SKU1026,Conditioner,9.11,10.83,6.56,1,72,9.84,9.9,10.19
2024-01-22,Health & Beauty,Personal Care,SKU1026,Conditioner,10.66,10.66,6.55,0,185,10.37,9.92,9.41
2024-01-29,Health & Beauty,Personal Care,SKU1026,Conditioner,10.57,10.57,6.54,0,134,9.88,10.41,9.66
2024-02-05,Health & Beauty,Personal Care,SKU1026,Conditioner,10.45,10.45,6.55,0,185,10.36,10.8,9.81
2024-02-12,Health & Beauty,Personal Care,SKU1026,Conditioner,10.58,10.58,6.56,0,220,10.22,10.43,10.42
2024-02-19,Health & Beauty,Personal Care,SKU1026,Conditioner,10.7,10.7,6.58,0,139,10.8,10.54,10.03
2024-02-26,Health & Beauty,Personal Care,SKU1026,Conditioner,10.67,10.67,6.61,0,60,10.33,10.71,10.42
2024-03-04,Health & Beauty,Personal Care,SKU1026,Conditioner,10.57,10.57,6.6,0,259,10.71,10.55,9.72
2024-03-11,Health & Beauty,Personal Care,SKU1026,Conditioner,10.94,10.94,6.59,0,197,10.88,10.74,10.76
2024-03-18,Health & Beauty,Personal Care,SKU1026,Conditioner,10.84,10.84,6.6,0,265,10.74,10.58,10.03
2024-03-25,Health & Beauty,Personal Care,SKU1026,Conditioner,10.7,10.7,6.6,0,96,10.47,10.97,10.05
2024-04-01,Health & Beauty,Personal Care,SKU1026,Conditioner,10.36,10.36,6.59,0,194,10.28,10.42,10.16
2024-04-08,Health & Beauty,Personal Care,SKU1026,Conditioner,10.76,10.76,6.63,0,84,10.76,11.14,10.09
2024-04-15,Health & Beauty,Personal Care,SKU1026,Conditioner,10.8,10.8,6.62,0,211,10.63,10.88,10.87
2024-04-22,Health & Beauty,Personal Care,SKU1026,Conditioner,10.15,11.25,6.61,1,295,10.86,10.51,10.2
2024-04-29,Health & Beauty,Personal Care,SKU1026,Conditioner,10.81,10.81,6.64,0,250,10.54,11.13,9.85
2024-05-06,Health & Beauty,Personal Care,SKU1026,Conditioner,8.27,10.91,6.66,1,392,10.59,11.03,10.44
2024-05-13,Health & Beauty,Personal Care,SKU1026,Conditioner,10.27,10.27,6.65,0,126,10.2,10.69,10.03
2024-05-20,Health & Beauty,Personal Care,SKU1026,Conditioner,11.02,11.02,6.65,0,143,10.65,10.95,9.97
2024-05-27,Health & Beauty,Personal Care,SKU1026,Conditioner,10.81,10.81,6.66,0,102,10.05,10.29,10.07
2024-06-03,Health & Beauty,Personal Care,SKU1026,Conditioner,9.29,10.63,6.68,1,231,10.56,10.69,9.89
2024-06-10,Health & Beauty,Personal Care,SKU1026,Conditioner,10.62,10.62,6.67,0,131,10.5,9.95,10.33
2024-06-17,Health & Beauty,Personal Care,SKU1026,Conditioner,10.49,10.49,6.66,0,157,10.01,9.71,9.24
2024-06-24,Health & Beauty,Personal Care,SKU1026,Conditioner,10.34,10.34,6.69,0,81,10.64,10.19,9.82
2024-07-01,Health & Beauty,Personal Care,SKU1026,Conditioner,10.01,10.01,6.7,0,84,10.2,10.62,10.16
2024-07-08,Health & Beauty,Personal Care,SKU1026,Conditioner,10.33,10.33,6.7,0,67,10.2,10.3,9.43
2024-07-15,Health & Beauty,Personal Care,SKU1026,Conditioner,10.55,10.55,6.71,0,83,10.92,10.04,9.92
2024-07-22,Health & Beauty,Personal Care,SKU1026,Conditioner,9.94,9.94,6.69,0,266,9.71,10.5,9.6
2024-07-29,Health & Beauty,Personal Care,SKU1026,Conditioner,9.98,9.98,6.72,0,57,9.61,10.7,9.49
2024-08-05,Health & Beauty,Personal Care,SKU1026,Conditioner,10.08,10.08,6.71,0,76,9.94,9.93,9.28
2024-08-12,Health & Beauty,Personal Care,SKU1026,Conditioner,10.06,10.06,6.73,0,188,10.4,9.74,9.92
2024-08-19,Health & Beauty,Personal Care,SKU1026,Conditioner,9.98,9.98,6.72,0,67,9.2,9.79,9.59
2024-08-26,Health & Beauty,Personal Care,SKU1026,Conditioner,9.95,9.95,6.76,0,175,9.63,9.58,9.56
2024-09-02,Health & Beauty,Personal Care,SKU1026,Conditioner,9.46,9.46,6.75,0,185,9.69,9.58,9.47
2024-09-09,Health & Beauty,Personal Care,SKU1026,Conditioner,9.98,9.98,6.74,0,84,10.08,9.67,8.99
2024-09-16,Health & Beauty,Personal Care,SKU1026,Conditioner,10.09,10.09,6.76,0,128,10.12,9.96,9.31
2024-09-23,Health & Beauty,Personal Care,SKU1026,Conditioner,9.61,9.61,6.75,0,61,9.29,10.0,9.68
2024-09-30,Health & Beauty,Personal Care,SKU1026,Conditioner,9.97,9.97,6.77,0,214,9.58,10.22,9.76
2024-10-07,Health & Beauty,Personal Care,SKU1026,Conditioner,8.76,10.09,6.78,1,376,9.67,9.73,8.81
2024-10-14,Health & Beauty,Personal Care,SKU1026,Conditioner,9.79,9.79,6.79,0,103,9.69,9.79,9.25
2024-10-21,Health & Beauty,Personal Care,SKU1026,Conditioner,10.21,10.21,6.78,0,72,9.81,10.01,9.26
2024-10-28,Health & Beauty,Personal Care,SKU1026,Conditioner,10.0,10.0,6.8,0,234,9.99,10.16,9.52
2024-11-04,Health & Beauty,Personal Care,SKU1026,Conditioner,10.1,10.1,6.78,0,183,10.09,9.53,9.33
2024-11-11,Health & Beauty,Personal Care,SKU1026,Conditioner,10.2,10.2,6.8,0,77,9.72,10.1,9.41
2024-11-18,Health & Beauty,Personal Care,SKU1026,Conditioner,10.41,10.41,6.8,0,107,9.64,10.12,9.14
2024-11-25,Health & Beauty,Personal Care,SKU1026,Conditioner,10.01,10.01,6.82,0,211,9.85,9.57,9.43
2024-12-02,Health & Beauty,Personal Care,SKU1026,Conditioner,10.39,10.39,6.83,0,208,10.02,9.86,9.22
2024-12-09,Health & Beauty,Personal Care,SKU1026,Conditioner,9.83,9.83,6.86,0,59,9.61,9.78,9.93
2024-12-16,Health & Beauty,Personal Care,SKU1026,Conditioner,10.34,10.34,6.81,0,109,9.33,9.96,9.65
2024-12-23,Health & Beauty,Personal Care,SKU1026,Conditioner,10.38,10.38,6.83,0,72,10.28,9.89,9.09
2024-12-30,Health & Beauty,Personal Care,SKU1026,Conditioner,10.33,10.33,6.83,0,255,10.56,9.96,9.63
2025-01-06,Health & Beauty,Personal Care,SKU1026,Conditioner,10.74,10.74,6.85,0,127,10.84,10.12,10.13
2025-01-13,Health & Beauty,Personal Care,SKU1026,Conditioner,10.41,10.41,6.86,0,156,10.16,10.41,10.14
2025-01-20,Health & Beauty,Personal Care,SKU1026,Conditioner,10.45,10.45,6.87,0,139,10.6,10.11,9.72
2025-01-27,Health & Beauty,Personal Care,SKU1026,Conditioner,9.59,10.57,6.85,1,126,10.38,10.66,10.12
2025-02-03,Health & Beauty,Personal Care,SKU1026,Conditioner,10.74,10.74,6.86,0,179,10.72,10.51,9.83
2025-02-10,Health & Beauty,Personal Care,SKU1026,Conditioner,10.81,10.81,6.88,0,45,10.38,10.94,9.95
2025-02-17,Health & Beauty,Personal Care,SKU1026,Conditioner,10.59,10.59,6.88,0,167,10.74,11.11,10.59
2025-02-24,Health & Beauty,Personal Care,SKU1026,Conditioner,10.79,10.79,6.9,0,51,10.12,10.72,9.02
2025-03-03,Health & Beauty,Personal Care,SKU1026,Conditioner,10.5,10.5,6.89,0,92,10.27,10.48,10.3
2025-03-10,Health & Beauty,Personal Care,SKU1026,Conditioner,10.96,10.96,6.91,0,62,10.0,11.06,10.13
2025-03-17,Health & Beauty,Personal Care,SKU1026,Conditioner,11.23,11.23,6.9,0,76,10.77,10.89,11.12
2025-03-24,Health & Beauty,Personal Care,SKU1026,Conditioner,11.3,11.3,6.9,0,121,10.78,9.98,9.7
2025-03-31,Health & Beauty,Personal Care,SKU1026,Conditioner,11.04,11.04,6.93,0,106,10.11,10.43,10.02
2025-04-07,Health & Beauty,Personal Care,SKU1026,Conditioner,10.8,10.8,6.94,0,213,10.35,10.83,10.07
2025-04-14,Health & Beauty,Personal Care,SKU1026,Conditioner,11.01,11.01,6.92,0,217,10.36,10.41,10.43
2025-04-21,Health & Beauty,Personal Care,SKU1026,Conditioner,10.4,10.4,6.95,0,54,10.77,10.78,10.28
2025-04-28,Health & Beauty,Personal Care,SKU1026,Conditioner,10.8,10.8,6.92,0,212,10.45,11.1,10.2
2025-05-05,Health & Beauty,Personal Care,SKU1026,Conditioner,10.75,10.75,6.97,0,201,10.67,10.58,9.93
2025-05-12,Health & Beauty,Personal Care,SKU1026,Conditioner,10.77,10.77,6.93,0,177,10.55,10.5,10.07
2025-05-19,Health & Beauty,Personal Care,SKU1026,Conditioner,10.57,10.57,6.96,0,183,10.66,10.63,10.22
2025-05-26,Health & Beauty,Personal Care,SKU1026,Conditioner,10.77,10.77,6.99,0,127,10.01,10.93,10.14
2025-06-02,Health & Beauty,Personal Care,SKU1026,Conditioner,10.54,10.54,6.98,0,136,10.48,10.47,9.33
2025-06-09,Health & Beauty,Personal Care,SKU1026,Conditioner,11.26,11.26,7.0,0,83,10.91,10.66,10.4
2025-06-16,Health & Beauty,Personal Care,SKU1026,Conditioner,10.17,10.17,6.99,0,171,10.22,10.5,10.02
2025-06-23,Health & Beauty,Personal Care,SKU1026,Conditioner,10.75,10.75,6.98,0,88,10.4,10.6,10.18
2025-06-30,Health & Beauty,Personal Care,SKU1026,Conditioner,10.17,10.17,6.98,0,52,9.9,10.47,10.06
2025-07-07,Health & Beauty,Personal Care,SKU1026,Conditioner,10.18,10.18,7.0,0,206,10.12,10.06,9.37
2025-07-14,Health & Beauty,Personal Care,SKU1026,Conditioner,10.23,10.23,7.0,0,42,10.19,9.69,9.69
2025-07-21,Health & Beauty,Personal Care,SKU1026,Conditioner,9.93,9.93,7.02,0,89,9.9,9.78,9.24
2025-07-28,Health & Beauty,Personal Care,SKU1026,Conditioner,10.27,10.27,7.02,0,212,9.15,10.12,9.9
2025-08-04,Health & Beauty,Personal Care,SKU1026,Conditioner,10.2,10.2,7.02,0,51,9.52,10.28,9.31
2025-08-11,Health & Beauty,Personal Care,SKU1026,Conditioner,10.17,10.17,7.0,0,84,10.24,10.65,9.45
2025-08-18,Health & Beauty,Personal Care,SKU1026,Conditioner,8.32,9.93,7.06,1,210,9.1,9.54,9.34
2025-08-25,Health & Beauty,Personal Care,SKU1026,Conditioner,9.74,9.74,7.06,0,87,9.63,9.78,9.26
2025-09-01,Health & Beauty,Personal Care,SKU1026,Conditioner,9.66,9.66,7.05,0,44,9.41,9.68,9.51
2025-09-08,Health & Beauty,Personal Care,SKU1026,Conditioner,9.92,9.92,7.05,0,139,9.24,9.43,9.19
2025-09-15,Health & Beauty,Personal Care,SKU1026,Conditioner,9.4,9.4,7.07,0,277,9.66,9.6,9.7
2025-09-22,Health & Beauty,Personal Care,SKU1026,Conditioner,9.91,9.91,7.08,0,187,9.65,10.07,9.95
2025-09-29,Health & Beauty,Personal Care,SKU1026,Conditioner,9.88,9.88,7.06,0,197,10.14,9.65,9.59
2025-10-06,Health & Beauty,Personal Care,SKU1026,Conditioner,9.99,9.99,7.08,0,252,9.75,10.27,8.78
2025-10-13,Health & Beauty,Personal Care,SKU1026,Conditioner,9.99,9.99,7.09,0,78,9.72,9.72,9.15
2025-10-20,Health & Beauty,Personal Care,SKU1026,Conditioner,9.97,9.97,7.1,0,175,9.78,9.67,8.86
2025-10-27,Health & Beauty,Personal Care,SKU1026,Conditioner,10.05,10.05,7.1,0,77,9.83,9.61,9.09
2025-11-03,Health & Beauty,Personal Care,SKU1026,Conditioner,9.74,9.74,7.1,0,57,9.97,9.68,9.69
2025-11-10,Health & Beauty,Personal Care,SKU1026,Conditioner,9.69,9.69,7.1,0,42,9.63,9.62,9.58
2025-11-17,Health & Beauty,Personal Care,SKU1026,Conditioner,9.93,9.93,7.12,0,157,10.01,9.18,9.13
2025-11-24,Health & Beauty,Personal Care,SKU1026,Conditioner,10.23,10.23,7.12,0,95,9.31,10.5,9.3
2025-12-01,Health & Beauty,Personal Care,SKU1026,Conditioner,10.0,10.0,7.12,0,192,9.97,9.39,9.06
2025-12-08,Health & Beauty,Personal Care,SKU1026,Conditioner,10.24,10.24,7.13,0,176,10.03,10.21,9.19
2025-12-15,Health & Beauty,Personal Care,SKU1026,Conditioner,10.54,10.54,7.11,0,115,10.35,10.49,9.82
2025-12-22,Health & Beauty,Personal Care,SKU1026,Conditioner,10.18,10.18,7.13,0,113,10.11,9.85,10.21
