data/pricing_data.csv
week,department,sub_department,sku,product,gt_price,gt_regular_price,cost,promo_flag,units,walmart_price,nofrills_price,dollarama_price
2024-01-01,Health & Beauty,Personal Care,SKU1027,Body Wash,12.36,12.36,8.13,0,101,11.95,12.41,11.43
2024-01-08,Health & Beauty,Personal Care,SKU1027,Body Wash,11.97,11.97,8.14,0,271,11.9,12.05,11.11
2024-01-15,Health & Beauty,Personal Care,SKU1027,Body Wash,12.12,12.12,8.17,0,77,12.29,12.21,11.42
2024-01-22,Health & Beauty,Personal Care,SKU1027,Body Wash,12.48,12.48,8.16,0,232,12.65,12.22,11.87
2024-01-29,Health & Beauty,Personal Care,SKU1027,Body Wash,12.32,12.32,8.19,0,92,12.36,12.84,12.02
2024-02-05,Health & Beauty,Personal Care,SKU1027,Body Wash,12.93,12.93,8.22,0,199,12.68,12.77,12.31
2024-02-12,Health & Beauty,Personal Care,SKU1027,Body Wash,11.82,11.82,8.22,0,62,12.14,12.12,11.55
2024-02-19,Health & Beauty,Personal Care,SKU1027,Body Wash,11.75,12.79,8.18,1,161,12.46,12.85,11.36
2024-02-26,Health & Beauty,Personal Care,SKU1027,Body Wash,12.72,12.72,8.24,0,144,12.19,13.41,11.42
2024-03-04,Health & Beauty,Personal Care,SKU1027,Body Wash,12.89,12.89,8.22,0,104,12.0,12.2,11.79
2024-03-11,Health & Beauty,Personal Care,SKU1027,Body Wash,10.64,13.0,8.22,1,343,11.55,13.09,11.96
2024-03-18,Health & Beauty,Personal Care,SKU1027,Body Wash,10.8,12.78,8.22,1,379,13.12,11.98,11.94
2024-03-25,Health & Beauty,Personal Care,SKU1027,Body Wash,12.85,12.85,8.22,0,80,12.77,12.59,12.27
2024-04-01,Health & Beauty,Personal Care,SKU1027,Body Wash,12.43,12.43,8.27,0,171,12.67,12.94,12.25
2024-04-08,Health & Beauty,Personal Care,SKU1027,Body Wash,12.91,12.91,8.26,0,229,12.78,13.38,11.3
2024-04-15,Health & Beauty,Personal Care,SKU1027,Body Wash,13.06,13.06,8.27,0,98,12.88,12.51,11.43
2024-04-22,Health & Beauty,Personal Care,SKU1027,Body Wash,12.49,12.49,8.27,0,124,12.37,12.58,11.5
2024-04-29,Health & Beauty,Personal Care,SKU1027,Body Wash,12.78,12.78,8.28,0,80,12.13,12.54,11.6
2024-05-06,Health & Beauty,Personal Care,SKU1027,Body Wash,11.18,12.25,8.31,1,420,12.72,12.48,12.04
2024-05-13,Health & Beauty,Personal Care,SKU1027,Body Wash,12.54,12.54,8.28,0,81,11.83,12.47,12.01
2024-05-20,Health & Beauty,Personal Care,SKU1027,Body Wash,13.02,13.02,8.31,0,101,12.96,12.13,12.22
2024-05-27,Health & Beauty,Personal Care,SKU1027,Body Wash,12.23,12.23,8.32,0,201,11.64,12.66,12.0
2024-06-03,Health & Beauty,Personal Care,SKU1027,Body Wash,12.86,12.86,8.31,0,114,12.42,12.46,12.01
2024-06-10,Health & Beauty,Personal Care,SKU1027,Body Wash,12.65,12.65,8.35,0,63,12.37,12.65,11.14
2024-06-17,Health & Beauty,Personal Care,SKU1027,Body Wash,11.96,11.96,8.32,0,57,12.1,11.97,11.91
2024-06-24,Health & Beauty,Personal Care,SKU1027,Body Wash,12.35,12.35,8.33,0,86,11.21,11.76,11.68
2024-07-01,Health & Beauty,Personal Care,SKU1027,Body Wash,11.86,11.86,8.37,0,173,12.25,12.44,12.0
2024-07-08,Health & Beauty,Personal Care,SKU1027,Body Wash,12.14,12.14,8.37,0,146,12.0,11.44,11.03
2024-07-15,Health & Beauty,Personal Care,SKU1027,Body Wash,9.13,12.08,8.34,1,459,11.84,12.4,11.59
2024-07-22,Health & Beauty,Personal Care,SKU1027,Body Wash,12.07,12.07,8.38,0,43,11.88,11.98,11.38
2024-07-29,Health & Beauty,Personal Care,SKU1027,Body Wash,11.38,11.38,8.34,0,209,11.94,11.94,11.06
2024-08-05,Health & Beauty,Personal Care,SKU1027,Body Wash,12.53,12.53,8.36,0,230,11.84,11.99,11.32
2024-08-12,Health & Beauty,Personal Care,SKU1027,Body Wash,12.04,12.04,8.39,0,179,11.71,12.06,11.36
2024-08-19,Health & Beauty,Personal Care,SKU1027,Body Wash,11.31,11.31,8.39,0,67,12.31,11.35,11.13
2024-08-26,Health & Beauty,Personal Care,SKU1027,Body Wash,10.48,11.68,8.41,1,362,12.12,11.74,10.83
2024-09-02,Health & Beauty,Personal Care,SKU1027,Body Wash,9.68,11.91,8.42,1,113,11.18,11.13,10.85
2024-09-09,Health & Beauty,Personal Care,SKU1027,Body Wash,9.24,11.9,8.43,1,197,10.98,11.33,11.03
2024-09-16,Health & Beauty,Personal Care,SKU1027,Body Wash,11.44,11.44,8.39,0,183,11.33,11.73,11.16
2024-09-23,Health & Beauty,Personal Care,SKU1027,Body Wash,9.88,11.17,8.42,1,82,11.27,12.2,10.78
2024-09-30,Health & Beauty,Personal Care,SKU1027,Body Wash,11.98,11.98,8.46,0,140,11.03,11.85,10.38
2024-10-07,Health & Beauty,Personal Care,SKU1027,Body Wash,11.79,11.79,8.46,0,121,10.75,11.51,11.34
2024-10-14,Health & Beauty,Personal Care,SKU1027,Body Wash,11.98,11.98,8.44,0,53,11.17,11.6,10.93
2024-10-21,Health & Beauty,Personal Care,SKU1027,Body Wash,11.67,11.67,8.48,0,126,11.83,11.13,11.09
2024-10-28,Health & Beauty,Personal Care,SKU1027,Body Wash,11.23,11.23,8.5,0,196,11.15,10.7,10.26
2024-11-04,Health & Beauty,Personal Care,SKU1027,Body Wash,11.56,11.56,8.48,0,154,11.93,11.23,11.13
2024-11-11,Health & Beauty,Personal Care,SKU1027,Body Wash,11.92,11.92,8.47,0,214,12.06,11.42,10.52
2024-11-18,Health & Beauty,Personal Care,SKU1027,Body Wash,11.46,11.46,8.49,0,159,11.78,11.67,11.14
2024-11-25,Health & Beauty,Personal Care,SKU1027,Body Wash,12.03,12.03,8.5,0,169,11.99,12.35,11.21
2024-12-02,Health & Beauty,Personal Care,SKU1027,Body Wash,11.81,11.81,8.53,0,205,11.78,11.44,10.7
2024-12-09,Health & Beauty,Personal Care,SKU1027,Body Wash,12.09,12.09,8.47,0,150,11.98,11.16,11.1
2024-12-16,Health & Beauty,Personal Care,SKU1027,Body Wash,10.56,12.53,8.51,1,74,11.97,12.12,11.8
2024-12-23,Health & Beauty,Personal Care,SKU1027,Body Wash,12.29,12.29,8.53,0,188,12.21,11.81,10.9
2024-12-30,Health & Beauty,Personal Care,SKU1027,Body Wash,12.01,12.01,8.51,0,66,11.49,12.25,11.67
2025-01-06,Health & Beauty,Personal Care,SKU1027,Body Wash,11.96,11.96,8.55,0,46,12.21,12.73,11.63
2025-01-13,Health & Beauty,Personal Care,SKU1027,Body Wash,12.05,12.05,8.57,0,190,11.71,11.54,10.62
2025-01-20,Health & Beauty,Personal Care,SKU1027,Body Wash,12.8,12.8,8.54,0,230,12.35,12.54,12.07
2025-01-27,Health & Beauty,Personal Care,SKU1027,Body Wash,13.02,13.02,8.56,0,182,12.26,12.53,11.7
2025-02-03,Health & Beauty,Personal Care,SKU1027,Body Wash,13.1,13.1,8.57,0,216,11.95,13.0,12.16
2025-02-10,Health & Beauty,Personal Care,SKU1027,Body Wash,11.13,12.28,8.57,1,243,12.72,12.35,11.53
2025-02-17,Health & Beauty,Personal Care,SKU1027,Body Wash,12.41,12.41,8.58,0,136,11.79,11.98,11.56
2025-02-24,Health & Beauty,Personal Care,SKU1027,Body Wash,12.76,12.76,8.57,0,166,11.72,12.15,12.15
2025-03-03,Health & Beauty,Personal Care,SKU1027,Body Wash,13.16,13.16,8.58,0,113,12.57,12.86,12.0
2025-03-10,Health & Beauty,Personal Care,SKU1027,Body Wash,12.81,12.81,8.62,0,102,12.41,12.79,11.44
2025-03-17,Health & Beauty,Personal Care,SKU1027,Body Wash,13.11,13.11,8.62,0,72,12.58,12.44,11.96
2025-03-24,Health & Beauty,Personal Care,SKU1027,Body Wash,13.16,13.16,8.6,0,66,12.26,12.68,11.95
2025-03-31,Health & Beauty,Personal Care,SKU1027,Body Wash,12.77,12.77,8.62,0,213,12.1,12.55,12.0
2025-04-07,Health & Beauty,Personal Care,SKU1027,Body Wash,12.85,12.85,8.62,0,178,12.26,12.26,12.29
2025-04-14,Health & Beauty,Personal Care,SKU1027,Body Wash,12.53,12.53,8.66,0,150,12.58,11.98,12.17
2025-04-21,Health & Beauty,Personal Care,SKU1027,Body Wash,13.3,13.3,8.68,0,156,12.23,12.5,12.5
2025-04-28,Health & Beauty,Personal Care,SKU1027,Body Wash,10.71,12.62,8.65,1,81,12.88,11.98,11.7
2025-05-05,Health & Beauty,Personal Care,SKU1027,Body Wash,12.99,12.99,8.66,0,112,12.07,12.62,11.73
2025-05-12,Health & Beauty,Personal Care,SKU1027,Body Wash,12.75,12.75,8.65,0,160,12.19,12.09,11.88
2025-05-19,Health & Beauty,Personal Care,SKU1027,Body Wash,12.48,12.48,8.66,0,175,12.45,12.46,12.08
2025-05-26,Health & Beauty,Personal Care,SKU1027,Body Wash,12.69,12.69,8.7,0,240,12.3,12.47,11.96
2025-06-02,Health & Beauty,Personal Care,SKU1027,Body Wash,12.7,12.7,8.68,0,204,11.91,11.73,11.73
2025-06-09,Health & Beauty,Personal Care,SKU1027,Body Wash,12.23,12.23,8.7,0,162,12.08,12.16,12.16
2025-06-16,Health & Beauty,Personal Care,SKU1027,Body Wash,12.42,12.42,8.69,0,111,12.22,12.75,12.1
2025-06-23,Health & Beauty,Personal Care,SKU1027,Body Wash,11.88,11.88,8.76,0,160,11.91,12.26,10.71
2025-06-30,Health & Beauty,Personal Care,SKU1027,Body Wash,12.03,12.03,8.74,0,224,12.17,12.47,11.26
2025-07-07,Health & Beauty,Personal Care,SKU1027,Body Wash,11.9,11.9,8.73,0,183,11.53,12.16,11.03
2025-07-14,Health & Beauty,Personal Care,SKU1027,Body Wash,12.16,12.16,8.74,0,207,11.51,11.64,11.05
2025-07-21,Health & Beauty,Personal Care,SKU1027,Body Wash,12.37,12.37,8.74,0,150,11.74,12.67,11.84
2025-07-28,Health & Beauty,Personal Care,SKU1027,Body Wash,12.18,12.18,8.76,0,78,11.33,12.56,11.38
2025-08-04,Health & Beauty,Personal Care,SKU1027,Body Wash,12.31,12.31,8.74,0,198,12.85,11.58,11.15
2025-08-11,Health & Beauty,Personal Care,SKU1027,Body Wash,11.63,11.63,8.78,0,195,11.48,11.29,10.86
2025-08-18,Health & Beauty,Personal Care,SKU1027,Body Wash,9.98,12.07,8.78,1,330,11.28,11.11,10.63
2025-08-25,Health & Beauty,Personal Care,SKU1027,Body Wash,11.75,11.75,8.81,0,185,11.62,11.35,10.88
2025-09-01,Health & Beauty,Personal Care,SKU1027,Body Wash,11.94,11.94,8.78,0,242,11.6,11.54,11.42
2025-09-08,Health & Beauty,Personal Care,SKU1027,Body Wash,11.71,11.71,8.81,0,104,12.58,10.71,11.1
2025-09-15,Health & Beauty,Personal Care,SKU1027,Body Wash,11.49,11.49,8.81,0,126,11.59,11.67,11.0
2025-09-22,Health & Beauty,Personal Care,SKU1027,Body Wash,11.45,11.45,8.8,0,198,11.45,10.84,10.68
2025-09-29,Health & Beauty,Personal Care,SKU1027,Body Wash,11.32,11.32,8.84,0,91,11.01,11.18,10.82
2025-10-06,Health & Beauty,Personal Care,SKU1027,Body Wash,11.44,11.44,8.83,0,213,11.17,11.58,10.7
2025-10-13,Health & Beauty,Personal Care,SKU1027,Body Wash,11.77,11.77,8.84,0,54,11.14,11.79,10.53
2025-10-20,Health & Beauty,Personal Care,SKU1027,Body Wash,10.22,11.72,8.85,1,119,11.15,11.6,11.1
2025-10-27,Health & Beauty,Personal Care,SKU1027,Body Wash,11.6,11.6,8.84,0,176,11.26,11.1,10.71
2025-11-03,Health & Beauty,Personal Care,SKU1027,Body Wash,11.51,11.51,8.89,0,181,11.33,11.27,11.12
2025-11-10,Health & Beauty,Personal Care,SKU1027,Body Wash,12.06,12.06,8.84,0,133,12.14,11.61,12.11
2025-11-17,Health & Beauty,Personal Care,SKU1027,Body Wash,12.16,12.16,8.89,0,109,11.56,11.41,10.89
2025-11-24,Health & Beauty,Personal Care,SKU1027,Body Wash,12.14,12.14,8.86,0,128,11.65,11.4,10.46
2025-12-01,Health & Beauty,Personal Care,SKU1027,Body Wash,11.82,11.82,8.89,0,79,11.4,11.52,11.18
2025-12-08,Health & Beauty,Personal Care,SKU1027,Body Wash,11.85,11.85,8.88,0,113,11.64,12.18,11.79
2025-12-15,Health & Beauty,Personal Care,SKU1027,Body Wash,12.65,12.65,8.89,0,140,11.93,12.32,11.51
2025-12-22,Health & Beauty,Personal Care,SKU1027,Body Wash,12.45,12.45,8.94,0,84,11.82,11.56,11.67
