data/pricing_data.csv
week,department,sub_department,sku,product,gt_price,gt_regular_price,cost,promo_flag,units,walmart_price,nofrills_price,dollarama_price
2024-01-01,Health & Beauty,Personal Care,SKU1028,Deodorant,13.13,13.13,8.01,0,121,13.04,13.53,12.67
2024-01-08,Health & Beauty,Personal Care,SKU1028,Deodorant,13.49,13.49,8.0,0,81,12.67,12.87,12.65
2024-01-15,Health & Beauty,Personal Care,SKU1028,Deodorant,13.98,13.98,8.01,0,81,13.23,13.88,12.7
2024-01-22,Health & Beauty,Personal Care,SKU1028,Deodorant,12.88,12.88,8.03,0,184,12.2,12.48,12.32
2024-01-29,Health & Beauty,Personal Care,SKU1028,Deodorant,13.26,13.26,8.06,0,216,13.53,13.5,12.6
2024-02-05,Health & Beauty,Personal Care,SKU1028,Deodorant,11.16,13.31,8.04,1,171,13.18,13.38,12.52
2024-02-12,Health & Beauty,Personal Care,SKU1028,Deodorant,13.52,13.52,8.05,0,221,13.03,13.21,12.8
2024-02-19,Health & Beauty,Personal Care,SKU1028,Deodorant,13.41,13.41,8.03,0,124,12.44,12.95,13.23
2024-02-26,Health & Beauty,Personal Care,SKU1028,Deodorant,13.51,13.51,8.05,0,63,13.29,13.59,13.1
2024-03-04,Health & Beauty,Personal Care,SKU1028,Deodorant,13.48,13.48,8.07,0,104,13.7,13.61,13.01
2024-03-11,Health & Beauty,Personal Care,SKU1028,Deodorant,14.03,14.03,8.05,0,129,13.63,13.35,12.94
2024-03-18,Health & Beauty,Personal Care,SKU1028,Deodorant,13.51,13.51,8.09,0,126,12.59,14.37,12.55
2024-03-25,Health & Beauty,Personal Care,SKU1028,Deodorant,13.37,13.37,8.09,0,106,13.69,13.39,12.08
2024-04-01,Health & Beauty,Personal Care,SKU1028,Deodorant,14.08,14.08,8.11,0,46,13.69,13.32,14.09
2024-04-08,Health & Beauty,Personal Care,SKU1028,Deodorant,11.93,13.57,8.1,1,205,13.06,13.78,13.48
2024-04-15,Health & Beauty,Personal Care,SKU1028,Deodorant,13.28,13.28,8.14,0,256,13.48,13.49,13.29
2024-04-22,Health & Beauty,Personal Care,SKU1028,Deodorant,13.85,13.85,8.1,0,46,13.48,14.06,13.53
2024-04-29,Health & Beauty,Personal Care,SKU1028,Deodorant,13.74,13.74,8.14,0,76,14.23,13.04,12.88
2024-05-06,Health & Beauty,Personal Care,SKU1028,Deodorant,13.82,13.82,8.14,0,187,13.53,13.4,12.04
2024-05-13,Health & Beauty,Personal Care,SKU1028,Deodorant,13.55,13.55,8.14,0,86,12.64,12.71,12.83
2024-05-20,Health & Beauty,Personal Care,SKU1028,Deodorant,13.31,13.31,8.15,0,102,13.66,13.74,12.96
2024-05-27,Health & Beauty,Personal Care,SKU1028,Deodorant,13.41,13.41,8.14,0,108,12.97,12.96,12.6
2024-06-03,Health & Beauty,Personal Care,SKU1028,Deodorant,13.46,13.46,8.16,0,162,12.95,14.04,12.31
2024-06-10,Health & Beauty,Personal Care,SKU1028,Deodorant,12.66,12.66,8.17,0,213,12.61,13.04,12.27
2024-06-17,Health & Beauty,Personal Care,SKU1028,Deodorant,12.24,12.24,8.19,0,237,12.59,13.5,12.98
2024-06-24,Health & Beauty,Personal Care,SKU1028,Deodorant,13.0,13.0,8.17,0,179,12.51,13.25,13.31
2024-07-01,Health & Beauty,Personal Care,SKU1028,Deodorant,13.13,13.13,8.2,0,229,12.97,12.41,13.0
2024-07-08,Health & Beauty,Personal Care,SKU1028,Deodorant,13.16,13.16,8.18,0,196,13.02,13.19,11.97
2024-07-15,Health & Beauty,Personal Care,SKU1028,Deodorant,13.0,13.0,8.21,0,212,13.12,12.92,11.23
2024-07-22,Health & Beauty,Personal Care,SKU1028,Deodorant,12.78,12.78,8.23,0,270,12.64,13.07,11.95
2024-07-29,Health & Beauty,Personal Care,SKU1028,Deodorant,12.89,12.89,8.24,0,67,12.15,12.87,11.59
2024-08-05,Health & Beauty,Personal Care,SKU1028,Deodorant,12.89,12.89,8.21,0,88,12.52,12.46,11.65
2024-08-12,Health & Beauty,Personal Care,SKU1028,Deodorant,12.89,12.89,8.2,0,93,12.05,12.29,11.69
2024-08-19,Health & Beauty,Personal Care,SKU1028,Deodorant,12.57,12.57,8.23,0,196,12.82,12.49,12.4
2024-08-26,Health & Beauty,Personal Care,SKU1028,Deodorant,12.38,12.38,8.22,0,119,12.12,11.83,11.77
2024-09-02,Health & Beauty,Personal Care,SKU1028,Deodorant,12.55,12.55,8.22,0,122,12.89,12.32,11.55
2024-09-09,Health & Beauty,Personal Care,SKU1028,Deodorant,12.43,12.43,8.24,0,48,11.99,12.22,11.68
2024-09-16,Health & Beauty,Personal Care,SKU1028,Deodorant,12.75,12.75,8.24,0,114,11.97,12.17,12.07
2024-09-23,Health & Beauty,Personal Care,SKU1028,Deodorant,12.73,12.73,8.31,0,44,12.28,12.86,12.14
2024-09-30,Health & Beauty,Personal Care,SKU1028,Deodorant,12.61,12.61,8.3,0,127,12.26,12.86,11.55
2024-10-07,Health & Beauty,Personal Care,SKU1028,Deodorant,13.11,13.11,8.3,0,73,12.58,11.91,11.64
2024-10-14,Health & Beauty,Personal Care,SKU1028,Deodorant,12.27,12.27,8.31,0,58,12.67,12.03,11.86
2024-10-21,Health & Beauty,Personal Care,SKU1028,Deodorant,12.45,12.45,8.29,0,128,11.87,12.64,12.27
2024-10-28,Health & Beauty,Personal Care,SKU1028,Deodorant,12.4,12.4,8.31,0,197,12.41,12.51,12.06
2024-11-04,Health & Beauty,Personal Care,SKU1028,Deodorant,12.81,12.81,8.33,0,206,12.51,11.95,11.61
2024-11-11,Health & Beauty,Personal Care,SKU1028,Deodorant,12.84,12.84,8.31,0,104,12.33,12.69,12.27
2024-11-18,Health & Beauty,Personal Care,SKU1028,Deodorant,12.79,12.79,8.33,0,40,12.04,13.05,11.2
2024-11-25,Health & Beauty,Personal Care,SKU1028,Deodorant,12.98,12.98,8.32,0,136,12.72,13.18,12.79
2024-12-02,Health & Beauty,Personal Care,SKU1028,Deodorant,13.03,13.03,8.35,0,266,12.78,12.59,12.25
2024-12-09,Health & Beauty,Personal Care,SKU1028,Deodorant,12.9,12.9,8.35,0,195,13.23,12.99,11.23
2024-12-16,Health & Beauty,Personal Care,SKU1028,Deodorant,13.6,13.6,8.32,0,162,12.85,12.93,12.05
2024-12-23,Health & Beauty,Personal Care,SKU1028,Deodorant,13.39,13.39,8.36,0,121,12.59,13.22,12.32
2024-12-30,Health & Beauty,Personal Care,SKU1028,Deodorant,13.29,13.29,8.4,0,168,12.73,14.24,11.71
2025-01-06,Health & Beauty,Personal Care,SKU1028,Deodorant,12.97,12.97,8.4,0,45,12.72,12.62,12.26
2025-01-13,Health & Beauty,Personal Care,SKU1028,Deodorant,13.68,13.68,8.35,0,102,13.58,13.86,12.54
2025-01-20,Health & Beauty,Personal Care,SKU1028,Deodorant,13.58,13.58,8.39,0,112,12.65,12.76,12.32
2025-01-27,Health & Beauty,Personal Care,SKU1028,Deodorant,13.46,13.46,8.41,0,264,13.08,13.69,12.64
2025-02-03,Health & Beauty,Personal Care,SKU1028,Deodorant,13.74,13.74,8.44,0,87,13.41,13.49,12.76
2025-02-10,Health & Beauty,Personal Care,SKU1028,Deodorant,13.54,13.54,8.4,0,168,13.27,13.17,12.84
2025-02-17,Health & Beauty,Personal Care,SKU1028,Deodorant,13.68,13.68,8.42,0,46,12.12,13.26,13.62
2025-02-24,Health & Beauty,Personal Care,SKU1028,Deodorant,13.89,13.89,8.38,0,171,13.36,13.98,12.48
2025-03-03,Health & Beauty,Personal Care,SKU1028,Deodorant,13.61,13.61,8.43,0,188,13.68,13.61,12.74
2025-03-10,Health & Beauty,Personal Care,SKU1028,Deodorant,13.69,13.69,8.41,0,87,12.53,12.76,12.77
2025-03-17,Health & Beauty,Personal Care,SKU1028,Deodorant,11.85,13.57,8.43,1,315,12.91,14.1,13.05
2025-03-24,Health & Beauty,Personal Care,SKU1028,Deodorant,13.63,13.63,8.46,0,239,13.62,13.31,12.03
2025-03-31,Health & Beauty,Personal Care,SKU1028,Deodorant,13.74,13.74,8.47,0,123,13.95,13.41,13.88
2025-04-07,Health & Beauty,Personal Care,SKU1028,Deodorant,13.71,13.71,8.5,0,75,12.7,13.92,13.08
2025-04-14,Health & Beauty,Personal Care,SKU1028,Deodorant,14.02,14.02,8.45,0,103,13.75,14.14,12.06
2025-04-21,Health & Beauty,Personal Care,SKU1028,Deodorant,14.05,14.05,8.5,0,42,13.02,14.3,12.63
2025-04-28,Health & Beauty,Personal Care,SKU1028,Deodorant,13.33,13.33,8.5,0,129,13.1,13.78,12.32
2025-05-05,Health & Beauty,Personal Care,SKU1028,Deodorant,13.68,13.68,8.5,0,138,13.58,13.98,13.22
2025-05-12,Health & Beauty,Personal Care,SKU1028,Deodorant,13.51,13.51,8.52,0,208,12.95,12.79,12.92
2025-05-19,Health & Beauty,Personal Care,SKU1028,Deodorant,13.49,13.49,8.53,0,95,13.65,13.46,12.27
2025-05-26,Health & Beauty,Personal Care,SKU1028,Deodorant,13.65,13.65,8.54,0,157,13.16,13.24,12.5
2025-06-02,Health & Beauty,Personal Care,SKU1028,Deodorant,12.62,12.62,8.53,0,66,12.87,13.2,12.92
2025-06-09,Health & Beauty,Personal Care,SKU1028,Deodorant,13.87,13.87,8.53,0,241,12.71,13.42,12.2
2025-06-16,Health & Beauty,Personal Care,SKU1028,Deodorant,13.7,13.7,8.57,0,72,12.71,12.98,12.19
2025-06-23,Health & Beauty,Personal Care,SKU1028,Deodorant,13.35,13.35,8.56,0,165,12.9,12.65,12.7
2025-06-30,Health & Beauty,Personal Care,SKU1028,Deodorant,12.74,12.74,8.57,0,110,12.28,13.02,12.2
2025-07-07,Health & Beauty,Personal Care,SKU1028,Deodorant,12.91,12.91,8.57,0,204,12.91,13.69,12.72
2025-07-14,Health & Beauty,Personal Care,SKU1028,Deodorant,12.84,12.84,8.57,0,202,12.78,13.16,12.37
2025-07-21,Health & Beauty,Personal Care,SKU1028,Deodorant,13.28,13.28,8.6,0,93,12.95,12.98,11.76
2025-07-28,Health & Beauty,Personal Care,SKU1028,Deodorant,12.55,12.55,8.61,0,47,13.26,12.32,11.44
2025-08-04,Health & Beauty,Personal Care,SKU1028,Deodorant,12.68,12.68,8.61,0,185,12.82,12.73,12.44
2025-08-11,Health & Beauty,Personal Care,SKU1028,Deodorant,12.85,12.85,8.6,0,243,12.36,12.77,11.46
2025-08-18,Health & Beauty,Personal Care,SKU1028,Deodorant,12.09,12.09,8.58,0,154,12.06,12.45,11.55
2025-08-25,Health & Beauty,Personal Care,SKU1028,Deodorant,12.11,12.11,8.6,0,214,12.71,12.9,11.92
2025-09-01,Health & Beauty,Personal Care,SKU1028,Deodorant,12.42,12.42,8.63,0,75,12.34,11.91,11.42
2025-09-08,Health & Beauty,Personal Care,SKU1028,Deodorant,12.6,12.6,8.63,0,66,12.57,12.33,11.4
2025-09-15,Health & Beauty,Personal Care,SKU1028,Deodorant,12.56,12.56,8.64,0,149,12.53,12.31,11.13
2025-09-22,Health & Beauty,Personal Care,SKU1028,Deodorant,12.53,12.53,8.66,0,88,12.43,12.94,11.59
2025-09-29,Health & Beauty,Personal Care,SKU1028,Deodorant,12.53,12.53,8.64,0,124,12.77,12.47,11.99
2025-10-06,Health & Beauty,Personal Care,SKU1028,Deodorant,12.16,12.16,8.65,0,194,13.21,12.49,11.46
2025-10-13,Health & Beauty,Personal Care,SKU1028,Deodorant,11.42,12.71,8.63,1,318,12.23,12.23,11.09
2025-10-20,Health & Beauty,Personal Care,SKU1028,Deodorant,12.6,12.6,8.66,0,189,12.26,12.57,11.75
2025-10-27,Health & Beauty,Personal Care,SKU1028,Deodorant,12.6,12.6,8.73,0,86,12.31,12.26,11.84
2025-11-03,Health & Beauty,Personal Care,SKU1028,Deodorant,12.7,12.7,8.71,0,204,12.35,11.88,11.82
2025-11-10,Health & Beauty,Personal Care,SKU1028,Deodorant,12.76,12.76,8.7,0,127,12.41,12.35,11.74
2025-11-17,Health & Beauty,Personal Care,SKU1028,Deodorant,12.45,12.45,8.7,0,112,12.38,12.54,11.66
2025-11-24,Health & Beauty,Personal Care,SKU1028,Deodorant,12.78,12.78,8.7,0,51,12.59,13.27,11.92
2025-12-01,Health & Beauty,Personal Care,SKU1028,Deodorant,12.78,12.78,8.72,0,192,12.65,12.2,11.61
2025-12-08,Health & Beauty,Personal Care,SKU1028,Deodorant,13.1,13.1,8.73,0,151,12.18,12.5,11.92
2025-12-15,Health & Beauty,Personal Care,SKU1028,Deodorant,12.75,12.75,8.73,0,197,13.21,12.56,12.23
2025-12-22,Health & Beauty,Personal Care,SKU1028,Deodorant,13.67,13.67,8.73,0,93,12.95,12.91,12.33
