data/pricing_data.csv
week,department,sub_department,sku,product,gt_price,gt_regular_price,cost,promo_flag,units,walmart_price,nofrills_price,dollarama_price
2024-01-01,Health & Beauty,Oral Care,SKU1030,Mouthwash,3.21,3.21,2.25,0,138,3.12,3.09,3.06
2024-01-08,Health & Beauty,Oral Care,SKU1030,Mouthwash,2.59,3.17,2.25,1,249,3.11,3.16,3.09
2024-01-15,Health & Beauty,Oral Care,SKU1030,Mouthwash,3.21,3.21,2.25,0,50,3.15,3.25,3.04
2024-01-22,Health & Beauty,Oral Care,SKU1030,Mouthwash,3.27,3.27,2.25,0,121,3.28,3.23,3.22
2024-01-29,Health & Beauty,Oral Care,SKU1030,Mouthwash,3.24,3.24,2.26,0,198,3.24,3.48,3.15
2024-02-05,Health & Beauty,Oral Care,SKU1030,Mouthwash,3.32,3.32,2.26,0,99,3.32,3.18,3.19
2024-02-12,Health & Beauty,Oral Care,SKU1030,Mouthwash,3.32,3.32,2.26,0,145,3.38,3.37,3.11
2024-02-19,Health & Beauty,Oral Care,SKU1030,Mouthwash,3.38,3.38,2.27,0,82,3.22,3.17,3.1
2024-02-26,Health & Beauty,Oral Care,SKU1030,Mouthwash,3.39,3.39,2.27,0,70,3.24,3.37,3.04
2024-03-04,Health & Beauty,Oral Care,SKU1030,Mouthwash,3.34,3.34,2.27,0,250,3.4,3.38,3.18
2024-03-11,Health & Beauty,Oral Care,SKU1030,Mouthwash,3.4,3.4,2.28,0,169,3.18,3.31,3.15
2024-03-18,Health & Beauty,Oral Care,SKU1030,Mouthwash,3.34,3.34,2.27,0,50,3.06,3.21,3.21
2024-03-25,Health & Beauty,Oral Care,SKU1030,Mouthwash,3.38,3.38,2.28,0,43,3.26,3.49,3.05
2024-04-01,Health & Beauty,Oral Care,SKU1030,Mouthwash,3.3,3.3,2.28,0,201,3.18,3.39,3.14
2024-04-08,Health & Beauty,Oral Care,SKU1030,Mouthwash,3.31,3.31,2.28,0,173,3.1,3.3,3.23
2024-04-15,Health & Beauty,Oral Care,SKU1030,Mouthwash,3.28,3.28,2.28,0,199,3.16,3.27,3.06
2024-04-22,Health & Beauty,Oral Care,SKU1030,Mouthwash,3.31,3.31,2.28,0,75,3.28,3.44,3.1
2024-04-29,Health & Beauty,Oral Care,SKU1030,Mouthwash,3.08,3.36,2.29,1,322,3.4,3.24,3.25
2024-05-06,Health & Beauty,Oral Care,SKU1030,Mouthwash,3.44,3.44,2.29,0,207,3.31,3.18,3.15
2024-05-13,Health & Beauty,Oral Care,SKU1030,Mouthwash,3.32,3.32,2.29,0,244,3.13,3.27,3.32
2024-05-20,Health & Beauty,Oral Care,SKU1030,Mouthwash,3.33,3.33,2.29,0,44,3.17,3.28,3.19
2024-05-27,Health & Beauty,Oral Care,SKU1030,Mouthwash,3.28,3.28,2.29,0,84,3.17,3.15,3.09
2024-06-03,Health & Beauty,Oral Care,SKU1030,Mouthwash,3.21,3.21,2.3,0,218,3.12,3.3,3.11
2024-06-10,Health & Beauty,Oral Care,SKU1030,Mouthwash,3.11,3.11,2.3,0,147,3.13,3.06,2.9
2024-06-17,Health & Beauty,Oral Care,SKU1030,Mouthwash,3.15,3.15,2.3,0,178,3.32,3.07,2.9
2024-06-24,Health & Beauty,Oral Care,SKU1030,Mouthwash,3.21,3.21,2.31,0,111,3.11,3.34,2.75
2024-07-01,Health & Beauty,Oral Care,SKU1030,Mouthwash,3.29,3.29,2.31,0,203,2.98,3.16,3.1
2024-07-08,Health & Beauty,Oral Care,SKU1030,Mouthwash,3.27,3.27,2.31,0,74,3.14,3.3,2.91
2024-07-15,Health & Beauty,Oral Care,SKU1030,Mouthwash,3.15,3.15,2.3,0,206,3.21,3.21,3.17
2024-07-22,Health & Beauty,Oral Care,SKU1030,Mouthwash,3.16,3.16,2.31,0,106,3.07,3.42,3.05
2024-07-29,Health & Beauty,Oral Care,SKU1030,Mouthwash,3.1,3.1,2.31,0,92,3.07,3.09,3.09
2024-08-05,Health & Beauty,Oral Care,SKU1030,Mouthwash,2.46,3.11,2.32,1,256,2.99,2.98,2.86
2024-08-12,Health & Beauty,Oral Care,SKU1030,Mouthwash,3.03,3.03,2.31,0,90,2.91,2.98,2.81
2024-08-19,Health & Beauty,Oral Care,SKU1030,Mouthwash,3.03,3.03,2.31,0,62,3.08,2.9,2.86
2024-08-26,Health & Beauty,Oral Care,SKU1030,Mouthwash,3.18,3.18,2.32,0,34,3.09,3.07,2.89
2024-09-02,Health & Beauty,Oral Care,SKU1030,Mouthwash,3.07,3.07,2.32,0,231,3.02,3.03,2.71
2024-09-09,Health & Beauty,Oral Care,SKU1030,Mouthwash,3.04,3.04,2.32,0,178,3.04,3.11,2.8
2024-09-16,Health & Beauty,Oral Care,SKU1030,Mouthwash,2.97,2.97,2.33,0,68,3.01,3.01,2.8
2024-09-23,Health & Beauty,Oral Care,SKU1030,Mouthwash,3.13,3.13,2.33,0,83,2.96,2.99,2.9
2024-09-30,Health & Beauty,Oral Care,SKU1030,Mouthwash,3.05,3.05,2.33,0,206,2.88,3.03,3.05
2024-10-07,Health & Beauty,Oral Care,SKU1030,Mouthwash,3.05,3.05,2.33,0,111,3.04,2.94,2.56
2024-10-14,Health & Beauty,Oral Care,SKU1030,Mouthwash,3.01,3.01,2.33,0,291,3.07,3.1,2.83
2024-10-21,Health & Beauty,Oral Care,SKU1030,Mouthwash,3.02,3.02,2.33,0,181,2.95,2.85,2.85
2024-10-28,Health & Beauty,Oral Care,SKU1030,Mouthwash,3.06,3.06,2.33,0,261,3.01,3.07,3.05
2024-11-04,Health & Beauty,Oral Care,SKU1030,Mouthwash,2.99,2.99,2.35,0,52,2.97,3.1,2.99
2024-11-11,Health & Beauty,Oral Care,SKU1030,Mouthwash,3.04,3.04,2.34,0,209,3.06,3.05,2.99
2024-11-18,Health & Beauty,Oral Care,SKU1030,Mouthwash,3.16,3.16,2.34,0,74,3.08,2.96,2.8
2024-11-25,Health & Beauty,Oral Care,SKU1030,Mouthwash,3.05,3.05,2.34,0,44,3.07,3.09,2.88
2024-12-02,Health & Beauty,Oral Care,SKU1030,Mouthwash,3.06,3.06,2.34,0,137,2.93,2.94,2.9
2024-12-09,Health & Beauty,Oral Care,SKU1030,Mouthwash,3.13,3.13,2.35,0,206,3.1,2.99,3.13
2024-12-16,Health & Beauty,Oral Care,SKU1030,Mouthwash,3.23,3.23,2.35,0,93,3.11,3.17,3.05
2024-12-23,Health & Beauty,Oral Care,SKU1030,Mouthwash,3.2,3.2,2.35,0,258,3.08,3.15,3.03
2024-12-30,Health & Beauty,Oral Care,SKU1030,Mouthwash,3.19,3.19,2.36,0,129,3.24,3.21,2.95
2025-01-06,Health & Beauty,Oral Care,SKU1030,Mouthwash,3.18,3.18,2.35,0,75,3.04,3.03,2.95
2025-01-13,Health & Beauty,Oral Care,SKU1030,Mouthwash,3.18,3.18,2.36,0,62,3.07,3.02,2.89
2025-01-20,Health & Beauty,Oral Care,SKU1030,Mouthwash,3.13,3.13,2.37,0,81,3.13,3.43,2.98
2025-01-27,Health & Beauty,Oral Care,SKU1030,Mouthwash,3.3,3.3,2.37,0,129,3.34,3.23,3.02
2025-02-03,Health & Beauty,Oral Care,SKU1030,Mouthwash,3.14,3.14,2.36,0,228,3.11,3.2,2.9
2025-02-10,Health & Beauty,Oral Care,SKU1030,Mouthwash,3.26,3.26,2.37,0,237,3.22,3.44,3.29
2025-02-17,Health & Beauty,Oral Care,SKU1030,Mouthwash,3.24,3.24,2.37,0,151,3.46,3.16,3.08
2025-02-24,Health & Beauty,Oral Care,SKU1030,Mouthwash,3.28,3.28,2.38,0,267,3.26,3.24,3.08
2025-03-03,Health & Beauty,Oral Care,SKU1030,Mouthwash,2.7,3.37,2.38,1,282,3.25,3.16,3.11
2025-03-10,Health & Beauty,Oral Care,SKU1030,Mouthwash,3.42,3.42,2.39,0,231,3.08,3.23,3.18
2025-03-17,Health & Beauty,Oral Care,SKU1030,Mouthwash,3.24,3.24,2.38,0,220,3.14,3.33,3.04
2025-03-24,Health & Beauty,Oral Care,SKU1030,Mouthwash,3.38,3.38,2.38,0,173,3.23,3.6,3.23
2025-03-31,Health & Beauty,Oral Care,SKU1030,Mouthwash,3.33,3.33,2.38,0,60,3.38,3.19,3.06
2025-04-07,Health & Beauty,Oral Care,SKU1030,Mouthwash,3.43,3.43,2.39,0,153,3.22,3.36,2.99
2025-04-14,Health & Beauty,Oral Care,SKU1030,Mouthwash,3.29,3.29,2.39,0,226,3.32,3.26,3.17
2025-04-21,Health & Beauty,Oral Care,SKU1030,Mouthwash,3.4,3.4,2.39,0,203,3.1,3.26,3.43
2025-04-28,Health & Beauty,Oral Care,SKU1030,Mouthwash,3.44,3.44,2.4,0,139,3.33,3.44,3.22
2025-05-05,Health & Beauty,Oral Care,SKU1030,Mouthwash,3.29,3.29,2.39,0,147,3.25,3.2,3.07
2025-05-12,Health & Beauty,Oral Care,SKU1030,Mouthwash,3.39,3.39,2.39,0,133,3.11,3.18,2.87
2025-05-19,Health & Beauty,Oral Care,SKU1030,Mouthwash,3.2,3.2,2.4,0,95,3.27,3.36,3.11
2025-05-26,Health & Beauty,Oral Care,SKU1030,Mouthwash,3.33,3.33,2.4,0,86,3.28,3.19,2.88
2025-06-02,Health & Beauty,Oral Care,SKU1030,Mouthwash,3.27,3.27,2.4,0,235,3.16,3.31,2.93
2025-06-09,Health & Beauty,Oral Care,SKU1030,Mouthwash,3.26,3.26,2.41,0,229,3.46,3.36,3.02
2025-06-16,Health & Beauty,Oral Care,SKU1030,Mouthwash,3.21,3.21,2.41,0,104,2.98,3.09,3.01
2025-06-23,Health & Beauty,Oral Care,SKU1030,Mouthwash,3.19,3.19,2.41,0,129,3.19,3.09,3.18
2025-06-30,Health & Beauty,Oral Care,SKU1030,Mouthwash,2.61,3.06,2.41,1,206,3.06,3.06,3.05
2025-07-07,Health & Beauty,Oral Care,SKU1030,Mouthwash,3.15,3.15,2.42,0,131,2.99,3.09,2.85
2025-07-14,Health & Beauty,Oral Care,SKU1030,Mouthwash,3.08,3.08,2.41,0,210,3.17,3.29,3.06
2025-07-21,Health & Beauty,Oral Care,SKU1030,Mouthwash,3.25,3.25,2.42,0,192,3.1,3.08,3.0
2025-07-28,Health & Beauty,Oral Care,SKU1030,Mouthwash,3.15,3.15,2.42,0,55,3.1,2.92,2.98
2025-08-04,Health & Beauty,Oral Care,SKU1030,Mouthwash,2.39,3.09,2.42,1,432,3.0,3.22,3.09
2025-08-11,Health & Beauty,Oral Care,SKU1030,Mouthwash,3.07,3.07,2.42,0,153,2.97,3.02,2.8
2025-08-18,Health & Beauty,Oral Care,SKU1030,Mouthwash,3.07,3.07,2.43,0,57,2.99,3.17,2.91
2025-08-25,Health & Beauty,Oral Care,SKU1030,Mouthwash,3.08,3.08,2.42,0,125,2.92,3.07,2.92
2025-09-01,Health & Beauty,Oral Care,SKU1030,Mouthwash,3.09,3.09,2.43,0,224,3.01,2.98,2.94
2025-09-08,Health & Beauty,Oral Care,SKU1030,Mouthwash,3.08,3.08,2.43,0,155,2.93,3.04,2.73
2025-09-15,Health & Beauty,Oral Care,SKU1030,Mouthwash,3.06,3.06,2.44,0,163,3.11,2.95,2.65
2025-09-22,Health & Beauty,Oral Care,SKU1030,Mouthwash,2.93,2.93,2.43,0,90,3.04,2.9,2.76
2025-09-29,Health & Beauty,Oral Care,SKU1030,Mouthwash,3.1,3.1,2.43,0,67,2.99,2.99,2.94
2025-10-06,Health & Beauty,Oral Care,SKU1030,Mouthwash,3.04,3.04,2.44,0,126,2.98,2.91,2.74
2025-10-13,Health & Beauty,Oral Care,SKU1030,Mouthwash,2.92,2.92,2.44,0,74,2.95,2.95,2.81
2025-10-20,Health & Beauty,Oral Care,SKU1030,Mouthwash,3.06,3.06,2.44,0,120,2.97,3.06,3.05
2025-10-27,Health & Beauty,Oral Care,SKU1030,Mouthwash,3.06,3.06,2.44,0,137,3.12,2.94,2.78
2025-11-03,Health & Beauty,Oral Care,SKU1030,Mouthwash,3.05,3.05,2.45,0,199,3.07,3.14,2.86
2025-11-10,Health & Beauty,Oral Care,SKU1030,Mouthwash,2.45,3.22,2.45,1,364,3.01,2.94,3.1
2025-11-17,Health & Beauty,Oral Care,SKU1030,Mouthwash,3.02,3.02,2.44,0,61,3.18,3.03,2.89
2025-11-24,Health & Beauty,Oral Care,SKU1030,Mouthwash,3.06,3.06,2.46,0,46,2.9,2.97,2.74
2025-12-01,Health & Beauty,Oral Care,SKU1030,Mouthwash,3.16,3.16,2.45,0,95,3.03,3.33,2.89
2025-12-08,Health & Beauty,Oral Care,SKU1030,Mouthwash,3.24,3.24,2.45,0,90,3.07,3.08,2.82
2025-12-15,Health & Beauty,Oral Care,SKU1030,Mouthwash,3.07,3.07,2.46,0,213,3.03,3.06,2.83
2025-12-22,Health & Beauty,Oral Care,SKU1030,Mouthwash,3.04,3.04,2.46,0,73,3.08,3.02,2.78
