data/pricing_data.csv
week,department,sub_department,sku,product,gt_price,gt_regular_price,cost,promo_flag,units,walmart_price,nofrills_price,dollarama_price
2024-01-01,Health & Beauty,Oral Care,SKU1031,Floss,2.79,2.79,2.07,0,101,2.66,2.74,2.5
2024-01-08,Health & Beauty,Oral Care,SKU1031,Floss,2.84,2.84,2.08,0,234,2.83,2.68,2.66
2024-01-15,Health & Beauty,Oral Care,SKU1031,Floss,2.88,2.88,2.08,0,160,2.75,2.64,2.6
2024-01-22,Health & Beauty,Oral Care,SKU1031,Floss,2.71,2.71,2.07,0,236,2.79,2.65,2.58
2024-01-29,Health & Beauty,Oral Care,SKU1031,Floss,2.18,2.82,2.08,1,171,2.92,2.72,2.69
2024-02-05,Health & Beauty,Oral Care,SKU1031,Floss,2.77,2.77,2.08,0,239,2.83,2.68,2.62
2024-02-12,Health & Beauty,Oral Care,SKU1031,Floss,2.82,2.82,2.08,0,118,2.8,2.73,2.75
2024-02-19,Health & Beauty,Oral Care,SKU1031,Floss,2.85,2.85,2.08,0,116,2.85,2.7,2.62
2024-02-26,Health & Beauty,Oral Care,SKU1031,Floss,2.82,2.82,2.09,0,137,2.81,2.86,2.81
2024-03-04,Health & Beauty,Oral Care,SKU1031,Floss,2.83,2.83,2.09,0,240,2.85,2.85,2.79
2024-03-11,Health & Beauty,Oral Care,SKU1031,Floss,2.76,2.76,2.1,0,41,2.71,2.86,2.72
2024-03-18,Health & Beauty,Oral Care,SKU1031,Floss,2.42,2.81,2.09,1,211,2.81,2.81,2.6
2024-03-25,Health & Beauty,Oral Care,SKU1031,Floss,2.91,2.91,2.1,0,120,2.89,2.81,2.55
2024-04-01,Health & Beauty,Oral Care,SKU1031,Floss,2.89,2.89,2.1,0,170,2.81,2.75,2.74
2024-04-08,Health & Beauty,Oral Care,SKU1031,Floss,2.87,2.87,2.1,0,59,2.84,2.81,2.66
2024-04-15,Health & Beauty,Oral Care,SKU1031,Floss,2.8,2.8,2.1,0,47,2.83,2.78,2.62
2024-04-22,Health & Beauty,Oral Care,SKU1031,Floss,2.87,2.87,2.09,0,210,2.8,2.79,2.7
2024-04-29,Health & Beauty,Oral Care,SKU1031,Floss,2.88,2.88,2.1,0,202,2.78,2.85,2.63
2024-05-06,Health & Beauty,Oral Care,SKU1031,Floss,2.86,2.86,2.1,0,169,2.89,2.76,2.61
2024-05-13,Health & Beauty,Oral Care,SKU1031,Floss,2.93,2.93,2.11,0,149,2.64,2.82,2.57
2024-05-20,Health & Beauty,Oral Care,SKU1031,Floss,2.88,2.88,2.1,0,96,2.86,2.59,2.55
2024-05-27,Health & Beauty,Oral Care,SKU1031,Floss,2.74,2.74,2.11,0,67,2.72,2.73,2.44
2024-06-03,Health & Beauty,Oral Care,SKU1031,Floss,2.73,2.73,2.12,0,200,2.63,2.71,2.55
2024-06-10,Health & Beauty,Oral Care,SKU1031,Floss,2.77,2.77,2.12,0,114,2.94,2.86,2.54
2024-06-17,Health & Beauty,Oral Care,SKU1031,Floss,2.72,2.72,2.12,0,66,2.75,2.8,2.77
2024-06-24,Health & Beauty,Oral Care,SKU1031,Floss,2.72,2.72,2.12,0,204,2.66,2.52,2.53
2024-07-01,Health & Beauty,Oral Care,SKU1031,Floss,2.73,2.73,2.12,0,201,2.47,2.67,2.58
2024-07-08,Health & Beauty,Oral Care,SKU1031,Floss,2.83,2.83,2.12,0,130,2.7,2.76,2.57
2024-07-15,Health & Beauty,Oral Care,SKU1031,Floss,2.61,2.61,2.13,0,228,2.53,2.69,2.56
2024-07-22,Health & Beauty,Oral Care,SKU1031,Floss,2.74,2.74,2.13,0,203,2.69,2.57,2.65
2024-07-29,Health & Beauty,Oral Care,SKU1031,Floss,2.7,2.7,2.13,0,67,2.7,2.58,2.45
2024-08-05,Health & Beauty,Oral Care,SKU1031,Floss,2.67,2.67,2.12,0,71,2.65,2.5,2.49
2024-08-12,Health & Beauty,Oral Care,SKU1031,Floss,2.33,2.65,2.14,1,226,2.55,2.7,2.38
2024-08-19,Health & Beauty,Oral Care,SKU1031,Floss,2.53,2.53,2.13,0,97,2.62,2.64,2.55
2024-08-26,Health & Beauty,Oral Care,SKU1031,Floss,2.69,2.69,2.13,0,73,2.43,2.56,2.32
2024-09-02,Health & Beauty,Oral Care,SKU1031,Floss,2.59,2.59,2.14,0,105,2.48,2.53,2.43
2024-09-09,Health & Beauty,Oral Care,SKU1031,Floss,2.59,2.59,2.14,0,44,2.47,2.51,2.41
2024-09-16,Health & Beauty,Oral Care,SKU1031,Floss,2.63,2.63,2.14,0,44,2.45,2.45,2.57
2024-09-23,Health & Beauty,Oral Care,SKU1031,Floss,2.51,2.51,2.15,0,70,2.63,2.53,2.37
2024-09-30,Health & Beauty,Oral Care,SKU1031,Floss,2.54,2.54,2.14,0,84,2.5,2.7,2.53
2024-10-07,Health & Beauty,Oral Care,SKU1031,Floss,2.57,2.57,2.14,0,81,2.55,2.54,2.28
2024-10-14,Health & Beauty,Oral Care,SKU1031,Floss,2.57,2.57,2.14,0,249,2.52,2.48,2.48
2024-10-21,Health & Beauty,Oral Care,SKU1031,Floss,2.53,2.53,2.15,0,118,2.6,2.66,2.4
2024-10-28,Health & Beauty,Oral Care,SKU1031,Floss,2.6,2.6,2.16,0,102,2.59,2.49,2.52
2024-11-04,Health & Beauty,Oral Care,SKU1031,Floss,2.63,2.63,2.16,0,216,2.63,2.62,2.46
2024-11-11,Health & Beauty,Oral Care,SKU1031,Floss,2.78,2.78,2.15,0,166,2.56,2.66,2.42
2024-11-18,Health & Beauty,Oral Care,SKU1031,Floss,2.7,2.7,2.16,0,126,2.65,2.75,2.44
2024-11-25,Health & Beauty,Oral Care,SKU1031,Floss,2.71,2.71,2.15,0,173,2.63,2.54,2.48
2024-12-02,Health & Beauty,Oral Care,SKU1031,Floss,2.66,2.66,2.15,0,43,2.51,2.8,2.53
2024-12-09,Health & Beauty,Oral Care,SKU1031,Floss,2.71,2.71,2.17,0,249,2.66,2.66,2.68
2024-12-16,Health & Beauty,Oral Care,SKU1031,Floss,2.8,2.8,2.17,0,83,2.63,2.63,2.54
2024-12-23,Health & Beauty,Oral Care,SKU1031,Floss,2.76,2.76,2.17,0,214,2.68,2.8,2.41
2024-12-30,Health & Beauty,Oral Care,SKU1031,Floss,2.03,2.69,2.17,1,306,2.64,2.54,2.4
2025-01-06,Health & Beauty,Oral Care,SKU1031,Floss,2.77,2.77,2.17,0,256,2.69,2.74,2.61
2025-01-13,Health & Beauty,Oral Care,SKU1031,Floss,2.71,2.71,2.18,0,189,2.55,2.7,2.49
2025-01-20,Health & Beauty,Oral Care,SKU1031,Floss,2.86,2.86,2.17,0,142,2.88,2.71,2.57
2025-01-27,Health & Beauty,Oral Care,SKU1031,Floss,2.78,2.78,2.17,0,173,2.75,2.74,2.76
2025-02-03,Health & Beauty,Oral Care,SKU1031,Floss,2.74,2.74,2.18,0,103,2.6,2.71,2.79
2025-02-10,Health & Beauty,Oral Care,SKU1031,Floss,2.77,2.77,2.18,0,199,2.73,2.79,2.61
2025-02-17,Health & Beauty,Oral Care,SKU1031,Floss,2.84,2.84,2.18,0,191,2.79,2.74,2.73
2025-02-24,Health & Beauty,Oral Care,SKU1031,Floss,2.72,2.72,2.19,0,180,2.9,2.77,2.77
2025-03-03,Health & Beauty,Oral Care,SKU1031,Floss,2.97,2.97,2.19,0,114,2.83,2.83,2.7
2025-03-10,Health & Beauty,Oral Care,SKU1031,Floss,2.87,2.87,2.19,0,132,2.68,2.73,2.62
2025-03-17,Health & Beauty,Oral Care,SKU1031,Floss,2.86,2.86,2.19,0,248,2.69,2.93,2.5
2025-03-24,Health & Beauty,Oral Care,SKU1031,Floss,2.8,2.8,2.19,0,222,2.84,2.8,2.7
2025-03-31,Health & Beauty,Oral Care,SKU1031,Floss,2.84,2.84,2.19,0,184,2.82,2.85,2.75
2025-04-07,Health & Beauty,Oral Care,SKU1031,Floss,2.85,2.85,2.2,0,194,2.8,2.73,2.59
2025-04-14,Health & Beauty,Oral Care,SKU1031,Floss,2.82,2.82,2.2,0,108,2.8,2.94,2.67
2025-04-21,Health & Beauty,Oral Care,SKU1031,Floss,2.8,2.8,2.19,0,65,2.65,2.79,2.51
2025-04-28,Health & Beauty,Oral Care,SKU1031,Floss,2.83,2.83,2.19,0,151,2.84,2.75,2.72
2025-05-05,Health & Beauty,Oral Care,SKU1031,Floss,2.92,2.92,2.2,0,268,2.8,2.84,2.71
2025-05-12,Health & Beauty,Oral Care,SKU1031,Floss,2.87,2.87,2.2,0,222,2.78,2.78,2.7
2025-05-19,Health & Beauty,Oral Care,SKU1031,Floss,2.56,2.88,2.21,1,145,2.68,2.96,2.49
2025-05-26,Health & Beauty,Oral Care,SKU1031,Floss,2.76,2.76,2.21,0,61,2.76,2.86,2.54
2025-06-02,Health & Beauty,Oral Care,SKU1031,Floss,2.92,2.92,2.2,0,68,2.83,2.61,2.58
2025-06-09,Health & Beauty,Oral Care,SKU1031,Floss,2.78,2.78,2.21,0,108,2.68,2.81,2.52
2025-06-16,Health & Beauty,Oral Care,SKU1031,Floss,2.22,2.87,2.22,1,61,2.7,2.82,2.57
2025-06-23,Health & Beauty,Oral Care,SKU1031,Floss,2.75,2.75,2.21,0,209,2.6,2.68,2.53
2025-06-30,Health & Beauty,Oral Care,SKU1031,Floss,2.72,2.72,2.22,0,96,2.7,2.73,2.58
2025-07-07,Health & Beauty,Oral Care,SKU1031,Floss,2.78,2.78,2.22,0,264,2.83,2.68,2.56
2025-07-14,Health & Beauty,Oral Care,SKU1031,Floss,2.47,2.75,2.22,1,301,2.53,2.76,2.53
2025-07-21,Health & Beauty,Oral Care,SKU1031,Floss,2.67,2.67,2.23,0,83,2.66,2.58,2.51
2025-07-28,Health & Beauty,Oral Care,SKU1031,Floss,2.7,2.7,2.23,0,71,2.48,2.55,2.58
2025-08-04,Health & Beauty,Oral Care,SKU1031,Floss,2.63,2.63,2.22,0,186,2.41,2.51,2.43
2025-08-11,Health & Beauty,Oral Care,SKU1031,Floss,2.65,2.65,2.23,0,207,2.47,2.67,2.46
2025-08-18,Health & Beauty,Oral Care,SKU1031,Floss,2.67,2.67,2.23,0,179,2.46,2.61,2.6
2025-08-25,Health & Beauty,Oral Care,SKU1031,Floss,2.67,2.67,2.23,0,178,2.56,2.66,2.36
2025-09-01,Health & Beauty,Oral Care,SKU1031,Floss,2.7,2.7,2.24,0,85,2.69,2.68,2.41
2025-09-08,Health & Beauty,Oral Care,SKU1031,Floss,2.73,2.73,2.24,0,173,2.49,2.6,2.42
2025-09-15,Health & Beauty,Oral Care,SKU1031,Floss,2.64,2.64,2.24,0,126,2.42,2.68,2.45
2025-09-22,Health & Beauty,Oral Care,SKU1031,Floss,2.54,2.54,2.25,0,201,2.47,2.58,2.39
2025-09-29,Health & Beauty,Oral Care,SKU1031,Floss,2.6,2.6,2.24,0,99,2.48,2.68,2.42
2025-10-06,Health & Beauty,Oral Care,SKU1031,Floss,2.11,2.55,2.24,1,161,2.75,2.5,2.34
2025-10-13,Health & Beauty,Oral Care,SKU1031,Floss,2.57,2.57,2.24,0,249,2.58,2.73,2.4
2025-10-20,Health & Beauty,Oral Care,SKU1031,Floss,2.55,2.55,2.25,0,94,2.55,2.61,2.48
2025-10-27,Health & Beauty,Oral Care,SKU1031,Floss,2.64,2.64,2.25,0,38,2.46,2.59,2.48
2025-11-03,Health & Beauty,Oral Care,SKU1031,Floss,2.5,2.5,2.25,0,103,2.55,2.53,2.41
2025-11-10,Health & Beauty,Oral Care,SKU1031,Floss,2.58,2.58,2.26,0,139,2.5,2.52,2.42
2025-11-17,Health & Beauty,Oral Care,SKU1031,Floss,2.65,2.65,2.26,0,117,2.65,2.56,2.48
2025-11-24,Health & Beauty,Oral Care,SKU1031,Floss,2.65,2.65,2.26,0,64,2.59,2.59,2.6
2025-12-01,Health & Beauty,Oral Care,SKU1031,Floss,2.6,2.6,2.26,0,112,2.53,2.69,2.51
2025-12-08,Health & Beauty,Oral Care,SKU1031,Floss,2.69,2.69,2.27,0,121,2.6,2.71,2.46
2025-12-15,Health & Beauty,Oral Care,SKU1031,Floss,2.23,2.71,2.27,1,177,2.7,2.66,2.71
2025-12-22,Health & Beauty,Oral Care,SKU1031,Floss,2.72,2.72,2.27,0,60,2.62,2.81,2.65
