data/pricing_data.csv
week,department,sub_department,sku,product,gt_price,gt_regular_price,cost,promo_flag,units,walmart_price,nofrills_price,dollarama_price
2024-01-01,Health & Beauty,OTC,SKU1033,Pain Relief,12.45,12.45,8.36,0,70,12.38,12.54,12.4
2024-01-08,Health & Beauty,OTC,SKU1033,Pain Relief,12.92,12.92,8.38,0,58,12.39,12.9,11.13
2024-01-15,Health & Beauty,OTC,SKU1033,Pain Relief,12.94,12.94,8.4,0,38,12.69,12.84,12.61
2024-01-22,Health & Beauty,OTC,SKU1033,Pain Relief,13.12,13.12,8.41,0,47,12.79,13.22,11.93
2024-01-29,Health & Beauty,OTC,SKU1033,Pain Relief,13.12,13.12,8.4,0,56,12.32,12.42,11.55
2024-02-05,Health & Beauty,OTC,SKU1033,Pain Relief,11.22,12.76,8.43,1,258,12.26,12.6,12.34
2024-02-12,Health & Beauty,OTC,SKU1033,Pain Relief,12.84,12.84,8.44,0,133,12.93,12.46,11.96
2024-02-19,Health & Beauty,OTC,SKU1033,Pain Relief,13.09,13.09,8.41,0,221,12.6,12.63,12.11
2024-02-26,Health & Beauty,OTC,SKU1033,Pain Relief,12.89,12.89,8.42,0,173,13.32,12.36,12.35
2024-03-04,Health & Beauty,OTC,SKU1033,Pain Relief,13.55,13.55,8.43,0,154,12.98,14.09,11.77
2024-03-11,Health & Beauty,OTC,SKU1033,Pain Relief,13.61,13.61,8.41,0,188,13.36,13.86,11.99
2024-03-18,Health & Beauty,OTC,SKU1033,Pain Relief,13.55,13.55,8.46,0,132,12.39,13.16,12.82
2024-03-25,Health & Beauty,OTC,SKU1033,Pain Relief,11.82,13.07,8.45,1,319,13.06,13.11,12.59
2024-04-01,Health & Beauty,OTC,SKU1033,Pain Relief,13.24,13.24,8.47,0,161,13.61,13.18,12.2
2024-04-08,Health & Beauty,OTC,SKU1033,Pain Relief,12.67,12.67,8.5,0,110,13.07,12.71,12.33
2024-04-15,Health & Beauty,OTC,SKU1033,Pain Relief,12.96,12.96,8.51,0,204,13.4,13.84,12.68
2024-04-22,Health & Beauty,OTC,SKU1033,Pain Relief,12.72,12.72,8.47,0,193,12.37,13.51,12.79
2024-04-29,Health & Beauty,OTC,SKU1033,Pain Relief,13.12,13.12,8.5,0,45,12.72,12.95,12.46
2024-05-06,Health & Beauty,OTC,SKU1033,Pain Relief,13.09,13.09,8.53,0,260,13.76,12.96,13.02
2024-05-13,Health & Beauty,OTC,SKU1033,Pain Relief,13.01,13.01,8.51,0,136,12.85,13.11,12.32
2024-05-20,Health & Beauty,OTC,SKU1033,Pain Relief,13.17,13.17,8.5,0,111,13.54,13.88,12.59
2024-05-27,Health & Beauty,OTC,SKU1033,Pain Relief,12.96,12.96,8.55,0,186,12.5,12.9,11.87
2024-06-03,Health & Beauty,OTC,SKU1033,Pain Relief,12.76,12.76,8.53,0,139,12.55,12.89,12.83
2024-06-10,Health & Beauty,OTC,SKU1033,Pain Relief,10.82,13.24,8.55,1,379,12.47,13.2,11.79
2024-06-17,Health & Beauty,OTC,SKU1033,Pain Relief,12.35,12.35,8.54,0,184,12.99,12.54,11.7
2024-06-24,Health & Beauty,OTC,SKU1033,Pain Relief,12.85,12.85,8.55,0,52,12.81,12.78,12.19
2024-07-01,Health & Beauty,OTC,SKU1033,Pain Relief,12.75,12.75,8.56,0,74,12.44,12.47,12.46
2024-07-08,Health & Beauty,OTC,SKU1033,Pain Relief,10.11,12.64,8.56,1,265,12.16,12.37,12.24
2024-07-15,Health & Beauty,OTC,SKU1033,Pain Relief,12.34,12.34,8.57,0,132,12.73,12.42,12.34
2024-07-22,Health & Beauty,OTC,SKU1033,Pain Relief,12.59,12.59,8.57,0,197,11.56,12.6,11.17
2024-07-29,Health & Beauty,OTC,SKU1033,Pain Relief,12.43,12.43,8.58,0,78,11.96,12.23,11.7
2024-08-05,Health & Beauty,OTC,SKU1033,Pain Relief,12.71,12.71,8.6,0,210,12.22,13.39,11.34
2024-08-12,Health & Beauty,OTC,SKU1033,Pain Relief,12.26,12.26,8.62,0,275,12.46,12.17,12.78
2024-08-19,Health & Beauty,OTC,SKU1033,Pain Relief,10.11,11.99,8.62,1,70,12.02,11.73,11.23
2024-08-26,Health & Beauty,OTC,SKU1033,Pain Relief,12.29,12.29,8.62,0,202,11.96,11.82,12.42
2024-09-02,Health & Beauty,OTC,SKU1033,Pain Relief,12.13,12.13,8.64,0,176,11.73,13.16,11.2
2024-09-09,Health & Beauty,OTC,SKU1033,Pain Relief,11.97,11.97,8.63,0,156,11.75,11.25,11.14
2024-09-16,Health & Beauty,OTC,SKU1033,Pain Relief,12.25,12.25,8.62,0,172,11.48,11.94,11.18
2024-09-23,Health & Beauty,OTC,SKU1033,Pain Relief,12.02,12.02,8.64,0,149,11.61,12.02,10.89
2024-09-30,Health & Beauty,OTC,SKU1033,Pain Relief,11.68,11.68,8.65,0,217,12.3,11.83,11.36
2024-10-07,Health & Beauty,OTC,SKU1033,Pain Relief,12.15,12.15,8.65,0,172,11.03,12.16,11.27
2024-10-14,Health & Beauty,OTC,SKU1033,Pain Relief,12.11,12.11,8.68,0,127,11.9,11.57,11.97
2024-10-21,Health & Beauty,OTC,SKU1033,Pain Relief,10.78,12.33,8.71,1,204,12.15,12.54,10.58
2024-10-28,Health & Beauty,OTC,SKU1033,Pain Relief,11.88,11.88,8.71,0,147,11.81,11.67,12.18
2024-11-04,Health & Beauty,OTC,SKU1033,Pain Relief,10.73,12.04,8.66,1,222,11.96,11.66,11.1
2024-11-11,Health & Beauty,OTC,SKU1033,Pain Relief,11.41,12.42,8.71,1,155,11.63,12.06,11.83
2024-11-18,Health & Beauty,OTC,SKU1033,Pain Relief,12.6,12.6,8.7,0,41,12.29,12.27,11.62
2024-11-25,Health & Beauty,OTC,SKU1033,Pain Relief,10.6,12.11,8.72,1,316,12.12,12.54,12.18
2024-12-02,Health & Beauty,OTC,SKU1033,Pain Relief,12.31,12.31,8.72,0,262,12.63,13.09,11.67
2024-12-09,Health & Beauty,OTC,SKU1033,Pain Relief,12.35,12.35,8.74,0,166,12.06,12.18,12.54
2024-12-16,Health & Beauty,OTC,SKU1033,Pain Relief,12.36,12.36,8.75,0,73,12.32,11.95,12.25
2024-12-23,Health & Beauty,OTC,SKU1033,Pain Relief,11.57,12.82,8.74,1,293,11.97,12.67,12.43
2024-12-30,Health & Beauty,OTC,SKU1033,Pain Relief,13.01,13.01,8.74,0,141,11.99,12.58,11.92
2025-01-06,Health & Beauty,OTC,SKU1033,Pain Relief,11.51,12.76,8.74,1,382,12.56,12.6,12.16
2025-01-13,Health & Beauty,OTC,SKU1033,Pain Relief,13.08,13.08,8.79,0,156,13.03,13.31,12.51
2025-01-20,Health & Beauty,OTC,SKU1033,Pain Relief,12.24,12.24,8.76,0,179,12.68,12.07,12.17
2025-01-27,Health & Beauty,OTC,SKU1033,Pain Relief,12.95,12.95,8.81,0,181,12.48,12.94,12.07
2025-02-03,Health & Beauty,OTC,SKU1033,Pain Relief,12.74,12.74,8.8,0,140,12.04,13.39,12.01
2025-02-10,Health & Beauty,OTC,SKU1033,Pain Relief,12.85,12.85,8.81,0,172,13.11,12.28,12.36
2025-02-17,Health & Beauty,OTC,SKU1033,Pain Relief,13.53,13.53,8.81,0,240,12.78,13.05,12.37
2025-02-24,Health & Beauty,OTC,SKU1033,Pain Relief,13.48,13.48,8.82,0,123,12.53,12.39,12.5
2025-03-03,Health & Beauty,OTC,SKU1033,Pain Relief,13.28,13.28,8.78,0,85,12.81,12.05,12.72
2025-03-10,Health & Beauty,OTC,SKU1033,Pain Relief,13.62,13.62,8.84,0,199,13.11,13.52,12.55
2025-03-17,Health & Beauty,OTC,SKU1033,Pain Relief,13.53,13.53,8.84,0,200,13.02,13.39,12.86
2025-03-24,Health & Beauty,OTC,SKU1033,Pain Relief,13.3,13.3,8.82,0,140,13.01,14.26,11.87
2025-03-31,Health & Beauty,OTC,SKU1033,Pain Relief,13.44,13.44,8.85,0,147,12.79,12.57,12.85
2025-04-07,Health & Beauty,OTC,SKU1033,Pain Relief,13.32,13.32,8.84,0,218,13.34,13.02,12.48
2025-04-14,Health & Beauty,OTC,SKU1033,Pain Relief,13.28,13.28,8.86,0,59,12.61,12.65,12.49
2025-04-21,Health & Beauty,OTC,SKU1033,Pain Relief,12.8,12.8,8.89,0,122,13.01,12.83,11.87
2025-04-28,Health & Beauty,OTC,SKU1033,Pain Relief,13.46,13.46,8.88,0,154,13.21,13.4,11.5
2025-05-05,Health & Beauty,OTC,SKU1033,Pain Relief,13.37,13.37,8.93,0,126,12.39,12.61,11.83
2025-05-12,Health & Beauty,OTC,SKU1033,Pain Relief,12.98,12.98,8.91,0,186,12.76,13.0,12.07
2025-05-19,Health & Beauty,OTC,SKU1033,Pain Relief,12.25,12.25,8.94,0,69,12.43,12.52,12.31
2025-05-26,Health & Beauty,OTC,SKU1033,Pain Relief,12.83,12.83,8.92,0,250,12.31,13.21,12.75
2025-06-02,Health & Beauty,OTC,SKU1033,Pain Relief,12.93,12.93,8.92,0,86,12.38,12.78,12.53
2025-06-09,Health & Beauty,OTC,SKU1033,Pain Relief,13.15,13.15,8.92,0,132,13.31,12.11,12.38
2025-06-16,Health & Beauty,OTC,SKU1033,Pain Relief,13.07,13.07,8.92,0,74,12.31,12.23,12.45
2025-06-23,Health & Beauty,OTC,SKU1033,Pain Relief,12.72,12.72,8.95,0,198,12.53,13.4,12.2
2025-06-30,Health & Beauty,OTC,SKU1033,Pain Relief,12.86,12.86,8.95,0,60,12.23,12.68,12.57
2025-07-07,Health & Beauty,OTC,SKU1033,Pain Relief,12.53,12.53,8.95,0,74,13.01,12.93,12.15
2025-07-14,Health & Beauty,OTC,SKU1033,Pain Relief,13.06,13.06,8.97,0,193,13.07,12.84,12.18
2025-07-21,Health & Beauty,OTC,SKU1033,Pain Relief,12.48,12.48,9.01,0,204,11.58,12.19,12.11
2025-07-28,Health & Beauty,OTC,SKU1033,Pain Relief,12.47,12.47,9.0,0,190,11.89,12.74,11.17
2025-08-04,Health & Beauty,OTC,SKU1033,Pain Relief,11.77,11.77,8.99,0,133,11.88,12.44,11.43
2025-08-11,Health & Beauty,OTC,SKU1033,Pain Relief,11.86,11.86,9.02,0,89,12.14,11.89,11.28
2025-08-18,Health & Beauty,OTC,SKU1033,Pain Relief,11.95,11.95,9.0,0,217,11.84,11.72,10.99
2025-08-25,Health & Beauty,OTC,SKU1033,Pain Relief,10.74,12.66,9.0,1,78,11.64,12.46,12.13
2025-09-01,Health & Beauty,OTC,SKU1033,Pain Relief,11.76,11.76,9.03,0,226,12.49,11.99,12.13
2025-09-08,Health & Beauty,OTC,SKU1033,Pain Relief,12.29,12.29,9.03,0,262,12.74,12.21,10.75
2025-09-15,Health & Beauty,OTC,SKU1033,Pain Relief,11.93,11.93,9.07,0,226,12.18,12.43,10.87
2025-09-22,Health & Beauty,OTC,SKU1033,Pain Relief,12.3,12.3,9.04,0,134,11.71,11.66,11.71
2025-09-29,Health & Beauty,OTC,SKU1033,Pain Relief,8.97,11.85,9.07,1,69,11.79,12.11,10.76
2025-10-06,Health & Beauty,OTC,SKU1033,Pain Relief,11.73,11.73,9.07,0,118,12.2,12.09,11.79
2025-10-13,Health & Beauty,OTC,SKU1033,Pain Relief,12.45,12.45,9.04,0,58,11.78,11.89,11.4
2025-10-20,Health & Beauty,OTC,SKU1033,Pain Relief,12.28,12.28,9.06,0,78,11.21,11.86,11.48
2025-10-27,Health & Beauty,OTC,SKU1033,Pain Relief,12.11,12.11,9.06,0,52,12.25,12.12,11.7
2025-11-03,Health & Beauty,OTC,SKU1033,Pain Relief,11.93,11.93,9.1,0,212,11.65,12.06,10.98
2025-11-10,Health & Beauty,OTC,SKU1033,Pain Relief,10.44,12.45,9.12,1,239,11.53,11.61,11.97
2025-11-17,Health & Beauty,OTC,SKU1033,Pain Relief,11.97,11.97,9.11,0,148,12.2,12.36,11.74
2025-11-24,Health & Beauty,OTC,SKU1033,Pain Relief,11.95,11.95,9.08,0,60,12.41,11.7,11.54
2025-12-01,Health & Beauty,OTC,SKU1033,Pain Relief,9.12,11.83,9.11,1,195,11.73,11.77,11.33
2025-12-08,Health & Beauty,OTC,SKU1033,Pain Relief,12.29,12.29,9.11,0,78,11.89,12.25,11.55
2025-12-15,Health & Beauty,OTC,SKU1033,Pain Relief,12.52,12.52,9.08,0,74,12.26,12.08,12.07
2025-12-22,Health & Beauty,OTC,SKU1033,Pain Relief,12.74,12.74,9.17,0,108,11.53,12.51,11.88
