data/pricing_data.csv
week,department,sub_department,sku,product,gt_price,gt_regular_price,cost,promo_flag,units,walmart_price,nofrills_price,dollarama_price
2024-01-01,Health & Beauty,OTC,SKU1034,Cold & Flu,11.09,11.09,6.39,0,84,10.83,11.23,10.07
2024-01-08,Health & Beauty,OTC,SKU1034,Cold & Flu,10.66,10.66,6.39,0,158,10.27,10.72,10.66
2024-01-15,Health & Beauty,OTC,SKU1034,Cold & Flu,11.14,11.14,6.41,0,46,10.97,10.74,10.74
2024-01-22,Health & Beauty,OTC,SKU1034,Cold & Flu,11.23,11.23,6.4,0,87,11.09,11.06,10.44
2024-01-29,Health & Beauty,OTC,SKU1034,Cold & Flu,11.13,11.13,6.41,0,93,11.14,11.31,10.61
2024-02-05,Health & Beauty,OTC,SKU1034,Cold & Flu,11.14,11.14,6.41,0,150,11.09,11.29,10.8
2024-02-12,Health & Beauty,OTC,SKU1034,Cold & Flu,10.86,10.86,6.4,0,203,10.81,11.04,9.99
2024-02-19,Health & Beauty,OTC,SKU1034,Cold & Flu,11.16,11.16,6.41,0,119,11.48,10.79,10.65
2024-02-26,Health & Beauty,OTC,SKU1034,Cold & Flu,11.27,11.27,6.42,0,86,10.83,11.07,11.11
2024-03-04,Health & Beauty,OTC,SKU1034,Cold & Flu,11.64,11.64,6.41,0,122,10.68,10.74,11.08
2024-03-11,Health & Beauty,OTC,SKU1034,Cold & Flu,11.29,11.29,6.45,0,203,10.89,11.3,10.38
2024-03-18,Health & Beauty,OTC,SKU1034,Cold & Flu,11.3,11.3,6.44,0,116,10.85,11.34,10.24
2024-03-25,Health & Beauty,OTC,SKU1034,Cold & Flu,10.97,10.97,6.45,0,223,10.88,11.23,9.87
2024-04-01,Health & Beauty,OTC,SKU1034,Cold & Flu,11.44,11.44,6.46,0,136,10.96,11.0,11.35
2024-04-08,Health & Beauty,OTC,SKU1034,Cold & Flu,11.61,11.61,6.46,0,231,11.17,12.04,10.53
2024-04-15,Health & Beauty,OTC,SKU1034,Cold & Flu,11.38,11.38,6.46,0,188,11.26,11.4,10.89
2024-04-22,Health & Beauty,OTC,SKU1034,Cold & Flu,11.26,11.26,6.47,0,188,11.34,11.05,10.91
2024-04-29,Health & Beauty,OTC,SKU1034,Cold & Flu,11.31,11.31,6.49,0,195,10.38,11.0,10.75
2024-05-06,Health & Beauty,OTC,SKU1034,Cold & Flu,11.72,11.72,6.48,0,179,11.16,10.75,10.59
2024-05-13,Health & Beauty,OTC,SKU1034,Cold & Flu,11.24,11.24,6.48,0,283,11.07,11.34,10.84
2024-05-20,Health & Beauty,OTC,SKU1034,Cold & Flu,11.01,11.01,6.47,0,180,11.29,10.83,9.99
2024-05-27,Health & Beauty,OTC,SKU1034,Cold & Flu,11.39,11.39,6.5,0,71,10.82,11.37,10.51
2024-06-03,Health & Beauty,OTC,SKU1034,Cold & Flu,11.06,11.06,6.5,0,139,10.54,11.12,10.4
2024-06-10,Health & Beauty,OTC,SKU1034,Cold & Flu,10.94,10.94,6.51,0,207,11.02,10.71,10.6
2024-06-17,Health & Beauty,OTC,SKU1034,Cold & Flu,10.7,10.7,6.55,0,88,10.43,10.3,10.85
2024-06-24,Health & Beauty,OTC,SKU1034,Cold & Flu,10.91,10.91,6.54,0,66,10.84,10.92,10.08
2024-07-01,Health & Beauty,OTC,SKU1034,Cold & Flu,11.35,11.35,6.51,0,203,11.14,11.55,10.07
2024-07-08,Health & Beauty,OTC,SKU1034,Cold & Flu,10.84,10.84,6.52,0,181,10.28,10.5,9.46
2024-07-15,Health & Beauty,OTC,SKU1034,Cold & Flu,9.18,10.39,6.53,1,178,10.33,10.91,10.04
2024-07-22,Health & Beauty,OTC,SKU1034,Cold & Flu,10.54,10.54,6.53,0,170,10.78,10.48,9.71
2024-07-29,Health & Beauty,OTC,SKU1034,Cold & Flu,10.35,10.35,6.55,0,239,10.08,10.64,9.38
2024-08-05,Health & Beauty,OTC,SKU1034,Cold & Flu,11.19,11.19,6.58,0,58,10.55,11.23,10.19
2024-08-12,Health & Beauty,OTC,SKU1034,Cold & Flu,10.06,10.06,6.57,0,236,10.2,10.31,9.97
2024-08-19,Health & Beauty,OTC,SKU1034,Cold & Flu,10.34,10.34,6.57,0,263,10.36,10.64,9.37
2024-08-26,Health & Beauty,OTC,SKU1034,Cold & Flu,10.41,10.41,6.57,0,196,10.15,10.77,9.79
2024-09-02,Health & Beauty,OTC,SKU1034,Cold & Flu,10.47,10.47,6.59,0,116,10.62,10.67,9.47
2024-09-09,Health & Beauty,OTC,SKU1034,Cold & Flu,10.22,10.22,6.6,0,98,9.93,10.35,10.18
2024-09-16,Health & Beauty,OTC,SKU1034,Cold & Flu,10.19,10.19,6.62,0,268,10.71,10.91,9.56
2024-09-23,Health & Beauty,OTC,SKU1034,Cold & Flu,10.22,10.22,6.59,0,72,9.72,9.93,9.5
2024-09-30,Health & Beauty,OTC,SKU1034,Cold & Flu,10.07,10.07,6.61,0,149,10.26,10.07,9.82
2024-10-07,Health & Beauty,OTC,SKU1034,Cold & Flu,10.41,10.41,6.6,0,159,9.72,10.6,9.88
2024-10-14,Health & Beauty,OTC,SKU1034,Cold & Flu,9.9,9.9,6.6,0,146,10.07,10.84,9.77
2024-10-21,Health & Beauty,OTC,SKU1034,Cold & Flu,10.3,10.3,6.62,0,72,10.02,10.07,9.75
2024-10-28,Health & Beauty,OTC,SKU1034,Cold & Flu,10.98,10.98,6.63,0,62,10.61,10.19,9.91
2024-11-04,Health & Beauty,OTC,SKU1034,Cold & Flu,10.41,10.41,6.62,0,164,10.1,10.4,9.92
2024-11-11,Health & Beauty,OTC,SKU1034,Cold & Flu,10.45,10.45,6.64,0,153,10.06,9.98,9.38
2024-11-18,Health & Beauty,OTC,SKU1034,Cold & Flu,10.79,10.79,6.65,0,242,10.46,10.43,10.29
2024-11-25,Health & Beauty,OTC,SKU1034,Cold & Flu,9.32,10.3,6.64,1,310,10.4,10.67,9.88
2024-12-02,Health & Beauty,OTC,SKU1034,Cold & Flu,8.72,10.63,6.66,1,197,9.99,10.75,10.33
2024-12-09,Health & Beauty,OTC,SKU1034,Cold & Flu,8.76,10.93,6.68,1,92,10.28,10.03,10.35
2024-12-16,Health & Beauty,OTC,SKU1034,Cold & Flu,10.92,10.92,6.67,0,133,10.42,10.74,10.43
2024-12-23,Health & Beauty,OTC,SKU1034,Cold & Flu,10.81,10.81,6.68,0,94,10.98,10.66,10.42
2024-12-30,Health & Beauty,OTC,SKU1034,Cold & Flu,11.06,11.06,6.69,0,110,10.72,11.19,10.2
2025-01-06,Health & Beauty,OTC,SKU1034,Cold & Flu,11.08,11.08,6.68,0,189,11.05,11.05,10.77
2025-01-13,Health & Beauty,OTC,SKU1034,Cold & Flu,11.27,11.27,6.66,0,212,11.03,11.79,10.72
2025-01-20,Health & Beauty,OTC,SKU1034,Cold & Flu,10.67,10.67,6.72,0,263,10.62,10.44,10.06
2025-01-27,Health & Beauty,OTC,SKU1034,Cold & Flu,11.01,11.01,6.69,0,84,10.65,10.68,10.13
2025-02-03,Health & Beauty,OTC,SKU1034,Cold & Flu,11.32,11.32,6.73,0,53,11.47,10.7,10.41
2025-02-10,Health & Beauty,OTC,SKU1034,Cold & Flu,10.99,10.99,6.7,0,199,10.65,10.59,10.22
2025-02-17,Health & Beauty,OTC,SKU1034,Cold & Flu,11.07,11.07,6.73,0,78,10.92,11.14,10.53
2025-02-24,Health & Beauty,OTC,SKU1034,Cold & Flu,11.2,11.2,6.71,0,84,11.2,11.55,11.34
2025-03-03,Health & Beauty,OTC,SKU1034,Cold & Flu,11.2,11.2,6.74,0,75,11.4,11.27,10.72
2025-03-10,Health & Beauty,OTC,SKU1034,Cold & Flu,11.2,11.2,6.72,0,194,11.11,11.54,10.87
2025-03-17,Health & Beauty,OTC,SKU1034,Cold & Flu,11.91,11.91,6.75,0,106,10.83,11.8,11.17
2025-03-24,Health & Beauty,OTC,SKU1034,Cold & Flu,10.39,11.4,6.77,1,119,11.55,11.47,10.35
2025-03-31,Health & Beauty,OTC,SKU1034,Cold & Flu,10.28,11.23,6.74,1,316,10.96,11.26,10.44
2025-04-07,Health & Beauty,OTC,SKU1034,Cold & Flu,11.53,11.53,6.77,0,144,10.73,11.85,10.85
2025-04-14,Health & Beauty,OTC,SKU1034,Cold & Flu,11.19,11.19,6.74,0,65,11.16,11.5,10.96
2025-04-21,Health & Beauty,OTC,SKU1034,Cold & Flu,11.66,11.66,6.76,0,165,10.88,11.3,10.27
2025-04-28,Health & Beauty,OTC,SKU1034,Cold & Flu,9.15,10.98,6.78,1,403,10.7,11.91,10.8
2025-05-05,Health & Beauty,OTC,SKU1034,Cold & Flu,11.3,11.3,6.77,0,251,11.02,11.38,10.52
2025-05-12,Health & Beauty,OTC,SKU1034,Cold & Flu,11.51,11.51,6.77,0,196,11.18,11.47,10.41
2025-05-19,Health & Beauty,OTC,SKU1034,Cold & Flu,11.06,11.06,6.79,0,92,11.47,10.72,9.82
2025-05-26,Health & Beauty,OTC,SKU1034,Cold & Flu,11.32,11.32,6.8,0,54,12.04,11.57,10.6
2025-06-02,Health & Beauty,OTC,SKU1034,Cold & Flu,11.23,11.23,6.82,0,90,11.41,11.41,10.05
2025-06-09,Health & Beauty,OTC,SKU1034,Cold & Flu,8.41,10.96,6.82,1,215,11.04,10.71,9.04
2025-06-16,Health & Beauty,OTC,SKU1034,Cold & Flu,10.88,10.88,6.81,0,127,9.84,10.15,9.68
2025-06-23,Health & Beauty,OTC,SKU1034,Cold & Flu,11.28,11.28,6.82,0,262,10.97,11.38,9.76
2025-06-30,Health & Beauty,OTC,SKU1034,Cold & Flu,10.97,10.97,6.84,0,67,10.43,10.89,9.8
2025-07-07,Health & Beauty,OTC,SKU1034,Cold & Flu,10.35,10.35,6.83,0,57,10.28,10.16,9.25
2025-07-14,Health & Beauty,OTC,SKU1034,Cold & Flu,10.93,10.93,6.85,0,55,10.24,11.01,10.32
2025-07-21,Health & Beauty,OTC,SKU1034,Cold & Flu,8.65,10.67,6.85,1,292,10.48,10.53,10.19
2025-07-28,Health & Beauty,OTC,SKU1034,Cold & Flu,10.4,10.4,6.85,0,217,10.28,10.44,10.32
2025-08-04,Health & Beauty,OTC,SKU1034,Cold & Flu,10.61,10.61,6.83,0,198,10.05,9.94,9.67
2025-08-11,Health & Beauty,OTC,SKU1034,Cold & Flu,8.25,10.42,6.86,1,170,10.21,10.17,10.3
2025-08-18,Health & Beauty,OTC,SKU1034,Cold & Flu,10.63,10.63,6.88,0,161,9.74,9.92,9.41
2025-08-25,Health & Beauty,OTC,SKU1034,Cold & Flu,10.18,10.18,6.89,0,270,10.6,10.37,9.36
2025-09-01,Health & Beauty,OTC,SKU1034,Cold & Flu,10.33,10.33,6.9,0,219,9.69,9.91,9.41
2025-09-08,Health & Beauty,OTC,SKU1034,Cold & Flu,10.35,10.35,6.87,0,269,10.6,10.41,9.7
2025-09-15,Health & Beauty,OTC,SKU1034,Cold & Flu,9.19,10.45,6.91,1,157,9.57,10.27,9.66
2025-09-22,Health & Beauty,OTC,SKU1034,Cold & Flu,10.22,10.22,6.91,0,210,10.47,9.55,10.0
2025-09-29,Health & Beauty,OTC,SKU1034,Cold & Flu,10.36,10.36,6.89,0,236,9.99,9.9,9.74
2025-10-06,Health & Beauty,OTC,SKU1034,Cold & Flu,10.19,10.19,6.91,0,107,10.11,10.06,9.87
2025-10-13,Health & Beauty,OTC,SKU1034,Cold & Flu,9.7,9.7,6.92,0,51,9.37,10.03,9.35
2025-10-20,Health & Beauty,OTC,SKU1034,Cold & Flu,10.38,10.38,6.94,0,78,10.05,10.54,9.82
2025-10-27,Health & Beauty,OTC,SKU1034,Cold & Flu,10.1,10.1,6.91,0,185,10.27,10.17,9.69
2025-11-03,Health & Beauty,OTC,SKU1034,Cold & Flu,10.28,10.28,6.93,0,191,10.62,9.88,9.72
2025-11-10,Health & Beauty,OTC,SKU1034,Cold & Flu,10.76,10.76,6.93,0,96,10.94,10.29,10.09
2025-11-17,Health & Beauty,OTC,SKU1034,Cold & Flu,10.3,10.3,6.94,0,169,9.62,10.04,10.06
2025-11-24,Health & Beauty,OTC,SKU1034,Cold & Flu,10.41,10.41,6.96,0,158,10.21,10.62,9.34
2025-12-01,Health & Beauty,OTC,SKU1034,Cold & Flu,10.3,10.3,6.98,0,244,10.12,10.55,10.25
2025-12-08,Health & Beauty,OTC,SKU1034,Cold & Flu,10.82,10.82,6.92,0,140,9.92,10.77,9.99
2025-12-15,Health & Beauty,OTC,SKU1034,Cold & Flu,8.33,10.99,6.99,1,510,10.65,10.83,10.33
2025-12-22,Health & Beauty,OTC,SKU1034,Cold & Flu,10.65,10.65,6.98,0,216,10.44,10.89,10.1
