data/pricing_data.csv
week,department,sub_department,sku,product,gt_price,gt_regular_price,cost,promo_flag,units,walmart_price,nofrills_price,dollarama_price
2024-01-01,Health & Beauty,OTC,SKU1035,Vitamins,12.73,12.73,8.99,0,41,12.85,12.66,12.32
2024-01-08,Health & Beauty,OTC,SKU1035,Vitamins,13.28,13.28,8.98,0,53,12.63,12.32,12.57
2024-01-15,Health & Beauty,OTC,SKU1035,Vitamins,13.39,13.39,8.99,0,73,13.2,12.83,12.54
2024-01-22,Health & Beauty,OTC,SKU1035,Vitamins,13.45,13.45,8.99,0,182,12.87,13.28,12.17
2024-01-29,Health & Beauty,OTC,SKU1035,Vitamins,13.56,13.56,8.97,0,164,13.27,13.3,12.74
2024-02-05,Health & Beauty,OTC,SKU1035,Vitamins,13.42,13.42,9.03,0,142,13.14,12.96,12.88
2024-02-12,Health & Beauty,OTC,SKU1035,Vitamins,13.25,13.25,8.99,0,190,13.41,13.41,12.75
2024-02-19,Health & Beauty,OTC,SKU1035,Vitamins,13.33,13.33,9.06,0,153,13.98,14.34,12.05
2024-02-26,Health & Beauty,OTC,SKU1035,Vitamins,14.09,14.09,9.05,0,55,12.71,12.58,12.41
2024-03-04,Health & Beauty,OTC,SKU1035,Vitamins,13.85,13.85,9.05,0,198,12.91,13.46,12.45
2024-03-11,Health & Beauty,OTC,SKU1035,Vitamins,13.59,13.59,9.06,0,195,13.28,13.92,12.16
2024-03-18,Health & Beauty,OTC,SKU1035,Vitamins,13.99,13.99,9.06,0,236,13.33,13.55,13.68
2024-03-25,Health & Beauty,OTC,SKU1035,Vitamins,13.18,13.18,9.06,0,213,13.78,13.65,12.39
2024-04-01,Health & Beauty,OTC,SKU1035,Vitamins,13.67,13.67,9.08,0,179,13.23,13.58,13.16
2024-04-08,Health & Beauty,OTC,SKU1035,Vitamins,13.89,13.89,9.08,0,172,13.3,13.66,13.56
2024-04-15,Health & Beauty,OTC,SKU1035,Vitamins,13.52,13.52,9.05,0,170,13.57,13.17,12.8
2024-04-22,Health & Beauty,OTC,SKU1035,Vitamins,13.1,13.1,9.11,0,78,13.35,12.9,13.35
2024-04-29,Health & Beauty,OTC,SKU1035,Vitamins,14.45,14.45,9.11,0,146,13.92,14.09,13.45
2024-05-06,Health & Beauty,OTC,SKU1035,Vitamins,13.87,13.87,9.08,0,219,12.66,13.4,12.32
2024-05-13,Health & Beauty,OTC,SKU1035,Vitamins,13.39,13.39,9.17,0,208,12.88,13.88,12.85
2024-05-20,Health & Beauty,OTC,SKU1035,Vitamins,13.18,13.18,9.13,0,141,12.98,13.48,12.28
2024-05-27,Health & Beauty,OTC,SKU1035,Vitamins,13.48,13.48,9.16,0,45,12.35,12.83,12.4
2024-06-03,Health & Beauty,OTC,SKU1035,Vitamins,13.09,13.09,9.18,0,44,13.34,13.0,12.54
2024-06-10,Health & Beauty,OTC,SKU1035,Vitamins,13.7,13.7,9.16,0,216,13.26,12.62,13.1
2024-06-17,Health & Beauty,OTC,SKU1035,Vitamins,13.52,13.52,9.15,0,63,12.89,13.37,11.97
2024-06-24,Health & Beauty,OTC,SKU1035,Vitamins,13.07,13.07,9.16,0,135,12.78,12.24,12.17
2024-07-01,Health & Beauty,OTC,SKU1035,Vitamins,12.85,12.85,9.12,0,116,12.68,13.59,12.67
2024-07-08,Health & Beauty,OTC,SKU1035,Vitamins,12.76,12.76,9.17,0,266,13.76,13.51,11.94
2024-07-15,Health & Beauty,OTC,SKU1035,Vitamins,12.89,12.89,9.22,0,238,13.01,13.09,11.83
2024-07-22,Health & Beauty,OTC,SKU1035,Vitamins,12.55,12.55,9.19,0,205,12.34,12.38,11.95
2024-07-29,Health & Beauty,OTC,SKU1035,Vitamins,12.84,12.84,9.21,0,224,12.59,12.19,12.64
2024-08-05,Health & Beauty,OTC,SKU1035,Vitamins,12.61,12.61,9.18,0,253,13.65,12.33,12.32
2024-08-12,Health & Beauty,OTC,SKU1035,Vitamins,12.26,12.26,9.22,0,104,12.97,12.81,11.67
2024-08-19,Health & Beauty,OTC,SKU1035,Vitamins,12.19,12.19,9.25,0,136,12.07,12.62,11.63
2024-08-26,Health & Beauty,OTC,SKU1035,Vitamins,12.67,12.67,9.23,0,148,12.67,13.38,11.87
2024-09-02,Health & Beauty,OTC,SKU1035,Vitamins,12.81,12.81,9.26,0,41,12.49,12.6,11.64
2024-09-09,Health & Beauty,OTC,SKU1035,Vitamins,12.75,12.75,9.26,0,209,12.45,12.54,11.09
2024-09-16,Health & Beauty,OTC,SKU1035,Vitamins,11.2,13.02,9.26,1,230,12.81,12.54,11.04
2024-09-23,Health & Beauty,OTC,SKU1035,Vitamins,12.03,12.03,9.28,0,114,11.34,13.02,12.03
2024-09-30,Health & Beauty,OTC,SKU1035,Vitamins,11.99,11.99,9.29,0,136,12.15,12.53,12.07
2024-10-07,Health & Beauty,OTC,SKU1035,Vitamins,12.75,12.75,9.28,0,139,12.81,12.29,11.77
2024-10-14,Health & Beauty,OTC,SKU1035,Vitamins,12.98,12.98,9.3,0,114,11.6,12.15,11.99
2024-10-21,Health & Beauty,OTC,SKU1035,Vitamins,12.44,12.44,9.28,0,156,12.36,11.91,11.45
2024-10-28,Health & Beauty,OTC,SKU1035,Vitamins,12.56,12.56,9.33,0,45,12.62,12.42,12.45
2024-11-04,Health & Beauty,OTC,SKU1035,Vitamins,9.77,12.14,9.32,1,321,12.06,12.17,11.81
2024-11-11,Health & Beauty,OTC,SKU1035,Vitamins,12.3,12.3,9.32,0,224,12.09,12.38,11.34
2024-11-18,Health & Beauty,OTC,SKU1035,Vitamins,12.57,12.57,9.36,0,71,12.43,12.43,12.04
2024-11-25,Health & Beauty,OTC,SKU1035,Vitamins,13.3,13.3,9.34,0,88,12.12,12.73,12.04
2024-12-02,Health & Beauty,OTC,SKU1035,Vitamins,12.77,12.77,9.36,0,81,13.16,12.34,12.8
2024-12-09,Health & Beauty,OTC,SKU1035,Vitamins,13.09,13.09,9.36,0,112,12.85,12.29,11.87
2024-12-16,Health & Beauty,OTC,SKU1035,Vitamins,13.61,13.61,9.37,0,61,12.24,13.02,12.13
2024-12-23,Health & Beauty,OTC,SKU1035,Vitamins,13.09,13.09,9.38,0,89,12.44,13.44,11.73
2024-12-30,Health & Beauty,OTC,SKU1035,Vitamins,13.29,13.29,9.4,0,180,12.41,13.01,11.88
2025-01-06,Health & Beauty,OTC,SKU1035,Vitamins,13.66,13.66,9.38,0,131,13.37,13.7,12.11
2025-01-13,Health & Beauty,OTC,SKU1035,Vitamins,13.49,13.49,9.39,0,61,12.41,13.62,12.43
2025-01-20,Health & Beauty,OTC,SKU1035,Vitamins,13.26,13.26,9.4,0,167,12.88,12.86,12.96
2025-01-27,Health & Beauty,OTC,SKU1035,Vitamins,13.9,13.9,9.44,0,128,13.37,13.87,12.76
2025-02-03,Health & Beauty,OTC,SKU1035,Vitamins,14.01,14.01,9.45,0,57,12.88,13.0,12.31
2025-02-10,Health & Beauty,OTC,SKU1035,Vitamins,10.34,13.73,9.41,1,321,13.13,12.51,13.02
2025-02-17,Health & Beauty,OTC,SKU1035,Vitamins,13.59,13.59,9.42,0,72,13.5,13.91,13.35
2025-02-24,Health & Beauty,OTC,SKU1035,Vitamins,13.69,13.69,9.46,0,146,12.78,13.99,12.82
2025-03-03,Health & Beauty,OTC,SKU1035,Vitamins,13.66,13.66,9.46,0,226,13.76,13.52,13.14
2025-03-10,Health & Beauty,OTC,SKU1035,Vitamins,13.88,13.88,9.46,0,220,13.69,13.04,12.66
2025-03-17,Health & Beauty,OTC,SKU1035,Vitamins,13.52,13.52,9.5,0,141,12.93,14.05,12.72
2025-03-24,Health & Beauty,OTC,SKU1035,Vitamins,14.01,14.01,9.51,0,149,14.09,13.55,13.19
2025-03-31,Health & Beauty,OTC,SKU1035,Vitamins,14.01,14.01,9.52,0,186,14.06,13.8,13.21
2025-04-07,Health & Beauty,OTC,SKU1035,Vitamins,13.88,13.88,9.5,0,78,13.54,13.6,12.52
2025-04-14,Health & Beauty,OTC,SKU1035,Vitamins,13.86,13.86,9.51,0,112,13.8,14.56,12.74
2025-04-21,Health & Beauty,OTC,SKU1035,Vitamins,13.72,13.72,9.5,0,154,12.87,13.52,12.7
2025-04-28,Health & Beauty,OTC,SKU1035,Vitamins,13.64,13.64,9.53,0,97,13.66,13.5,12.55
2025-05-05,Health & Beauty,OTC,SKU1035,Vitamins,13.61,13.61,9.51,0,306,14.17,14.55,13.34
2025-05-12,Health & Beauty,OTC,SKU1035,Vitamins,13.44,13.44,9.58,0,217,12.64,12.99,13.09
2025-05-19,Health & Beauty,OTC,SKU1035,Vitamins,12.89,12.89,9.56,0,110,13.74,13.28,11.91
2025-05-26,Health & Beauty,OTC,SKU1035,Vitamins,13.34,13.34,9.53,0,104,13.64,13.29,12.66
2025-06-02,Health & Beauty,OTC,SKU1035,Vitamins,10.67,13.34,9.56,1,160,12.73,12.54,12.38
2025-06-09,Health & Beauty,OTC,SKU1035,Vitamins,10.77,13.23,9.57,1,509,13.45,13.59,12.19
2025-06-16,Health & Beauty,OTC,SKU1035,Vitamins,11.68,12.78,9.59,1,194,12.9,12.73,12.35
2025-06-23,Health & Beauty,OTC,SKU1035,Vitamins,12.58,12.58,9.57,0,120,12.62,13.07,12.51
2025-06-30,Health & Beauty,OTC,SKU1035,Vitamins,13.41,13.41,9.59,0,63,12.64,13.14,12.37
2025-07-07,Health & Beauty,OTC,SKU1035,Vitamins,12.86,12.86,9.59,0,123,12.55,13.05,12.19
2025-07-14,Health & Beauty,OTC,SKU1035,Vitamins,12.17,13.48,9.61,1,149,13.58,12.7,12.95
2025-07-21,Health & Beauty,OTC,SKU1035,Vitamins,13.07,13.07,9.61,0,103,13.16,13.13,12.64
2025-07-28,Health & Beauty,OTC,SKU1035,Vitamins,13.31,13.31,9.63,0,209,12.96,12.94,12.02
2025-08-04,Health & Beauty,OTC,SKU1035,Vitamins,12.68,12.68,9.69,0,54,12.3,12.93,11.49
2025-08-11,Health & Beauty,OTC,SKU1035,Vitamins,12.96,12.96,9.65,0,166,12.71,12.03,11.93
2025-08-18,Health & Beauty,OTC,SKU1035,Vitamins,12.75,12.75,9.68,0,140,12.1,12.36,11.75
2025-08-25,Health & Beauty,OTC,SKU1035,Vitamins,10.84,12.79,9.66,1,447,12.38,12.83,12.26
2025-09-01,Health & Beauty,OTC,SKU1035,Vitamins,12.5,12.5,9.66,0,238,12.15,12.56,11.71
2025-09-08,Health & Beauty,OTC,SKU1035,Vitamins,12.62,12.62,9.68,0,73,12.75,12.17,12.55
2025-09-15,Health & Beauty,OTC,SKU1035,Vitamins,12.87,12.87,9.68,0,64,12.36,12.75,11.29
2025-09-22,Health & Beauty,OTC,SKU1035,Vitamins,12.65,12.65,9.7,0,186,12.74,12.34,12.02
2025-09-29,Health & Beauty,OTC,SKU1035,Vitamins,12.59,12.59,9.71,0,153,11.74,12.98,12.36
2025-10-06,Health & Beauty,OTC,SKU1035,Vitamins,12.49,12.49,9.7,0,180,12.26,12.21,11.54
2025-10-13,Health & Beauty,OTC,SKU1035,Vitamins,13.23,13.23,9.73,0,174,12.24,12.49,12.35
2025-10-20,Health & Beauty,OTC,SKU1035,Vitamins,12.8,12.8,9.7,0,136,12.73,12.37,11.96
2025-10-27,Health & Beauty,OTC,SKU1035,Vitamins,12.68,12.68,9.74,0,229,12.31,12.88,11.67
2025-11-03,Health & Beauty,OTC,SKU1035,Vitamins,12.36,12.36,9.72,0,217,11.53,11.99,12.07
2025-11-10,Health & Beauty,OTC,SKU1035,Vitamins,9.93,12.42,9.75,1,458,12.96,12.38,12.14
2025-11-17,Health & Beauty,OTC,SKU1035,Vitamins,12.24,12.24,9.79,0,163,12.22,12.23,11.26
2025-11-24,Health & Beauty,OTC,SKU1035,Vitamins,12.54,12.54,9.77,0,125,12.39,13.01,12.05
2025-12-01,Health & Beauty,OTC,SKU1035,Vitamins,13.0,13.0,9.76,0,156,12.66,12.5,12.11
2025-12-08,Health & Beauty,OTC,SKU1035,Vitamins,12.51,12.51,9.8,0,230,12.39,12.54,11.87
2025-12-15,Health & Beauty,OTC,SKU1035,Vitamins,12.96,12.96,9.77,0,45,12.51,13.02,12.37
2025-12-22,Health & Beauty,OTC,SKU1035,Vitamins,12.5,12.5,9.81,0,167,13.01,13.21,12.02
