data/pricing_data.csv
week,department,sub_department,sku,product,gt_price,gt_regular_price,cost,promo_flag,units,walmart_price,nofrills_price,dollarama_price
2024-01-01,Health & Beauty,OTC,SKU1036,Allergy Tabs,4.11,4.11,3.03,0,243,3.99,4.11,3.88
2024-01-08,Health & Beauty,OTC,SKU1036,Allergy Tabs,4.12,4.12,3.04,0,153,4.46,4.07,3.95
2024-01-15,Health & Beauty,OTC,SKU1036,Allergy Tabs,4.27,4.27,3.04,0,46,4.16,4.15,3.81
2024-01-22,Health & Beauty,OTC,SKU1036,Allergy Tabs,4.17,4.17,3.04,0,164,4.34,4.23,4.08
2024-01-29,Health & Beauty,OTC,SKU1036,Allergy Tabs,4.28,4.28,3.03,0,190,4.19,4.16,3.87
2024-02-05,Health & Beauty,OTC,SKU1036,Allergy Tabs,4.38,4.38,3.04,0,186,4.41,4.16,4.0
2024-02-12,Health & Beauty,OTC,SKU1036,Allergy Tabs,4.5,4.5,3.04,0,111,4.16,4.3,3.96
2024-02-19,Health & Beauty,OTC,SKU1036,Allergy Tabs,4.37,4.37,3.04,0,229,4.4,4.33,4.29
2024-02-26,Health & Beauty,OTC,SKU1036,Allergy Tabs,4.4,4.4,3.04,0,112,4.14,4.4,4.09
2024-03-04,Health & Beauty,OTC,SKU1036,Allergy Tabs,4.33,4.33,3.05,0,211,4.09,4.47,3.94
2024-03-11,Health & Beauty,OTC,SKU1036,Allergy Tabs,4.36,4.36,3.06,0,124,4.46,4.43,4.03
2024-03-18,Health & Beauty,OTC,SKU1036,Allergy Tabs,4.39,4.39,3.05,0,123,4.39,4.39,4.39
2024-03-25,Health & Beauty,OTC,SKU1036,Allergy Tabs,4.39,4.39,3.06,0,217,4.31,4.4,3.98
2024-04-01,Health & Beauty,OTC,SKU1036,Allergy Tabs,4.36,4.36,3.07,0,219,4.38,4.06,4.43
2024-04-08,Health & Beauty,OTC,SKU1036,Allergy Tabs,4.42,4.42,3.06,0,201,4.15,4.72,4.24
2024-04-15,Health & Beauty,OTC,SKU1036,Allergy Tabs,4.54,4.54,3.08,0,226,4.37,4.05,3.95
2024-04-22,Health & Beauty,OTC,SKU1036,Allergy Tabs,4.53,4.53,3.08,0,51,4.52,4.62,4.09
2024-04-29,Health & Beauty,OTC,SKU1036,Allergy Tabs,4.32,4.32,3.07,0,188,4.16,4.63,4.16
2024-05-06,Health & Beauty,OTC,SKU1036,Allergy Tabs,3.31,4.3,3.07,1,176,4.37,4.31,4.06
2024-05-13,Health & Beauty,OTC,SKU1036,Allergy Tabs,4.33,4.33,3.07,0,119,4.19,4.54,4.22
2024-05-20,Health & Beauty,OTC,SKU1036,Allergy Tabs,4.27,4.27,3.08,0,212,4.17,4.33,4.15
2024-05-27,Health & Beauty,OTC,SKU1036,Allergy Tabs,4.15,4.15,3.08,0,159,4.14,4.19,4.11
2024-06-03,Health & Beauty,OTC,SKU1036,Allergy Tabs,4.32,4.32,3.08,0,61,4.26,4.37,4.02
2024-06-10,Health & Beauty,OTC,SKU1036,Allergy Tabs,4.3,4.3,3.09,0,120,4.45,4.35,4.19
2024-06-17,Health & Beauty,OTC,SKU1036,Allergy Tabs,4.36,4.36,3.09,0,61,4.33,4.56,4.02
2024-06-24,Health & Beauty,OTC,SKU1036,Allergy Tabs,3.33,4.41,3.11,1,95,4.42,4.12,3.87
2024-07-01,Health & Beauty,OTC,SKU1036,Allergy Tabs,4.11,4.11,3.11,0,122,3.93,4.27,3.96
2024-07-08,Health & Beauty,OTC,SKU1036,Allergy Tabs,4.24,4.24,3.11,0,146,4.11,4.35,4.14
2024-07-15,Health & Beauty,OTC,SKU1036,Allergy Tabs,3.55,4.1,3.11,1,413,4.14,4.05,3.78
2024-07-22,Health & Beauty,OTC,SKU1036,Allergy Tabs,4.03,4.03,3.11,0,141,3.96,3.95,3.97
2024-07-29,Health & Beauty,OTC,SKU1036,Allergy Tabs,4.29,4.29,3.11,0,130,4.05,4.08,4.01
2024-08-05,Health & Beauty,OTC,SKU1036,Allergy Tabs,4.09,4.09,3.12,0,56,3.87,4.18,3.81
2024-08-12,Health & Beauty,OTC,SKU1036,Allergy Tabs,3.89,3.89,3.12,0,82,4.18,4.05,3.78
2024-08-19,Health & Beauty,OTC,SKU1036,Allergy Tabs,4.0,4.0,3.12,0,154,3.87,4.06,3.81
2024-08-26,Health & Beauty,OTC,SKU1036,Allergy Tabs,4.09,4.09,3.13,0,64,3.91,4.19,3.87
2024-09-02,Health & Beauty,OTC,SKU1036,Allergy Tabs,3.99,3.99,3.11,0,133,3.85,3.96,3.84
2024-09-09,Health & Beauty,OTC,SKU1036,Allergy Tabs,4.03,4.03,3.13,0,109,3.81,4.0,3.94
2024-09-16,Health & Beauty,OTC,SKU1036,Allergy Tabs,4.08,4.08,3.13,0,188,3.94,3.93,3.84
2024-09-23,Health & Beauty,OTC,SKU1036,Allergy Tabs,3.96,3.96,3.13,0,118,3.96,3.99,3.96
2024-09-30,Health & Beauty,OTC,SKU1036,Allergy Tabs,3.89,3.89,3.13,0,74,3.8,4.03,3.88
2024-10-07,Health & Beauty,OTC,SKU1036,Allergy Tabs,3.89,3.89,3.15,0,180,4.03,4.0,3.77
2024-10-14,Health & Beauty,OTC,SKU1036,Allergy Tabs,3.97,3.97,3.15,0,136,3.96,4.1,3.86
2024-10-21,Health & Beauty,OTC,SKU1036,Allergy Tabs,4.01,4.01,3.14,0,227,4.06,3.79,3.78
2024-10-28,Health & Beauty,OTC,SKU1036,Allergy Tabs,4.12,4.12,3.15,0,90,3.9,4.03,3.84
2024-11-04,Health & Beauty,OTC,SKU1036,Allergy Tabs,4.1,4.1,3.14,0,129,4.09,3.82,3.65
2024-11-11,Health & Beauty,OTC,SKU1036,Allergy Tabs,3.48,4.27,3.15,1,79,4.22,3.96,3.73
2024-11-18,Health & Beauty,OTC,SKU1036,Allergy Tabs,4.19,4.19,3.15,0,159,4.15,4.12,4.02
2024-11-25,Health & Beauty,OTC,SKU1036,Allergy Tabs,3.52,4.13,3.16,1,321,4.11,4.27,3.7
2024-12-02,Health & Beauty,OTC,SKU1036,Allergy Tabs,4.16,4.16,3.15,0,97,4.06,3.91,3.85
2024-12-09,Health & Beauty,OTC,SKU1036,Allergy Tabs,3.54,4.14,3.16,1,384,3.93,4.2,3.93
2024-12-16,Health & Beauty,OTC,SKU1036,Allergy Tabs,4.06,4.06,3.17,0,108,4.21,4.28,3.81
2024-12-23,Health & Beauty,OTC,SKU1036,Allergy Tabs,4.06,4.06,3.15,0,179,3.93,3.9,3.88
2024-12-30,Health & Beauty,OTC,SKU1036,Allergy Tabs,4.07,4.07,3.17,0,80,3.88,4.11,3.98
2025-01-06,Health & Beauty,OTC,SKU1036,Allergy Tabs,4.22,4.22,3.18,0,167,4.04,4.15,3.7
2025-01-13,Health & Beauty,OTC,SKU1036,Allergy Tabs,4.31,4.31,3.19,0,145,4.12,4.27,4.06
2025-01-20,Health & Beauty,OTC,SKU1036,Allergy Tabs,4.16,4.16,3.19,0,188,4.35,4.2,4.45
2025-01-27,Health & Beauty,OTC,SKU1036,Allergy Tabs,4.37,4.37,3.2,0,107,4.24,4.16,4.09
2025-02-03,Health & Beauty,OTC,SKU1036,Allergy Tabs,4.22,4.22,3.19,0,141,4.13,4.47,4.02
2025-02-10,Health & Beauty,OTC,SKU1036,Allergy Tabs,4.41,4.41,3.19,0,153,4.44,4.12,3.85
2025-02-17,Health & Beauty,OTC,SKU1036,Allergy Tabs,4.52,4.52,3.2,0,251,4.32,4.23,4.25
2025-02-24,Health & Beauty,OTC,SKU1036,Allergy Tabs,4.34,4.34,3.19,0,89,4.2,4.62,4.16
2025-03-03,Health & Beauty,OTC,SKU1036,Allergy Tabs,4.34,4.34,3.19,0,74,4.23,4.54,4.06
2025-03-10,Health & Beauty,OTC,SKU1036,Allergy Tabs,4.37,4.37,3.2,0,121,4.47,4.34,4.36
2025-03-17,Health & Beauty,OTC,SKU1036,Allergy Tabs,4.45,4.45,3.19,0,108,4.35,4.42,4.34
2025-03-24,Health & Beauty,OTC,SKU1036,Allergy Tabs,4.61,4.61,3.21,0,103,4.13,4.31,4.09
2025-03-31,Health & Beauty,OTC,SKU1036,Allergy Tabs,4.6,4.6,3.21,0,189,4.24,4.41,4.25
2025-04-07,Health & Beauty,OTC,SKU1036,Allergy Tabs,4.42,4.42,3.21,0,156,4.32,4.05,4.14
2025-04-14,Health & Beauty,OTC,SKU1036,Allergy Tabs,4.46,4.46,3.22,0,100,4.29,4.64,4.03
2025-04-21,Health & Beauty,OTC,SKU1036,Allergy Tabs,3.48,4.48,3.22,1,488,4.36,4.1,4.17
2025-04-28,Health & Beauty,OTC,SKU1036,Allergy Tabs,4.32,4.32,3.21,0,230,4.24,4.42,3.96
2025-05-05,Health & Beauty,OTC,SKU1036,Allergy Tabs,4.3,4.3,3.22,0,129,4.17,4.07,4.22
2025-05-12,Health & Beauty,OTC,SKU1036,Allergy Tabs,4.45,4.45,3.22,0,120,4.16,4.27,4.11
2025-05-19,Health & Beauty,OTC,SKU1036,Allergy Tabs,4.28,4.28,3.22,0,129,3.98,4.25,4.05
2025-05-26,Health & Beauty,OTC,SKU1036,Allergy Tabs,4.18,4.18,3.22,0,175,4.31,4.26,3.86
2025-06-02,Health & Beauty,OTC,SKU1036,Allergy Tabs,4.17,4.17,3.24,0,78,4.27,4.36,4.14
2025-06-09,Health & Beauty,OTC,SKU1036,Allergy Tabs,4.15,4.15,3.23,0,182,4.29,4.22,4.06
2025-06-16,Health & Beauty,OTC,SKU1036,Allergy Tabs,4.23,4.23,3.23,0,183,4.19,3.89,3.95
2025-06-23,Health & Beauty,OTC,SKU1036,Allergy Tabs,4.34,4.34,3.24,0,109,4.08,4.18,4.16
2025-06-30,Health & Beauty,OTC,SKU1036,Allergy Tabs,4.2,4.2,3.25,0,203,4.17,4.33,4.01
2025-07-07,Health & Beauty,OTC,SKU1036,Allergy Tabs,4.23,4.23,3.24,0,95,4.33,4.03,3.8
2025-07-14,Health & Beauty,OTC,SKU1036,Allergy Tabs,4.33,4.33,3.25,0,194,3.94,4.2,4.13
2025-07-21,Health & Beauty,OTC,SKU1036,Allergy Tabs,4.06,4.06,3.24,0,53,4.11,4.21,3.73
2025-07-28,Health & Beauty,OTC,SKU1036,Allergy Tabs,4.37,4.37,3.26,0,42,4.23,4.19,3.96
2025-08-04,Health & Beauty,OTC,SKU1036,Allergy Tabs,4.17,4.17,3.26,0,248,3.95,4.12,3.8
2025-08-11,Health & Beauty,OTC,SKU1036,Allergy Tabs,4.14,4.14,3.26,0,231,4.22,4.34,4.01
2025-08-18,Health & Beauty,OTC,SKU1036,Allergy Tabs,4.04,4.04,3.27,0,258,4.06,4.21,3.92
2025-08-25,Health & Beauty,OTC,SKU1036,Allergy Tabs,4.04,4.04,3.26,0,154,3.89,4.03,3.92
2025-09-01,Health & Beauty,OTC,SKU1036,Allergy Tabs,4.16,4.16,3.26,0,167,4.01,4.01,3.95
2025-09-08,Health & Beauty,OTC,SKU1036,Allergy Tabs,3.95,3.95,3.27,0,195,3.89,4.0,3.64
2025-09-15,Health & Beauty,OTC,SKU1036,Allergy Tabs,4.09,4.09,3.26,0,88,4.1,3.89,3.77
2025-09-22,Health & Beauty,OTC,SKU1036,Allergy Tabs,3.88,3.88,3.29,0,79,3.92,4.16,3.75
2025-09-29,Health & Beauty,OTC,SKU1036,Allergy Tabs,3.96,3.96,3.28,0,270,4.0,3.94,3.59
2025-10-06,Health & Beauty,OTC,SKU1036,Allergy Tabs,3.92,3.92,3.27,0,230,3.84,3.96,3.83
2025-10-13,Health & Beauty,OTC,SKU1036,Allergy Tabs,4.14,4.14,3.28,0,47,3.76,3.95,3.8
2025-10-20,Health & Beauty,OTC,SKU1036,Allergy Tabs,4.06,4.06,3.29,0,221,3.98,3.79,3.78
2025-10-27,Health & Beauty,OTC,SKU1036,Allergy Tabs,4.04,4.04,3.29,0,103,3.91,3.85,3.6
2025-11-03,Health & Beauty,OTC,SKU1036,Allergy Tabs,3.9,3.9,3.29,0,118,3.88,3.93,4.0
2025-11-10,Health & Beauty,OTC,SKU1036,Allergy Tabs,3.53,4.05,3.29,1,127,4.0,3.89,3.73
2025-11-17,Health & Beauty,OTC,SKU1036,Allergy Tabs,4.05,4.05,3.3,0,92,4.03,4.05,3.8
2025-11-24,Health & Beauty,OTC,SKU1036,Allergy Tabs,4.25,4.25,3.31,0,42,4.31,4.22,4.01
2025-12-01,Health & Beauty,OTC,SKU1036,Allergy Tabs,4.16,4.16,3.29,0,180,4.07,3.94,3.92
2025-12-08,Health & Beauty,OTC,SKU1036,Allergy Tabs,4.19,4.19,3.3,0,122,4.29,4.14,4.04
2025-12-15,Health & Beauty,OTC,SKU1036,Allergy Tabs,4.27,4.27,3.31,0,104,4.15,4.33,4.0
2025-12-22,Health & Beauty,OTC,SKU1036,Allergy Tabs,4.16,4.16,3.31,0,104,4.11,4.17,3.87
